Archive member included because of file (symbol)

c:/NXP/bstudio_nxp/workspace/JN-AN-1223-ZigBee-IoT-Gateway-Control-Bridge/Admin/JN-AN-1223-ZigBee-IoT-Gateway-Control-Bridge-v1011/../../../../sdk/JN-SW-4168/Components/Library\libZPSMAC_Mini_JN516x.a(zps_miniMac.o)
                              Diagnostics.o (symbol from plugin) (u16AvApsMessageTxRetry)
c:/NXP/bstudio_nxp/workspace/JN-AN-1223-ZigBee-IoT-Gateway-Control-Bridge/Admin/JN-AN-1223-ZigBee-IoT-Gateway-Control-Bridge-v1011/../../../../sdk/JN-SW-4168/Components/Library\libOS_JN516x.a(os.o)
                              os_gen.o (symbol from plugin) (os_vStart)
c:/NXP/bstudio_nxp/workspace/JN-AN-1223-ZigBee-IoT-Gateway-Control-Bridge/Admin/JN-AN-1223-ZigBee-IoT-Gateway-Control-Bridge-v1011/../../../../sdk/JN-SW-4168/Components/Library\libOS_JN516x.a(os_contirq_JN516x.o)
                              os_irq.o (os_UnclaimedException_W)
c:/NXP/bstudio_nxp/workspace/JN-AN-1223-ZigBee-IoT-Gateway-Control-Bridge/Admin/JN-AN-1223-ZigBee-IoT-Gateway-Control-Bridge-v1011/../../../../sdk/JN-SW-4168/Components/Library\libPWRM_JN516x.a(pwrm.o)
                              app_start.o (symbol from plugin) (PWRM_vManagePower)
c:/NXP/bstudio_nxp/workspace/JN-AN-1223-ZigBee-IoT-Gateway-Control-Bridge/Admin/JN-AN-1223-ZigBee-IoT-Gateway-Control-Bridge-v1011/../../../../sdk/JN-SW-4168/Components/Library\libPWRM_JN516x.a(pwrm_setjmp_JN516x.o)
                              pwrm.o (symbol from plugin) (setjmp)
c:/NXP/bstudio_nxp/workspace/JN-AN-1223-ZigBee-IoT-Gateway-Control-Bridge/Admin/JN-AN-1223-ZigBee-IoT-Gateway-Control-Bridge-v1011/../../../../sdk/JN-SW-4168/Components/Library\libPWRM_JN516x.a(pwrm_cold_start.o)
                              (AppColdStart)
c:/NXP/bstudio_nxp/workspace/JN-AN-1223-ZigBee-IoT-Gateway-Control-Bridge/Admin/JN-AN-1223-ZigBee-IoT-Gateway-Control-Bridge-v1011/../../../../sdk/JN-SW-4168/Components/Library\libPWRM_JN516x.a(pwrm_warm_start.o)
                              (AppWarmStart)
c:/NXP/bstudio_nxp/workspace/JN-AN-1223-ZigBee-IoT-Gateway-Control-Bridge/Admin/JN-AN-1223-ZigBee-IoT-Gateway-Control-Bridge-v1011/../../../../sdk/JN-SW-4168/Components/Library\libAES_SW_JN516x.a(aes_sw_mmo.o)
                              OTA.o (symbol from plugin) (AESSW_vMMOBlockUpdate)
c:/NXP/bstudio_nxp/workspace/JN-AN-1223-ZigBee-IoT-Gateway-Control-Bridge/Admin/JN-AN-1223-ZigBee-IoT-Gateway-Control-Bridge-v1011/../../../../sdk/JN-SW-4168/Components/Library\libPDUM_JN516x.a(pdum_nwk.o)
                              zps_miniMac.o (symbol from plugin) (PDUM_eNPduAllocate)
c:/NXP/bstudio_nxp/workspace/JN-AN-1223-ZigBee-IoT-Gateway-Control-Bridge/Admin/JN-AN-1223-ZigBee-IoT-Gateway-Control-Bridge-v1011/../../../../sdk/JN-SW-4168/Components/Library\libPDUM_JN516x.a(pdum_apl.o)
                              appZdpExtraction.o (symbol from plugin) (PDUM_u16APduInstanceReadNBO)
c:/NXP/bstudio_nxp/workspace/JN-AN-1223-ZigBee-IoT-Gateway-Control-Bridge/Admin/JN-AN-1223-ZigBee-IoT-Gateway-Control-Bridge-v1011/../../../../sdk/JN-SW-4168/Components/Library\libPDUM_JN516x.a(pdum.o)
                              pdum_nwk.o (symbol from plugin) (PDUM_u16SizeNBO)
c:/NXP/bstudio_nxp/workspace/JN-AN-1223-ZigBee-IoT-Gateway-Control-Bridge/Admin/JN-AN-1223-ZigBee-IoT-Gateway-Control-Bridge-v1011/../../../../sdk/JN-SW-4168/Components/Library\libZPSAPL_JN516x.a(zps_apl_af.o)
                              app_start.o (symbol from plugin) (ZPS_eAplAfInit)
c:/NXP/bstudio_nxp/workspace/JN-AN-1223-ZigBee-IoT-Gateway-Control-Bridge/Admin/JN-AN-1223-ZigBee-IoT-Gateway-Control-Bridge-v1011/../../../../sdk/JN-SW-4168/Components/Library\libZPSAPL_JN516x.a(zps_apl_af_apsde.o)
                              zps_gen.o (symbol from plugin) (zps_vHandleApsdeDataFragInd)
c:/NXP/bstudio_nxp/workspace/JN-AN-1223-ZigBee-IoT-Gateway-Control-Bridge/Admin/JN-AN-1223-ZigBee-IoT-Gateway-Control-Bridge-v1011/../../../../sdk/JN-SW-4168/Components/Library\libZPSAPL_JN516x.a(zps_apl_task.o)
                              zps_apl_af_apsde.o (symbol from plugin) (zps_vAplAfPostEvent)
c:/NXP/bstudio_nxp/workspace/JN-AN-1223-ZigBee-IoT-Gateway-Control-Bridge/Admin/JN-AN-1223-ZigBee-IoT-Gateway-Control-Bridge-v1011/../../../../sdk/JN-SW-4168/Components/Library\libZPSAPL_JN516x.a(zps_apl_apsde.o)
                              zps_apl_task.o (symbol from plugin) (ZPS_vAplRegisterApsdeDcfmIndCallbacks)
c:/NXP/bstudio_nxp/workspace/JN-AN-1223-ZigBee-IoT-Gateway-Control-Bridge/Admin/JN-AN-1223-ZigBee-IoT-Gateway-Control-Bridge-v1011/../../../../sdk/JN-SW-4168/Components/Library\libZPSAPL_JN516x.a(zps_apl_apsme.o)
                              zps_apl_task.o (symbol from plugin) (ZPS_vAplRegisterApsmeDcfmIndCallbacks)
c:/NXP/bstudio_nxp/workspace/JN-AN-1223-ZigBee-IoT-Gateway-Control-Bridge/Admin/JN-AN-1223-ZigBee-IoT-Gateway-Control-Bridge-v1011/../../../../sdk/JN-SW-4168/Components/Library\libZPSAPL_JN516x.a(zps_apl_aps_nlde.o)
[...]
Memory Configuration

Name             Origin             Length             Attributes
flash            0x0000000000080000 0x0000000000080000
ram              0x000000000400004c 0x0000000000007fb4
*default*        0x0000000000000000 0xffffffffffffffff

Linker script and memory map

                0x0000000000001964                __stack_size = 0x1964
                0x00000000000007d0                __minimum_heap_size = 0x7d0
START GROUP
LOAD os_gen.o
LOAD C:\Users\nxf09282\AppData\Local\Temp\ccJZhFnf.ltrans0.ltrans.o
LOAD C:\Users\nxf09282\AppData\Local\Temp\ccJZhFnf.ltrans1.ltrans.o
LOAD C:\Users\nxf09282\AppData\Local\Temp\ccJZhFnf.ltrans2.ltrans.o
LOAD C:\Users\nxf09282\AppData\Local\Temp\ccJZhFnf.ltrans3.ltrans.o
LOAD C:\Users\nxf09282\AppData\Local\Temp\ccJZhFnf.ltrans4.ltrans.o
LOAD C:\Users\nxf09282\AppData\Local\Temp\ccJZhFnf.ltrans5.ltrans.o
LOAD C:\Users\nxf09282\AppData\Local\Temp\ccJZhFnf.ltrans6.ltrans.o
LOAD C:\Users\nxf09282\AppData\Local\Temp\ccJZhFnf.ltrans7.ltrans.o
LOAD C:\Users\nxf09282\AppData\Local\Temp\ccJZhFnf.ltrans8.ltrans.o
LOAD C:\Users\nxf09282\AppData\Local\Temp\ccJZhFnf.ltrans9.ltrans.o
LOAD C:\Users\nxf09282\AppData\Local\Temp\ccJZhFnf.ltrans10.ltrans.o
LOAD C:\Users\nxf09282\AppData\Local\Temp\ccJZhFnf.ltrans11.ltrans.o
LOAD C:\Users\nxf09282\AppData\Local\Temp\ccJZhFnf.ltrans12.ltrans.o
LOAD C:\Users\nxf09282\AppData\Local\Temp\ccJZhFnf.ltrans13.ltrans.o
LOAD C:\Users\nxf09282\AppData\Local\Temp\ccJZhFnf.ltrans14.ltrans.o
LOAD C:\Users\nxf09282\AppData\Local\Temp\ccJZhFnf.ltrans15.ltrans.o
LOAD C:\Users\nxf09282\AppData\Local\Temp\ccJZhFnf.ltrans16.ltrans.o
LOAD C:\Users\nxf09282\AppData\Local\Temp\ccJZhFnf.ltrans17.ltrans.o
LOAD C:\Users\nxf09282\AppData\Local\Temp\ccJZhFnf.ltrans18.ltrans.o
LOAD C:\Users\nxf09282\AppData\Local\Temp\ccJZhFnf.ltrans19.ltrans.o
LOAD C:\Users\nxf09282\AppData\Local\Temp\ccJZhFnf.ltrans20.ltrans.o
LOAD C:\Users\nxf09282\AppData\Local\Temp\ccJZhFnf.ltrans21.ltrans.o
LOAD C:\Users\nxf09282\AppData\Local\Temp\ccJZhFnf.ltrans22.ltrans.o
LOAD C:\Users\nxf09282\AppData\Local\Temp\ccJZhFnf.ltrans23.ltrans.o
LOAD C:\Users\nxf09282\AppData\Local\Temp\ccJZhFnf.ltrans24.ltrans.o
LOAD C:\Users\nxf09282\AppData\Local\Temp\ccJZhFnf.ltrans25.ltrans.o
LOAD C:\Users\nxf09282\AppData\Local\Temp\ccJZhFnf.ltrans26.ltrans.o
LOAD C:\Users\nxf09282\AppData\Local\Temp\ccJZhFnf.ltrans27.ltrans.o
LOAD C:\Users\nxf09282\AppData\Local\Temp\ccJZhFnf.ltrans28.ltrans.o
LOAD C:\Users\nxf09282\AppData\Local\Temp\ccJZhFnf.ltrans29.ltrans.o
LOAD C:\Users\nxf09282\AppData\Local\Temp\ccJZhFnf.ltrans30.ltrans.o
LOAD C:\Users\nxf09282\AppData\Local\Temp\ccJZhFnf.ltrans31.ltrans.o
LOAD c:/nxp/bstudio_nxp/sdk/tools/ba-elf-ba2-r36379/bin/../lib/gcc/ba-elf/4.7.4/../../../../ba-elf/lib/mcpu_jn51xx_sizeopt\libc.a
LOAD c:/nxp/bstudio_nxp/sdk/tools/ba-elf-ba2-r36379/bin/../lib/gcc/ba-elf/4.7.4/mcpu_jn51xx_sizeopt\libgcc.a
LOAD c:/nxp/bstudio_nxp/sdk/tools/ba-elf-ba2-r36379/bin/../lib/gcc/ba-elf/4.7.4/../../../../ba-elf/lib/mcpu_jn51xx_sizeopt\libc.a
LOAD os_irq.o
LOAD os_irq_alignment.o
LOAD os_irq_buserror.o
LOAD os_irq_illegalinstruction.o
LOAD os_irq_stackoverflowexception.o
LOAD os_irq_unimplementedmodule.o
LOAD pdum_gen.o
LOAD zps_gen.o
LOAD app_Znc_cmds.o
LOAD app_Znc_zcltask.o
LOAD app_ZncParser_task.o
LOAD app_ZncCommission_task.o
LOAD app_start.o
LOAD SerialLink.o
LOAD uart.o
LOAD NumToString.o
LOAD app_timer_driver.o
LOAD ecb_decrypt.o
LOAD appZpsBeaconHandler.o
LOAD appZdpExtraction.o
LOAD pdum_apdu.o
LOAD app_scenes.o
LOAD app_ota_server.o
LOAD app_poll_control_commands_handler.o
LOAD Alarms.o
LOAD AlarmsClientCommands.o
LOAD AlarmsCommandHandler.o
LOAD AlarmsServerCommands.o
LOAD AlarmsTableManager.o
LOAD AnalogInputBasic.o
LOAD AnalogOutputBasic.o
LOAD Basic.o
LOAD BasicClientCommands.o
LOAD BasicCommandHandler.o
LOAD BinaryInputBasic.o
LOAD BinaryOutputBasic.o
LOAD Commissioning.o
LOAD DeviceTemperatureConfiguration.o
LOAD Diagnostics.o
LOAD DoorLock.o
LOAD DoorLockCommandHandler.o
LOAD DoorLockCommands.o
LOAD ElectricalMeasurement.o
LOAD Groups.o
LOAD GroupsClientCommands.o
LOAD GroupsCommandHandler.o
LOAD GroupsServerCommands.o
LOAD GroupsTableManager.o
LOAD Identify.o
LOAD IdentifyClientCommands.o
LOAD IdentifyCommandHandler.o
LOAD IdentifyServerCommands.o
LOAD LevelControl.o
LOAD LevelControlClientCommands.o
LOAD LevelControlCommandHandler.o
LOAD MultistateInputBasic.o
LOAD MultistateOutputBasic.o
LOAD OOSC.o
LOAD OnOff.o
LOAD OnOffCommandHandler.o
LOAD OnOffCommands.o
LOAD PollControl.o
LOAD PollControlClientCommands.o
LOAD PollControlCommandHandler.o
LOAD PollControlServerCommands.o
LOAD PowerConfiguration.o
LOAD Scenes.o
LOAD ScenesClientCommands.o
LOAD ScenesClusterManagement.o
LOAD ScenesCommandHandler.o
LOAD ScenesServerCommands.o
LOAD ScenesTableManager.o
LOAD TC.o
LOAD Time.o
LOAD FlowMeasurement.o
LOAD IlluminanceLevelSensing.o
LOAD IlluminanceMeasurement.o
LOAD OccupancySensing.o
LOAD PressureMeasurement.o
LOAD RelativeHumidityMeasurement.o
LOAD TemperatureMeasurement.o
LOAD zll_CommissionCmdHandler.o
LOAD zll_UtilityCmdHandler.o
LOAD zll_commission.o
LOAD zll_utility.o
LOAD colour_light.o
LOAD colour_remote.o
LOAD colour_scene_remote.o
LOAD colour_temperature_light.o
LOAD commission_endpoint.o
LOAD control_bridge.o
LOAD dimmable_light.o
LOAD dimmable_plug.o
LOAD extended_colour_light.o
LOAD non_colour_remote.o
LOAD non_colour_scene_remote.o
LOAD on_off_light.o
LOAD on_off_plug.o
LOAD on_off_sensor.o
LOAD zll.o
LOAD BallastConfiguration.o
LOAD ColourControl.o
LOAD ColourControlClientCommands.o
LOAD ColourControlCommandHandler.o
LOAD ColourControlConversions.o
LOAD ApplianceControl.o
LOAD ApplianceControlClientCommands.o
LOAD ApplianceControlCommandHandler.o
LOAD ApplianceControlServerCommands.o
LOAD ApplianceEventsAndAlerts.o
LOAD ApplianceEventsAndAlertsClientCommands.o
LOAD ApplianceEventsAndAlertsCommandHandler.o
LOAD ApplianceEventsAndAlertsServerCommands.o
LOAD ApplianceIdentification.o
LOAD ApplianceStatistics.o
LOAD ApplianceStatisticsClientCommands.o
LOAD ApplianceStatisticsCommandHandler.o
LOAD ApplianceStatisticsServerCommands.o
LOAD PowerProfile.o
LOAD PowerProfileClientCommands.o
LOAD PowerProfileCommandHandler.o
LOAD PowerProfileServerCommands.o
LOAD home_gateway.o
LOAD white_goods.o
LOAD FanControl.o
LOAD Thermostat.o
LOAD ThermostatCommandHandler.o
LOAD ThermostatCommands.o
LOAD ThermostatUIConfig.o
LOAD temperature_sensor.o
LOAD thermostat_device.o
LOAD DRLC.o
LOAD DRLCCommandCanceAlllLoadControlEvents.o
LOAD DRLCCommandCancelLoadControlEvent.o
LOAD DRLCCommandGetScheduledEvents.o
LOAD DRLCCommandHandler.o
LOAD DRLCCommandLoadControlEvent.o
LOAD DRLCCommandReportEventStatus.o
LOAD DRLCCustomCommandResponsesClient.o
LOAD DRLCCustomCommandResponsesServer.o
LOAD DRLCEffectiveTime.o
LOAD DRLCScheduler.o
LOAD DRLCTableManagerNoMutex.o
LOAD DRLCTableManagerServer.o
LOAD DRLCUserEventOptInOut.o
LOAD Price.o
LOAD PriceBlockPeriodTableManager.o
LOAD PriceCalorificValueTableManager.o
LOAD PriceCommandGetBlockPeriod.o
LOAD PriceCommandGetCalorificValue.o
LOAD PriceCommandGetConversionFactor.o
LOAD PriceCommandGetCurrentPrice.o
LOAD PriceCommandGetScheduledPrices.o
LOAD PriceCommandPriceAck.o
LOAD PriceCommandPublishBlockPeriod.o
LOAD PriceCommandPublishBlockPeriodReceive.o
LOAD PriceCommandPublishCalorificValue.o
LOAD PriceCommandPublishCalorificValueReceive.o
LOAD PriceCommandPublishConversionFactor.o
LOAD PriceCommandPublishConversionFactorReceive.o
LOAD PriceCommandPublishPrice.o
LOAD PriceCommandPublishPriceReceive.o
LOAD PriceConversionFactorTableManager.o
LOAD PriceCustomCommandHandler.o
LOAD PriceCustomCommandResponses.o
LOAD PriceScheduler.o
LOAD PriceServerAttributeManager.o
LOAD PriceTableManager.o
LOAD SimpleMetering.o
LOAD SimpleMeteringCommandHandler.o
LOAD SimpleMetering_SendRequest.o
LOAD IASACE.o
LOAD IASACEClientCommands.o
LOAD IASACECommandHandler.o
LOAD IASACEServerCommands.o
LOAD IASWD.o
LOAD IASWDCommandHandler.o
LOAD IASWDCommands.o
LOAD IASZone.o
LOAD IASZoneCommandHandler.o
LOAD IASZoneCommands.o
LOAD ancillary_control_equipment.o
LOAD control_and_indicating_equipment.o
LOAD warning_device.o
LOAD zone.o
LOAD dlist.o
LOAD zcl.o
LOAD zcl_CustomCommandReceive.o
LOAD zcl_CustomCommandSend.o
LOAD zcl_PDUbufferReadWrite.o
LOAD zcl_PDUbufferReadWriteString.o
LOAD zcl_WriteAttributesRequestHandle.o
LOAD zcl_WriteAttributesRequestSend.o
LOAD zcl_WriteAttributesResponseHandle.o
LOAD zcl_attribute.o
LOAD zcl_buffer.o
LOAD zcl_clusterCommand.o
LOAD zcl_command.o
LOAD zcl_configureReportingCommandHandle.o
LOAD zcl_configureReportingCommandSend.o
LOAD zcl_configureReportingResponseHandle.o
LOAD zcl_defaultResponse.o
LOAD zcl_discoverAttributesExtendedRequestHandle.o
LOAD zcl_discoverAttributesExtendedRequestSend.o
LOAD zcl_discoverAttributesExtendedResponseHandle.o
LOAD zcl_discoverAttributesRequestHandle.o
LOAD zcl_discoverAttributesRequestSend.o
LOAD zcl_discoverAttributesResponseHandle.o
LOAD zcl_discoverCommandsRequestHandle.o
LOAD zcl_discoverCommandsRequestSend.o
LOAD zcl_discoverCommandsResponseHandle.o
LOAD zcl_event.o
LOAD zcl_heap.o
LOAD zcl_library_options.o
LOAD zcl_readAttributesRequestHandle.o
LOAD zcl_readAttributesRequestSend.o
LOAD zcl_readAttributesResponseHandle.o
LOAD zcl_readReportingConfigurationCommandHandle.o
LOAD zcl_readReportingConfigurationCommandSend.o
LOAD zcl_readReportingConfigurationResponseHandle.o
LOAD zcl_reportManager.o
LOAD zcl_reportMaths.o
LOAD zcl_reportScheduler.o
LOAD zcl_reportStringHandling.o
LOAD zcl_reportStructure.o
LOAD zcl_search.o
LOAD zcl_timer.o
LOAD zcl_transmit.o
LOAD OTA.o
LOAD OTA_ClientUpgradeManager.o
LOAD OTA_CustomCommandHandler.o
LOAD OTA_CustomReceiveCommands.o
LOAD OTA_ServerUpgradeManager.o
LOAD OTA_client.o
LOAD OTA_common.o
LOAD OTA_server.o
LOAD c:/NXP/bstudio_nxp/workspace/JN-AN-1223-ZigBee-IoT-Gateway-Control-Bridge/Admin/JN-AN-1223-ZigBee-IoT-Gateway-Control-Bridge-v1011/../../../../sdk/JN-SW-4168/Components/Library\libZPSMAC_Mini_JN516x.a
LOAD c:/NXP/bstudio_nxp/workspace/JN-AN-1223-ZigBee-IoT-Gateway-Control-Bridge/Admin/JN-AN-1223-ZigBee-IoT-Gateway-Control-Bridge-v1011/../../../../sdk/JN-SW-4168/Components/Library\libOS_JN516x.a
LOAD c:/NXP/bstudio_nxp/workspace/JN-AN-1223-ZigBee-IoT-Gateway-Control-Bridge/Admin/JN-AN-1223-ZigBee-IoT-Gateway-Control-Bridge-v1011/../../../../sdk/JN-SW-4168/Components/Library\libPWRM_JN516x.a
LOAD c:/NXP/bstudio_nxp/workspace/JN-AN-1223-ZigBee-IoT-Gateway-Control-Bridge/Admin/JN-AN-1223-ZigBee-IoT-Gateway-Control-Bridge-v1011/../../../../sdk/JN-SW-4168/Components/Library\libZPSTSV_JN516x.a
LOAD c:/NXP/bstudio_nxp/workspace/JN-AN-1223-ZigBee-IoT-Gateway-Control-Bridge/Admin/JN-AN-1223-ZigBee-IoT-Gateway-Control-Bridge-v1011/../../../../sdk/JN-SW-4168/Components/Library\libAES_SW_JN516x.a
LOAD c:/NXP/bstudio_nxp/workspace/JN-AN-1223-ZigBee-IoT-Gateway-Control-Bridge/Admin/JN-AN-1223-ZigBee-IoT-Gateway-Control-Bridge-v1011/../../../../sdk/JN-SW-4168/Components/Library\libPDUM_JN516x.a
LOAD c:/NXP/bstudio_nxp/workspace/JN-AN-1223-ZigBee-IoT-Gateway-Control-Bridge/Admin/JN-AN-1223-ZigBee-IoT-Gateway-Control-Bridge-v1011/../../../../sdk/JN-SW-4168/Components/Library\libZPSAPL_JN516x.a
LOAD c:/NXP/bstudio_nxp/workspace/JN-AN-1223-ZigBee-IoT-Gateway-Control-Bridge/Admin/JN-AN-1223-ZigBee-IoT-Gateway-Control-Bridge-v1011/../../../../sdk/JN-SW-4168/Components/Library\libRandom_JN516x.a
LOAD c:/NXP/bstudio_nxp/workspace/JN-AN-1223-ZigBee-IoT-Gateway-Control-Bridge/Admin/JN-AN-1223-ZigBee-IoT-Gateway-Control-Bridge-v1011/../../../../sdk/JN-SW-4168/Components/Library\libPDM_EEPROM_JN516x.a
LOAD c:/NXP/bstudio_nxp/workspace/JN-AN-1223-ZigBee-IoT-Gateway-Control-Bridge/Admin/JN-AN-1223-ZigBee-IoT-Gateway-Control-Bridge-v1011/../../../../sdk/JN-SW-4168/Components/Library\libDBG_JN516x.a
LOAD c:/NXP/bstudio_nxp/workspace/JN-AN-1223-ZigBee-IoT-Gateway-Control-Bridge/Admin/JN-AN-1223-ZigBee-IoT-Gateway-Control-Bridge-v1011/../../../../sdk/JN-SW-4168/Components/Library\libZPSZLL_JN516x.a
LOAD c:/NXP/bstudio_nxp/workspace/JN-AN-1223-ZigBee-IoT-Gateway-Control-Bridge/Admin/JN-AN-1223-ZigBee-IoT-Gateway-Control-Bridge-v1011/../../../../sdk/JN-SW-4168/Components/Library\libZPSNWK_JN516x.a
LOAD c:/NXP/bstudio_nxp/workspace/JN-AN-1223-ZigBee-IoT-Gateway-Control-Bridge/Admin/JN-AN-1223-ZigBee-IoT-Gateway-Control-Bridge-v1011/../../../../sdk/JN-SW-4168/Components/Library\libMiniMac_JN5169.a
LOAD c:/NXP/bstudio_nxp/workspace/JN-AN-1223-ZigBee-IoT-Gateway-Control-Bridge/Admin/JN-AN-1223-ZigBee-IoT-Gateway-Control-Bridge-v1011/../../../../sdk/JN-SW-4168/Components/Library\libMiniMacShim_JN516x.a
LOAD c:/NXP/bstudio_nxp/workspace/JN-AN-1223-ZigBee-IoT-Gateway-Control-Bridge/Admin/JN-AN-1223-ZigBee-IoT-Gateway-Control-Bridge-v1011/../../../../sdk/JN-SW-4168/Components/Library\libMMAC_JN5169.a
LOAD c:/NXP/bstudio_nxp/workspace/JN-AN-1223-ZigBee-IoT-Gateway-Control-Bridge/Admin/JN-AN-1223-ZigBee-IoT-Gateway-Control-Bridge-v1011/../../../../sdk/JN-SW-4168/Components/Library\libJPT_JN5169.a
LOAD c:/NXP/bstudio_nxp/workspace/JN-AN-1223-ZigBee-IoT-Gateway-Control-Bridge/Admin/JN-AN-1223-ZigBee-IoT-Gateway-Control-Bridge-v1011/../../../../sdk/JN-SW-4168/Components/Library\libAes_JN516x.a
LOAD c:/NXP/bstudio_nxp/workspace/JN-AN-1223-ZigBee-IoT-Gateway-Control-Bridge/Admin/JN-AN-1223-ZigBee-IoT-Gateway-Control-Bridge-v1011/../../../../sdk/JN-SW-4168/Components/Library\libHardwareApi_JN5169.a
LOAD c:/NXP/bstudio_nxp/workspace/JN-AN-1223-ZigBee-IoT-Gateway-Control-Bridge/Admin/JN-AN-1223-ZigBee-IoT-Gateway-Control-Bridge-v1011/../../../../sdk/JN-SW-4168/Components/Library\libMicroSpecific_JN516x.a
LOAD c:/NXP/bstudio_nxp/workspace/JN-AN-1223-ZigBee-IoT-Gateway-Control-Bridge/Admin/JN-AN-1223-ZigBee-IoT-Gateway-Control-Bridge-v1011/../../../../sdk/JN-SW-4168/Components/Library\libBoot_JN516x.a
LOAD c:/NXP/bstudio_nxp/workspace/JN-AN-1223-ZigBee-IoT-Gateway-Control-Bridge/Admin/JN-AN-1223-ZigBee-IoT-Gateway-Control-Bridge-v1011/../../../../sdk/JN-SW-4168/Platform/DK2/Library\libBoardLib_JN516x.a
LOAD c:/nxp/bstudio_nxp/sdk/tools/ba-elf-ba2-r36379/bin/../lib/gcc/ba-elf/4.7.4/../../../../ba-elf/lib/mcpu_jn51xx_sizeopt\libm.a
END GROUP
LOAD c:/nxp/bstudio_nxp/sdk/tools/ba-elf-ba2-r36379/bin/../lib/gcc/ba-elf/4.7.4/../../../../ba-elf/lib/mcpu_jn51xx_sizeopt\libc.a
LOAD c:/nxp/bstudio_nxp/sdk/tools/ba-elf-ba2-r36379/bin/../lib/gcc/ba-elf/4.7.4/mcpu_jn51xx_sizeopt\libgcc.a
LOAD c:/nxp/bstudio_nxp/sdk/tools/ba-elf-ba2-r36379/bin/../lib/gcc/ba-elf/4.7.4/../../../../ba-elf/lib/mcpu_jn51xx_sizeopt\libc.a
                0x0000000000080038                exception_vsr_table = 0x80038
                0x0000000004000000                pSPIflashFncTable = 0x4000000
                0x0000000000000044                restore_state = 0x44
                0x000000000000004a                bZSPIWaitWIPClear = 0x4a
                0x0000000000000050                u16ZSPIflashRDID = 0x50
                0x0000000000000056                u8SelectFlashChipType = 0x56
                0x000000000000005c                memcpy = 0x5c
                0x0000000000000066                vBootFlashProg = 0x66
                [0x00000000000007d0]                __minimum_heap_size = DEFINED (__minimum_heap_size)?__minimum_heap_size:0xd16
                [0x0000000000001964]                __stack_size = DEFINED (__stack_size)?__stack_size:0x800
                0x0000000000000000                _SwConfig = (DEFINED (g_bSWConf_Debug) | (DEFINED (g_bSWConf_AltDebugPort) << 0x1))

.version        0x000000000007fffc        0x4
                0x000000000007fffc        0x4 LONG 0xf03000b

.bir            0x0000000000080000       0x10
                0x0000000000080000                _flash_start = ABSOLUTE (.)
                0x0000000000080000                _flash_beg = ABSOLUTE (.)
                0x0000000000080000        0x4 LONG 0x12345678
                0x0000000000080004        0x4 LONG 0x11223344
                0x0000000000080008        0x4 LONG 0x55667788
                0x000000000008000c        0x1 BYTE 0x8
                0x000000000008000d        0x1 BYTE 0x1
                0x000000000008000e        0x2 SHORT 0x0

.flashheader    0x0000000000080010       0x28
                0x0000000000080010        0x4 LONG 0x0
                0x0000000000080014        0x4 LONG 0x0
                0x0000000000080018        0x4 LONG 0x0
                0x000000000008001c        0x2 SHORT 0x0
                0x000000000008001e        0x2 SHORT 0x0 ABSOLUTE (_SwConfig)
                0x0000000000080020                _enc_start = ABSOLUTE (.)
                0x0000000000080020        0x4 LONG 0x2ef9c ABSOLUTE (_image_len)
                0x0000000000080024        0x4 LONG 0xae650 ABSOLUTE (_flash_data_start)
                0x0000000000080028        0x2 SHORT 0x13 ((ABSOLUTE (_ram_data_start) / 0x4) & 0xffff)
                0x000000000008002a        0x2 SHORT 0x253 ((ABSOLUTE (_ram_data_len) / 0x4) & 0xffff)
                0x000000000008002c        0x2 SHORT 0x266 ((ABSOLUTE (_bss_start) / 0x4) & 0xffff)
                0x000000000008002e        0x2 SHORT 0x1512 ((ABSOLUTE (_bss_len) / 0x4) & 0xffff)
                0x0000000000080030        0x4 LONG 0xad8c7 ABSOLUTE (AppWarmStart)
                0x0000000000080034        0x4 LONG 0xad8e3 ABSOLUTE (AppColdStart)
                0x0000000000000000                _enc_offset = (_enc_start & 0xf)

.ro_mac_address
                0x0000000000080040       0x10
                0x0000000000080040                _FlsMACAddress = ABSOLUTE (.)
 *(.ro_mac_address)
 .ro_mac_address
                0x0000000000080040        0x8 C:\Users\nxf09282\AppData\Local\Temp\ccJZhFnf.ltrans10.ltrans.o
                0x0000000000080050                . = ALIGN (0x10)
 *fill*         0x0000000000080048        0x8 00

.ro_ota_header  0x0000000000080050       0x50
                0x0000000000080050                _FlsOtaHeader = ABSOLUTE (.)
 *(.ro_ota_header)
 .ro_ota_header
                0x0000000000080050       0x45 C:\Users\nxf09282\AppData\Local\Temp\ccJZhFnf.ltrans10.ltrans.o
                0x00000000000800a0                . = ALIGN (0x10)
 *fill*         0x0000000000080095        0xb 00

.ro_se_lnkKey   0x00000000000800a0        0x0
                0x00000000000800a0                _FlsLinkKey = ABSOLUTE (.)
 *(.ro_se_lnkKey)
                0x00000000000800a0                . = ALIGN (0x10)

.rodata         0x00000000000800a0     0x23f8
 *(.rodata*)
 .rodata.str1.1
                0x00000000000800a0      0x30d C:\Users\nxf09282\AppData\Local\Temp\ccJZhFnf.ltrans0.ltrans.o
                                        0x321 (size before relaxing)
 .rodata.str1.1
                0x00000000000803ad       0xad C:\Users\nxf09282\AppData\Local\Temp\ccJZhFnf.ltrans1.ltrans.o
 *fill*         0x000000000008045a        0x2 00
 .rodata        0x000000000008045c      0x18c C:\Users\nxf09282\AppData\Local\Temp\ccJZhFnf.ltrans1.ltrans.o
 .rodata.str1.1
                0x00000000000805e8      0x1dd C:\Users\nxf09282\AppData\Local\Temp\ccJZhFnf.ltrans2.ltrans.o
                                        0x1f3 (size before relaxing)
 .rodata.str1.1
                0x00000000000807c5        0x6 C:\Users\nxf09282\AppData\Local\Temp\ccJZhFnf.ltrans3.ltrans.o
 *fill*         0x00000000000807cb        0x1 00
 .rodata        0x00000000000807cc       0x10 C:\Users\nxf09282\AppData\Local\Temp\ccJZhFnf.ltrans3.ltrans.o
 .rodata.str1.1
                0x0000000000000000        0x6 C:\Users\nxf09282\AppData\Local\Temp\ccJZhFnf.ltrans4.ltrans.o
                                         0x10 (size before relaxing)
 .rodata        0x00000000000807dc       0xac C:\Users\nxf09282\AppData\Local\Temp\ccJZhFnf.ltrans4.ltrans.o
 .rodata.str1.1
                0x0000000000000000        0x6 C:\Users\nxf09282\AppData\Local\Temp\ccJZhFnf.ltrans5.ltrans.o
                                          0x7 (size before relaxing)
 .rodata.str1.1
                0x0000000000080888       0xb0 C:\Users\nxf09282\AppData\Local\Temp\ccJZhFnf.ltrans6.ltrans.o
                                         0xb8 (size before relaxing)
 .rodata.str1.1
                0x0000000000080938       0x12 C:\Users\nxf09282\AppData\Local\Temp\ccJZhFnf.ltrans7.ltrans.o
                                         0x16 (size before relaxing)
 .rodata.str1.1
                0x000000000008094a       0x1f C:\Users\nxf09282\AppData\Local\Temp\ccJZhFnf.ltrans8.ltrans.o
 .rodata.str1.1
                0x0000000000080969       0x31 C:\Users\nxf09282\AppData\Local\Temp\ccJZhFnf.ltrans9.ltrans.o
                                         0x51 (size before relaxing)
 .rodata        0x000000000008099a      0x105 C:\Users\nxf09282\AppData\Local\Temp\ccJZhFnf.ltrans10.ltrans.o
 .rodata.str1.1
                0x0000000000080a9f       0xe6 C:\Users\nxf09282\AppData\Local\Temp\ccJZhFnf.ltrans10.ltrans.o
                                         0xfd (size before relaxing)
 .rodata.str1.1
                0x0000000000000000        0x6 C:\Users\nxf09282\AppData\Local\Temp\ccJZhFnf.ltrans11.ltrans.o
 *fill*         0x0000000000080b85        0x3 00
 .rodata        0x0000000000080b88       0x50 C:\Users\nxf09282\AppData\Local\Temp\ccJZhFnf.ltrans11.ltrans.o
                0x0000000000080b88                pfnCallbackMcps
                0x0000000000080b8c                g_u32NwkFcSaveCountBitShift
 .rodata.str1.1
                0x0000000000080bd8        0x5 C:\Users\nxf09282\AppData\Local\Temp\ccJZhFnf.ltrans12.ltrans.o
 .rodata.str1.1
                0x0000000000080bdd      0x6a4 C:\Users\nxf09282\AppData\Local\Temp\ccJZhFnf.ltrans13.ltrans.o
 .rodata        0x0000000000081281        0x8 C:\Users\nxf09282\AppData\Local\Temp\ccJZhFnf.ltrans13.ltrans.o
 .rodata.str1.1
                0x0000000000081289        0x5 C:\Users\nxf09282\AppData\Local\Temp\ccJZhFnf.ltrans14.ltrans.o
                                         0x17 (size before relaxing)
 .rodata.str1.1
                0x0000000000000000        0x3 C:\Users\nxf09282\AppData\Local\Temp\ccJZhFnf.ltrans15.ltrans.o
 .rodata.str1.1
                0x0000000000000000        0x4 C:\Users\nxf09282\AppData\Local\Temp\ccJZhFnf.ltrans16.ltrans.o
 *fill*         0x000000000008128e        0x2 00
 .rodata        0x0000000000081290       0x14 C:\Users\nxf09282\AppData\Local\Temp\ccJZhFnf.ltrans16.ltrans.o
                0x0000000000081290                gMAC_u8MaxBuffers
                0x0000000000081294                g_u32ApsFcSaveCountBitShift
                0x0000000000081298                u8MaxZpsConfigEp
                0x0000000000081299                au8EpMapPresent
                0x000000000008129c                s_groupPdmTable
 .rodata.str1.1
                0x00000000000812a4       0x11 C:\Users\nxf09282\AppData\Local\Temp\ccJZhFnf.ltrans17.ltrans.o
                                         0x20 (size before relaxing)
 .rodata.str1.1
                0x00000000000812b5       0x15 C:\Users\nxf09282\AppData\Local\Temp\ccJZhFnf.ltrans18.ltrans.o
                                         0x20 (size before relaxing)
 .rodata        0x00000000000812ca        0x7 C:\Users\nxf09282\AppData\Local\Temp\ccJZhFnf.ltrans18.ltrans.o
                0x00000000000812ca                u8MacNwkTriesTimeout
 .rodata.str1.1
                0x00000000000812d1       0x37 C:\Users\nxf09282\AppData\Local\Temp\ccJZhFnf.ltrans20.ltrans.o
                                         0x56 (size before relaxing)
 .rodata        0x0000000000081308      0x1dc C:\Users\nxf09282\AppData\Local\Temp\ccJZhFnf.ltrans20.ltrans.o
                0x0000000000081308                s_apsStSceTbl.190725
                0x000000000008131c                s_apsStSmeTbl.190788
                0x0000000000081330                s_aprIdleStHandleCme.200706
                0x0000000000081344                s_aprActvStHandleCme.196838
                0x0000000000081368                zps_sJoinSceTbl
                0x0000000000081374                zps_sActvSceTbl
                0x0000000000081380                zps_sDiscSmeTbl
                0x000000000008138c                zps_sFormSmeTbl
                0x0000000000081398                zps_sJoinSmeTbl
                0x00000000000813a4                zps_sActvSmeTbl
 .rodata.str1.1
                0x00000000000814e4      0x4c9 C:\Users\nxf09282\AppData\Local\Temp\ccJZhFnf.ltrans21.ltrans.o
 .rodata.str1.1
                0x00000000000819ad       0x4b C:\Users\nxf09282\AppData\Local\Temp\ccJZhFnf.ltrans22.ltrans.o
                                         0x58 (size before relaxing)
 .rodata.str1.1
                0x00000000000819f8       0x3f C:\Users\nxf09282\AppData\Local\Temp\ccJZhFnf.ltrans23.ltrans.o
                                         0x64 (size before relaxing)
 *fill*         0x0000000000081a37        0x1 00
 .rodata        0x0000000000081a38       0x18 C:\Users\nxf09282\AppData\Local\Temp\ccJZhFnf.ltrans23.ltrans.o
                0x0000000000081a38                au32NwkPdmRecordOffsets
 .rodata.str1.1
                0x0000000000000000        0x8 C:\Users\nxf09282\AppData\Local\Temp\ccJZhFnf.ltrans24.ltrans.o
 .rodata.str1.1
                0x0000000000081a50       0x13 C:\Users\nxf09282\AppData\Local\Temp\ccJZhFnf.ltrans25.ltrans.o
                                         0x34 (size before relaxing)
 *fill*         0x0000000000081a63        0x1 00
 .rodata        0x0000000000081a64      0x318 C:\Users\nxf09282\AppData\Local\Temp\ccJZhFnf.ltrans26.ltrans.o
                0x0000000000081c64                gu32ZCLVersion
                0x0000000000081c68                ZPS_g_u32MacVersion
                0x0000000000081c6c                OS_g_u32Version
                0x0000000000081c70                PDUM_g_u32Version
                0x0000000000081c74                ZPS_g_u32TsvVersion
 .rodata.str1.1
                0x0000000000081d7c        0xe C:\Users\nxf09282\AppData\Local\Temp\ccJZhFnf.ltrans27.ltrans.o
                                         0x3f (size before relaxing)
 .rodata.str1.1
                0x0000000000081d8a       0x6b C:\Users\nxf09282\AppData\Local\Temp\ccJZhFnf.ltrans28.ltrans.o
 *fill*         0x0000000000081df5        0x1 00
 .rodata        0x0000000000081df6      0x116 C:\Users\nxf09282\AppData\Local\Temp\ccJZhFnf.ltrans28.ltrans.o
 .rodata.str1.1
                0x0000000000081f0c       0xa8 C:\Users\nxf09282\AppData\Local\Temp\ccJZhFnf.ltrans30.ltrans.o
 .rodata.str1.1
                0x0000000000081fb4       0x14 C:\Users\nxf09282\AppData\Local\Temp\ccJZhFnf.ltrans31.ltrans.o
 .rodata        0x0000000000081fc8      0x4d0 C:\Users\nxf09282\AppData\Local\Temp\ccJZhFnf.ltrans31.ltrans.o
                0x0000000000081fc8                zps_g_pvApl
                0x0000000000081fcc                au32UartAddrOffset
                0x0000000000081fd4                pwrm_psWakeupCallbacks

.text           0x0000000000082498    0x2c1b6
 *(.text*)
 .text          0x0000000000082498     0x3e74 C:\Users\nxf09282\AppData\Local\Temp\ccJZhFnf.ltrans0.ltrans.o
                0x0000000000082498                APP_TIMER_Version_1v0
                0x0000000000082498                vProcessIncomingSerialCommands
 .text          0x000000000008630c     0x17b8 C:\Users\nxf09282\AppData\Local\Temp\ccJZhFnf.ltrans1.ltrans.o
                0x000000000008630c                vInitialiseApp.9814
 .text          0x0000000000087ac4     0x1ccc C:\Users\nxf09282\AppData\Local\Temp\ccJZhFnf.ltrans2.ltrans.o
                0x0000000000087ac4                os_vAPP_taskZncb
 .text          0x0000000000089790     0x1894 C:\Users\nxf09282\AppData\Local\Temp\ccJZhFnf.ltrans3.ltrans.o
                0x0000000000089790                DBG_vUartFlush
                0x00000000000897bd                os_u32APP_cbGetTickTimer
                0x00000000000897c6                os_bAPP_cbSetTickTimerCompare
                0x00000000000898c5                boIdValueSearchMatch.183274
                0x000000000008991f                vRadioToOff
                0x000000000008993c                vStartReceive
                0x0000000000089958                vMiniMac_NextTransaction
                0x00000000000899c2                eTransmit
                0x0000000000089ade                vMiniMac_TxComplete
                0x0000000000089d17                vTimerFired
                0x0000000000089dcf                vMiniMac_Init
                0x000000000008a185                vDispatch.99940
                0x000000000008a257                OS_eStopSWTimer
                0x000000000008a37b                os_vAPP_ID_Task
                0x000000000008a39c                OS_eStartSWTimer
                0x000000000008a4bf                os_vAPP_cbToggleLED
                0x000000000008a55b                OS_ePostMessage
                0x000000000008a6bd                os_vApp_TransportKeyCallback
                0x000000000008a6dd                os_vAPP_CommissionTimerTask
                0x000000000008a6f3                OS_eExitCriticalSection
                0x000000000008a7d4                OS_eActivateTask
                0x000000000008a86f                vPostMlmeDcfmInd.120256
                0x000000000008a912                PWRM_vWakeInterruptCallback
                0x000000000008a997                iPDM_ReadSegmentHeaderDataFromEEPROMsegment
                0x000000000008a9f0                iPDM_ReadUserDataFromEEPROMsegment
                0x000000000008aa6a                iPDM_ReCalculateWearCountAndChecksumAndWriteFileSystemHeader
                0x000000000008aab4                vPDM_SetEEPROMandFileSystemValidState
                0x000000000008aadb                iPDM_ReadUserDataFromFileSystemRecord
                0x000000000008aafb                u8ZdoEndDeviceBindServerUnpackApdu
                0x000000000008ab8b                vPDM_WriteFileSystemRecordAndSegmentDataIntoEEPROMsegment
                0x000000000008abc6                u16ZCL_APduInstanceWriteNBO
                0x000000000008ac55                u16ZCL_WriteCommandHeader
                0x000000000008accd                u16ZCL_APduInstanceReadNBO
                0x000000000008adb3                u16ZCL_ReadCommandHeader.part.0.79087
                0x000000000008ae2a                u16ZCL_ReadCommandHeader
                0x000000000008ae38                eCLD_BasicCommandHandler
                0x000000000008ae66                eCLD_OnOffCommandHandler
                0x000000000008ae83                u16ZCL_APduInstanceWriteStringNBO
                0x000000000008af4c                u16ZCL_APduInstanceReadStringNBO
 *fill*         0x000000000008b024        0x0 00
 .text          0x000000000008b024     0x18fc C:\Users\nxf09282\AppData\Local\Temp\ccJZhFnf.ltrans4.ltrans.o
                0x000000000008b11e                vMMAC_IntHandlerBbc
                0x000000000008b138                eBasicTxCompleteHandler
                0x000000000008b13d                vTxRxTimeout.207752
                0x000000000008b19a                eSmeAcScBeaconInd.198801
                0x000000000008b1f6                zps_eNwkHandleSmePollDcfm
                0x000000000008b220                eLeaveDataDcfmRemoteLeave.203383
                0x000000000008b2d5                eZCL_GetAttributeTypeSizeFromBuffer
                0x000000000008b34c                u16ZCL_GetTxPayloadSize
                0x000000000008b384                u8ZdoBindUnbindServerUnpackApdu
                0x000000000008b3d3                eCLD_GroupsCreateGroups.constprop.102
                0x000000000008b501                iPDM_FilterDuplicateAppendedSegmentsOnList.184448
                0x000000000008b545                APP_vConfigureDevice
                0x000000000008b5b0                ZPS_bIsMacAddressUsedInApsTable
                0x000000000008b666                eCLD_GroupsCheckGroupExists
                0x000000000008b6d3                ZPS_eTsvOpen
                0x000000000008b6ed                zps_vNwkBttMgrInit
                0x000000000008b71b                ZPS_vNwkNibClearTables
                0x000000000008b840                vMicroIntEnableOnly.constprop.195
                0x000000000008b86c                vACI_OptimisedCcmStar.constprop.189
                0x000000000008ba58                zps_eNwkRtDiscMatch.constprop.186
                0x000000000008baab                vMiniMac_MLME_SetReq_PanId
                0x000000000008bae8                vMiniMac_MLME_SetReq_ShortAddr
                0x000000000008baf6                pvZCL_HeapAlloc.part.0.87039.constprop.90
                0x000000000008bb30                bAHI_FlashInit.constprop.75
                0x000000000008bca8                vOtaFlashInitHw
                0x000000000008bcaa                vAHI_WakeTimerStop.part.3.209868.constprop.40
                0x000000000008bcc5                psSearchList.74154.constprop.21
                0x000000000008bce7                vAHI_SpiRestoreConfiguration.constprop.12
                0x000000000008bd28                vAHI_SpiReadConfiguration.constprop.9
                0x000000000008bd59                vConfigureSpi
                0x000000000008bd99                vOtaFlashRead
                0x000000000008bdda                pvHeap_Alloc
                0x000000000008bddd                vMicroIntRestoreState
                0x000000000008bde9                vSetChannelAndPower
                0x000000000008bf89                vMiniMac_PLME_SetReq_Power
                0x000000000008bf9d                vMiniMac_PLME_SetReq_Channel
                0x000000000008bfa5                TSV_eStart
                0x000000000008bff5                bAHI_WriteEEPROMfixSegmentData
                0x000000000008c053                bAHI_InitialiseEEPROM
                0x000000000008c09b                vAHI_ReadDataFromEEPROMregister
                0x000000000008c0c8                vAHI_WriteDataIntoEEPROMregister
                0x000000000008c0f8                iAHI_WriteDataIntoEEPROMsegment.constprop.191
                0x000000000008c146                iPDM_WriteSegmentHeaderDataIntoEEPROMsegment
                0x000000000008c175                u32RaiseDigitalVoltage
                0x000000000008c195                vAHI_UartReset.part.4.209622
                0x000000000008c1cd                vAHI_UartConfigureFIFOs.part.5.209721.constprop.28
                0x000000000008c23a                vAHI_UartSetBaudDivisor.part.1.209602
                0x000000000008c279                vAHI_OptimiseWaitStates
                0x000000000008c2c5                bAHI_GetClkSource
                0x000000000008c2d2                vAHI_SwReset
                0x000000000008c303                vAHI_DioSetOutput
                0x000000000008c317                bACI_WriteKey
                0x000000000008c325                bACI_ECBencodeStripe.constprop.181
                0x000000000008c531                vTransformKey.isra.0.108755
                0x000000000008c561                eAppApiDefPlmeGet.part.0.208014
                0x000000000008c570                zps_vSendJoinDcfm
                0x000000000008c5b7                vGiveUp.201948
                0x000000000008c5ef                psSearchForFrameToSend
                0x000000000008c647                eMiniMac_FrameInProgress
                0x000000000008c672                vRemoveFromTxQueue
                0x000000000008c6ae                vAddToTxQueue
                0x000000000008c6e4                vEnableReceive.207756
                0x000000000008c71e                u8GetHeaderSize
                0x000000000008c746                vMiniMac_PLME_SetReq_CcaMode
                0x000000000008c75a                vMiniMac_MLME_SetReq_MaxCsmaBackoffs
                0x000000000008c77a                vMiniMac_MLME_SetReq_MaxBe
                0x000000000008c79d                vMiniMac_MLME_SetReq_MinBe
                0x000000000008c7c0                zps_vSendJoinInd
                0x000000000008c832                zps_psFormatCmdFrameGeneral
                0x000000000008c8bf                zps_eNwkFormStInit
                0x000000000008c8d4                vSendDcfm.199322
                0x000000000008c8fa                bCheckMatchingEntry.198796
 .text.unlikely
                0x000000000008c920      0x150 C:\Users\nxf09282\AppData\Local\Temp\ccJZhFnf.ltrans4.ltrans.o
                0x000000000008c935                vAHI_MemoryHold.209300
                0x000000000008c9e8                eEncryptKey.9206
 .text          0x000000000008ca70     0x1bef C:\Users\nxf09282\AppData\Local\Temp\ccJZhFnf.ltrans5.ltrans.o
                0x000000000008ca70                vOtaFlashWrite
                0x000000000008cb1f                eCLD_ColourControlCommandHandler
                0x000000000008cb7d                eCLD_ThermostatCommandHandler
                0x000000000008cbd7                OS_eEnterCriticalSection
                0x000000000008cc9b                PDUM_hAPduAllocateAPduInstance
                0x000000000008cd0f                zps_eAplZdoSendZdpResponse
                0x000000000008cd58                bSendResponse.138371
                0x000000000008cd9b                PDUM_eAPduFreeAPduInstance
                0x000000000008ce1e                zps_bAplZdoMatchDescServer.part.0.126554
                0x000000000008d0da                zps_bAplZdoNodeDescServer
                0x000000000008d246                zps_bAplZdoSimpleDescServer
                0x000000000008d4a7                zps_bAplZdoPowerDescServer
                0x000000000008d5c4                zps_bAplZdoActiveEpServer
                0x000000000008d6ad                zps_bAplZdoSystemServerDiscoveryServer
                0x000000000008d736                zps_bAplZdoMgmtLqiServer
                0x000000000008d962                zps_bAplZdoMgmtRtgServer
                0x000000000008daa8                vReset_StateMachine.122948
                0x000000000008daec                vZdoServersInit.3031
                0x000000000008dc5a                zps_bAplZdoEndDeviceBindServer
                0x000000000008dd12                zps_bAplZdoTrustCenterGetDevicePermissions
                0x000000000008dd7d                PDM_eReadDataFromRecord
                0x000000000008ddff                vLoadAplRecord.112296
                0x000000000008de2d                vLoadNwkRecord.191422
                0x000000000008de65                ZPS_eTsvStart
                0x000000000008dec0                zps_vAplApsCheckAndStartPollTimer
                0x000000000008df1f                zps_eAplZdoBdrmRequestSend
                0x000000000008df9a                zps_eNwkHandleSceNwkUpdate
                0x000000000008dfbe                vProcessTimedList.190478
                0x000000000008e004                zps_vNwkMcpsMgrPostTimed
                0x000000000008e017                vNwkMcpsSendTimedDfcm
                0x000000000008e05b                zps_vAplAfPostTimerEvent
                0x000000000008e0d7                zps_vExpireOldRoutes
                0x000000000008e160                zps_vNwkJoinStStartResponseTimer
                0x000000000008e19a                ZPS_eTsvStop
                0x000000000008e1ee                eCopyFragmentToApdu.isra.0.103099
                0x000000000008e310                zps_vNwkHandleCmePermitJoinReq
                0x000000000008e378                zps_eNwkBtrMatch
                0x000000000008e475                zps_vAplApsStopPollTimer
                0x000000000008e504                zps_vFragmentWindowTimeout.103054
                0x000000000008e56a                zps_vAplApsFragTransmitNotifyApp.105770
                0x000000000008e605                eHandleRemoveBroadcastEndpointsFromGroup.107223
 .text          0x000000000008e65f     0x134e C:\Users\nxf09282\AppData\Local\Temp\ccJZhFnf.ltrans6.ltrans.o
                0x000000000008e65f                eBeaconReqSent.207406
                0x000000000008e73e                zps_bAplZdoIeeeAddrServer
                0x000000000008e894                zps_bAplZdoNwkAddrServer
                0x000000000008ea15                vHandleRouteDiscoveryExpiry.194369
                0x000000000008ea73                vPDM_AddFileSystemElementToListInAscendingWearCountOrder
                0x000000000008eb81                vPDM_MoveFileRecordFromListToList
                0x000000000008eba3                vPDM_MoveRecordToDeAllocList
                0x000000000008ebc3                iPDM_WriteSegmentHeaderAndData
                0x000000000008edbf                vIncrementFrameCounterInPdm.isra.0.191856
                0x000000000008ef9e                vProcessListsForSubmission.190566
                0x000000000008f258                zps_vNwkMcpsMgrPost
                0x000000000008f27c                iPDM_SegmentCopyAndAppendData.constprop.185
                0x000000000008f2d9                eMakeEntryInBindingTable.107250
                0x000000000008f383                UART_vSetTxInterrupt
                0x000000000008f4cb                vSL_WriteMessage
                0x000000000008f546                vSL_LogSend
                0x000000000008f598                vSL_LogFlush
                0x000000000008f5b3                vReportException.9822
                0x000000000008f6c1                vUnclaimedInterrupt.9816
                0x000000000008f706                PWRM_vManagePower
                0x000000000008f83b                zps_u8AplApsConstructAndPostLoopBackDataInd.105814
                0x000000000008f974                u8PostUnicastMsgToNHLE.105822
 .text.unlikely
                0x000000000008f9ad       0x86 C:\Users\nxf09282\AppData\Local\Temp\ccJZhFnf.ltrans6.ltrans.o
                0x000000000008f9ad                vHandleIdentiftRequest.9389
 *fill*         0x000000000008fa33        0x1 00
 .text          0x000000000008fa34     0x16dc C:\Users\nxf09282\AppData\Local\Temp\ccJZhFnf.ltrans7.ltrans.o
                0x000000000008fae3                zps_eNwkHandleSmeOrphanInd
                0x000000000008fe4f                zps_eNwkHandleSmeAssocInd
                0x000000000008fe71                zps_eNwkHandleSceRejnRequest
                0x000000000008fef1                vStartScanTimerExpiry.139556
                0x000000000008ff2d                zps_vAplApsPollTimer
                0x0000000000090124                zps_vProcessChildAddrConflict
                0x00000000000901e7                zps_eNwkHandleSceNwkStatus
                0x00000000000903a3                eRejoinNetwork.112283.constprop.157
                0x000000000009043f                zps_eAplZdoStartStack
                0x0000000000090579                eJoinNetwork.112309
                0x000000000009062a                vPostNlmeDcfmInd.103206
                0x0000000000090d3e                zps_eAplZdoDiscoverNetworks
                0x0000000000090d67                vSecondScan.7586.constprop.86
                0x0000000000090db4                vHandleTransportKeyIndication.isra.10.112482
                0x0000000000091012                vPostApsmeDcfmInd.103213
 .text          0x0000000000091110     0x15dc C:\Users\nxf09282\AppData\Local\Temp\ccJZhFnf.ltrans8.ltrans.o
                0x0000000000091110                vMcpsMgrExpiry.190450
                0x00000000000912d8                zps_vAplTrustCenterInit
                0x00000000000914e0                vHandleZllDeviceJoin
                0x000000000009153f                vMiniMac_MlmeCallback
                0x000000000009182b                vPostFailedAssocDcfm.206608
                0x0000000000091849                vAssocReqTimeout1.206600
                0x00000000000919d9                ePollReqSent.206959
                0x0000000000091b61                vScanBeaconReceived
                0x0000000000091ba0                vRunningRxCallback
                0x0000000000091ea3                vPostDcfm.207421
                0x0000000000091f0c                vScanNextChannel.207427
                0x00000000000920b1                PDM_vDeleteAllDataRecords
                0x000000000009212e                iPDM_VerifyDataSequenceWithBufferId
                0x00000000000921d0                vSetGroupAddress.constprop.118
                0x0000000000092216                vSendJoinedFormEventToHost
                0x000000000009229a                vFactoryResetRecords
                0x00000000000923d8                vPickChannel.7579
                0x0000000000092430                bAplZdoBindUnbindServerProcessApdu
                0x00000000000925f2                zps_eAplZdoGroupEndpointRemove
                0x000000000009268a                zps_eAplZdoGroupAllEndpointRemove
 .text.unlikely
                0x00000000000926ec      0x123 C:\Users\nxf09282\AppData\Local\Temp\ccJZhFnf.ltrans8.ltrans.o
                0x00000000000926ec                zps_eAplZdoBind
                0x0000000000092789                zps_eAplZdoUnbind
 *fill*         0x000000000009280f        0x1 00
 .text          0x0000000000092810     0x18c4 C:\Users\nxf09282\AppData\Local\Temp\ccJZhFnf.ltrans9.ltrans.o
                0x0000000000092a1e                vPostNldeDcfmInd.103227
                0x000000000009370f                zps_eStartFragmentedTransmission
                0x0000000000093824                zps_eAplApsmeTransportKeyReqRsp.constprop.80
                0x00000000000939a7                zps_vAplTrustCenterRequestKey
                0x0000000000093b18                zps_eAplApsmeUpdateDeviceReqRsp.part.4.107361
                0x0000000000093c5b                zps_vSendExtendedAckDataFrame.103093
                0x0000000000093d6e                eUnfragmentedUnicastTransmission.105797
                0x0000000000094066                zps_eAplApsmeRemoveDeviceReqRsp
 .text          0x00000000000940d4     0x1674 C:\Users\nxf09282\AppData\Local\Temp\ccJZhFnf.ltrans10.ltrans.o
                0x000000000009410a                os_vAPP_cbDisableTickTimer
                0x000000000009414e                DBG_iUartGetChar
                0x000000000009419e                os_vAPP_cbEnableTickTimer
                0x000000000009421e                DBG_vUartPutch
                0x00000000000942d9                vRetryCcaFailure
                0x000000000009432e                eOrphanNotificationSent.207402
                0x0000000000094377                DBG_vUartInitHardware
                0x0000000000094447                eZCL_SetReceiveEventAddressStructure
                0x00000000000944c6                dbg_vPrintfImplNoneVerbose
                0x000000000009494d                APP_ZCL_cbGeneralCallback.7159
                0x00000000000949e8                eDecryptKey.9342
                0x0000000000094df3                vfExtendedStatusCallBack
                0x0000000000094dfe                eZCL_SearchForClusterEntry
                0x0000000000094e9c                eOtaFindCluster.constprop.123
                0x0000000000094ed5                eOTA_GetOtaHeader.part.9.96285
                0x0000000000094f64                eOTA_NewImageLoaded.part.4.96272.constprop.122
                0x0000000000094fcb                vAppInitOTA
                0x00000000000950a5                eZCL_BuildTransmitAddressStructure
                0x0000000000095117                boPDM_IsBitmapSaturated.184071
                0x0000000000095160                ZPS_bSecDecrypt
                0x0000000000095268                MAC_u64GetExtAddr
                0x0000000000095283                ZPS_bSecEncrypt
                0x000000000009542f                ZPS_u64NwkNibFindExtAddr
                0x00000000000954da                ZPS_u16NwkNibFindNwkAddr
                0x0000000000095580                iPDM_SearchForBufferIdInList
                0x00000000000955b5                iPDM_SearchForBufferIdInFileSystem
                0x00000000000955c8                iPDM_ReadUserDataFromSegmentWithId
                0x00000000000955fd                iPDM_SearchForSpecificSegmentInList
                0x000000000009562f                psGetTxFrameBuffer
                0x000000000009566e                psGetAndBuildCoordRealignment
                0x00000000000956c6                eBuildAndSend.207410
                0x000000000009573b                MAC_vPibSetRxOnWhenIdle.constprop.166
 .text          0x0000000000095748     0x1718 C:\Users\nxf09282\AppData\Local\Temp\ccJZhFnf.ltrans11.ltrans.o
                0x00000000000957d0                vSendMlmeCommStatusFromTxFrame
                0x0000000000095826                MAC_vHandleMlmeVsReqRsp.constprop.168
                0x0000000000095df0                vHandleNwkLocalUpdateAfterBcast.189567
                0x0000000000095e43                vHandleNwkRemoteUpdateAfterBcast.189558
                0x0000000000095e97                ZPS_pvNwkCtor.constprop.164
                0x0000000000096437                ZPS_vNwkHandleNlmeReqRsp
                0x00000000000964b4                zps_vAplAfPostEvent
                0x0000000000096623                zps_eAplZdoNlmeleaveWrapper
                0x00000000000966a1                zps_bAplZdoMgmtLeaveServer
                0x0000000000096821                zps_eAplZdoNlmePermitJoiningWrapper
                0x0000000000096849                zps_bAplZdoPermitJoiningServer
                0x00000000000968e3                vChangeChannelTimerExpiry.139552
                0x0000000000096946                eLeaveReset.203378
                0x00000000000969b1                eLeaveDataDcfmLocalLeave.203388
                0x0000000000096a2b                eSmeAcScScanDcfm.199326
                0x0000000000096d61                zps_vNwkHandleCmeActvStartRouterReq
                0x0000000000096dfe                zps_eAplZdoZllStartRouter
 .text          0x0000000000096e60     0x1a14 C:\Users\nxf09282\AppData\Local\Temp\ccJZhFnf.ltrans12.ltrans.o
                0x0000000000096ee8                zps_eAplAibSetApsUseExtendedPanId
                0x0000000000096efe                zps_eAplAibSetApsTrustCenterAddress
                0x0000000000096f14                zps_bNwkFindAddIeeeAddr
                0x0000000000097092                zps_psFindKeyDescr
                0x00000000000971c6                zps_eAplSecEncryptPacket
                0x00000000000972b8                zps_eAplSendApsmeCmdFrame
                0x0000000000097429                zps_eNwkHandleSceLinkStatus
                0x000000000009755d                ZPS_bNwkNibAddrMapAddEntry
                0x0000000000097724                zps_vAgeRouter
                0x0000000000097763                zps_eNwkHandleSdeActvDcfmData
                0x00000000000978ed                vMcpsMgrTimeoutExpiry
                0x000000000009795c                zps_eDefaultDataDcfm
                0x0000000000097b31                zps_vLinkStatusHandleExpiry
                0x0000000000097bd3                zps_eNwkHandleSceRouteRequest
                0x0000000000098002                zps_sNwkNibNtCheckJoin
                0x00000000000982ab                zps_vNwkHandleCmeDirectJoinReq
                0x000000000009832a                zps_vJoinInitNtParent
                0x0000000000098480                vContinueRejoin.201178
                0x0000000000098527                zps_vCheckActvNtForDuplicate
                0x00000000000985c5                eSmeOrphScanDcfm.202395
                0x000000000009863d                eCheckAddrConflict.isra.4.189787
                0x00000000000986d3                zps_vSaveAllZpsRecords
                0x00000000000986f4                zps_vAplSecSetInitialSecurityState
                0x00000000000987f6                vAplSecRemoveLinkKey.112362
 .text.unlikely
                0x0000000000098874       0x5f C:\Users\nxf09282\AppData\Local\Temp\ccJZhFnf.ltrans12.ltrans.o
                0x0000000000098874                vInitUnknownNeighbor.190462
 *fill*         0x00000000000988d3        0x1 00
 .text          0x00000000000988d4     0x1a38 C:\Users\nxf09282\AppData\Local\Temp\ccJZhFnf.ltrans13.ltrans.o
                0x000000000009a307                os_vAPP_Commission_Task
 .text          0x000000000009a30c     0x1784 C:\Users\nxf09282\AppData\Local\Temp\ccJZhFnf.ltrans14.ltrans.o
                0x000000000009a4b2                vHandleRejoinExpiry.201944
                0x000000000009a511                zps_eRejoinDataDcfm
                0x000000000009a555                eSmeAsocAssocDcfm.202555
                0x000000000009a5d9                eSmeRjPCPollDcfm.202551
                0x000000000009a61a                eSceRjRsRejoinRsp.202519
                0x000000000009b50b                os_vzps_taskZPS
                0x000000000009b734                zps_sNwkLibSubmitScan
                0x000000000009b76d                ZPS_vNwkNibCheckAndUpdateAddresses
                0x000000000009b804                zps_bAplZdoDeviceAnnceServer
 .text          0x000000000009ba90     0x1b6b C:\Users\nxf09282\AppData\Local\Temp\ccJZhFnf.ltrans15.ltrans.o
                0x000000000009ba90                eSmeASFlBeaconInd.198636
                0x000000000009bab2                eSmeUDNTScanDcfm.198086
                0x000000000009bace                vPermitJoinHandleExpiry.193637
                0x000000000009bad7                vNwkMcpsTimerCallback
                0x000000000009baf1                zps_eSceGenlIllegal
                0x000000000009baf8                zps_eSmeGenlIllegal
                0x000000000009baff                DBG_vUartFailedAssert
                0x000000000009bb03                zps_bAplZdoBindRequestServer
                0x000000000009bc3e                vZdoEndDeviceBindTimeoutSecondMessage
                0x000000000009bc52                psGetVsMcpsBuf.120260
                0x000000000009bc5b                psGetMlmeBuf.120253
                0x000000000009bc64                zps_vExpireRequestKeyReq.115285
                0x000000000009bcaf                psGetNlmeBuf.103203
                0x000000000009bcb9                psGetNldeBuf.103224
                0x000000000009bcc3                psGetApsmeBuf.103210
                0x000000000009bccc                psGetApsdeBuf.103217
                0x000000000009bcd2                vLoopbackTimerCallback
                0x000000000009bd01                zps_psNwkSlistRemoveFromHead
                0x000000000009bd18                zps_psNwkSlistRemove
                0x000000000009bd50                zps_bNwkMcpsMgrRemoveDescrFromLists
                0x000000000009bd8e                zps_vNwkSlistAddToTail
                0x000000000009bda8                ZPS_bNwkSecHaveNetworkKey
                0x000000000009bddc                ZPS_bNwkSecFindMatSet
                0x000000000009be18                zps_eNwkRctMatchNwkAddr
                0x000000000009be82                ZPS_u8NwkCalcNldeReqOverhead
                0x000000000009bebd                zps_vRemoveNextHop
                0x000000000009bf72                zps_vRemoveRoute
                0x000000000009c009                zps_psNwkRtMatchNwkAddr
                0x000000000009c07f                zps_vNwkFreeMcpsHandle
                0x000000000009c0a9                zps_psNwkMcpsMgrFindPendingByNwkDstAddr
                0x000000000009c0bf                ZPS_u64NwkNibGetMappedIeeeAddr
                0x000000000009c0e1                ZPS_vNwkSecResetDevice
                0x000000000009c126                ZPS_bNwkNibNtActvMatch
                0x000000000009c1de                bCheckNwkAddr
                0x000000000009c22c                zps_eAplTrustCenterFindDevice
                0x000000000009c270                ZPS_vSetExtendedStatus
                0x000000000009c282                zps_eNwkRtMatch
                0x000000000009c39b                zps_psApsApsAllocateDcfmRecord
                0x000000000009c409                zps_u8CalcLinkCost
                0x000000000009c445                ZPS_u8NwkNibNtDiscMatch
                0x000000000009c529                zps_u64NwkLibFromPayload
                0x000000000009c6c6                eSmeAcScBeaconInd.198644
                0x000000000009c7ce                eSmeUDNTBeaconInd.198620
                0x000000000009c7f1                zps_vNwkLibU64ToPayload
                0x000000000009c81e                zps_vInitBeaconPayload
                0x000000000009c89a                zps_eNwkDcfmIndPost
                0x000000000009c8bd                zps_psNwkDcfmIndGetBuf
                0x000000000009c8df                eSmeEdScScanDcfm.198624
                0x000000000009c928                eSmeGenlScanDcfm.198628
                0x000000000009c986                eRouteRequestDataDcfm.194809
                0x000000000009c9da                eNldeDataDcfm.192644
                0x000000000009ca0a                zps_vSendNwkStatusInd
                0x000000000009ca3a                vPDM_ReadBitmapHeader.184036
                0x000000000009ca59                psSLISTsearch
                0x000000000009ca99                psSLISTremove
                0x000000000009cb17                vSLISTaddToTail
                0x000000000009cb36                psSLISTgetNext
                0x000000000009cb5a                u8PDM_CalculateLargestDataRecordStored
                0x000000000009cb8b                bPDM_ImageBitmapRepairCheck
                0x000000000009cbb3                u8PDM_ReadSequenceNumber
                0x000000000009cbd6                boSegmentNumberDeleteSearchMatch.183701
                0x000000000009cbf1                u8PDM_ReadSegmentDataSize
                0x000000000009cc05                u32PDM_ReadFileSystemHeaderWearCount
                0x000000000009cc1b                boSearchForWearCountSubstitute.184503
                0x000000000009cc41                boSearchForWearCountInsertPoint.183270
                0x000000000009cc5f                vPDM_WriteFileSystemHeaderWearCount
                0x000000000009cc71                RND_u32GetRand256
                0x000000000009cc8e                RND_u32GetRand
                0x000000000009ccb5                u16CalculateFailedTxCount.139560
                0x000000000009ccdf                vZdoIeeeAddrServerSendExtendResponse.part.0.125357
                0x000000000009cd40                vZdoNwkAddrServerSendExtendResponse.part.0.124177
                0x000000000009cda1                bFindMatch.122905
                0x000000000009cdff                zps_bAplZdoServerHandleConfirmAcks
                0x000000000009ce5c                zps_bPerformLeaveActionDecider
                0x000000000009ce61                vHandleUpdateDeviceIndication.112269
                0x000000000009ce8b                u32GetScanChannels.112256
                0x000000000009ceb6                bDuplicateCheck.108636
                0x000000000009cfc3                zps_vInitAPSMECmdHdr
                0x000000000009cffc                eHandleRemoveNonBroadcastEndpointsFromGroup.107264
                0x000000000009d074                eHandleAddEntryToGroupTable.107227
                0x000000000009d0d0                bIsBindTableMatch.107204
                0x000000000009d121                eRemoveEntryInBindingTable.107232
                0x000000000009d1a0                zps_vAplApsFillAndPostApsAck
                0x000000000009d20a                zps_u8AplApsFreeMsgHandle
                0x000000000009d274                u8BlocksToSendInWindow.104700
                0x000000000009d2c6                vFillDataIndStruct.103070
                0x000000000009d324                vFillApduErrorEvent.103063
                0x000000000009d367                bCheckProfile.103058
                0x000000000009d3a5                ZPS_bIsGroupPresent
                0x000000000009d3dd                PDUM_u16APduInstanceWriteStrNBO
                0x000000000009d55c                PDUM_eNPduReadHeaderNBO
                0x000000000009d5af                PDUM_u16APduInstanceReadNBO
 .text          0x000000000009d5fb     0x16fd C:\Users\nxf09282\AppData\Local\Temp\ccJZhFnf.ltrans16.ltrans.o
                0x000000000009dd59                zps_vHandleApsdeDataFragInd
                0x000000000009e39f                vHandleRemoveDeviceIndication
                0x000000000009e4af                zps_vAplTrustCenterUpdateDevice
                0x000000000009e63e                ZPS_eAplAfInit
 .text          0x000000000009ecf8     0x16ae C:\Users\nxf09282\AppData\Local\Temp\ccJZhFnf.ltrans17.ltrans.o
                0x000000000009eee8                zps_vNwkHandleCmeRouteDiscoveryReq
                0x000000000009f0b6                zps_eNwkHandleSceRouteRecord
                0x000000000009f1e7                vSendNetworkReport.189550
                0x000000000009f2c1                vPDM_MoveAllDataFromListToList
                0x000000000009f2ff                vPDM_MoveAllDataToDeAllocList
                0x000000000009f327                iPDM_ReconstructReplacedDataTable
                0x000000000009f4b4                iPDM_ReplaceChangedSegmentInSequence
                0x000000000009f5a6                vPDM_MoveAllDataWithBufferIdFromListToList
                0x000000000009f62b                vPDM_DeleteAppendedSequence
                0x000000000009f712                ZPS_vNwkResetOutgoingFrameCounter
                0x000000000009f766                zps_psSendFrm
                0x000000000009fa6d                zps_psSendBroadcastFrm
                0x000000000009fb03                ZPS_vNwkHandleNldeReqRsp
                0x000000000009fce3                zps_eAplApsmeCmdMgrSendCommand
                0x000000000009fdc0                zps_vAplApsmeCmdMgrRetryTimeout.107196
                0x000000000009fde9                zps_psNwkSendRejoinReqCmd.constprop.5
                0x000000000009fe59                zps_psSendNetworkStatusCmd
                0x000000000009fec6                psSendRouteReplyCmd.194791
                0x000000000009ffd8                zps_eNwkHandleSceRouteReply
                0x00000000000a02af                zps_psNwkPropagateLocalLeave
                0x00000000000a02d8                zps_vNwkHandleCmeLeaveReq
 .text          0x00000000000a03a6     0x158b C:\Users\nxf09282\AppData\Local\Temp\ccJZhFnf.ltrans18.ltrans.o
                0x00000000000a03a6                bSendHATransportKey
                0x00000000000a05c1                vZdoEndDeviceBindStateIdle
                0x00000000000a06bd                zps_bAplZdoMatchDescServer
                0x00000000000a06d2                PDUM_eNPduAllocate
                0x00000000000a0741                vMiniMac_McpsCallback
                0x00000000000a096d                eMcpsTxCompleteHandler.206726
                0x00000000000a099b                PDUM_eNPduClone
                0x00000000000a09e7                PDUM_eNPduFree
                0x00000000000a0a54                MAC_vHandleMcpsVsReqRsp
                0x00000000000a0d65                zps_vHandleExtendedDataAckFrame
                0x00000000000a0e4a                vPostVsMcpsDcfmInd.120263
                0x00000000000a0f35                ZPS_vInterceptMcpsDataCallback
                0x00000000000a0f97                zps_vNwkMcpsMgrFreeReqDescr
                0x00000000000a0fc9                vFreePendingReqDescr
                0x00000000000a1033                zps_psAllocateAndFormatMacHdr
                0x00000000000a131c                zps_psNwkInitCmdFrame
                0x00000000000a139b                eSendLinkStatusDataDcfm.part.1.188515
                0x00000000000a14cd                zps_vNwkRemoveConflictedBroadcast
                0x00000000000a151f                zps_vNwkMcpsMgrTidyBtrReqDescr
                0x00000000000a1563                vNwkBttTimerExpiry.196886
                0x00000000000a1681                hZCL_AllocateAPduInstance
                0x00000000000a16bd                eZCL_TransmitInterPanRequest.constprop.72
                0x00000000000a1778                eCLD_ZllCommissionCommandNetworkStartRspCommandSend
                0x00000000000a17cf                vSendScanResponse.9196.constprop.69
 .text.unlikely
                0x00000000000a1931      0x118 C:\Users\nxf09282\AppData\Local\Temp\ccJZhFnf.ltrans18.ltrans.o
                0x00000000000a1931                vHandleDeviceInfoRequest.9219
 *fill*         0x00000000000a1a49        0x3 00
 .text          0x00000000000a1a4c     0x13d8 C:\Users\nxf09282\AppData\Local\Temp\ccJZhFnf.ltrans19.ltrans.o
                0x00000000000a1a4c                vZCL_EventHandler
 .text          0x00000000000a2e24     0x13f4 C:\Users\nxf09282\AppData\Local\Temp\ccJZhFnf.ltrans20.ltrans.o
                0x00000000000a2e24                vBbcIntHandler.206280
                0x00000000000a30ed                eAssocRespSent.206614
                0x00000000000a310c                zps_vNwkHandleCmeSyncReq
                0x00000000000a3155                zps_vNwkHandleCmeIdleNwkFormReq
                0x00000000000a31fd                zps_vNwkHandleCmeNwkDiscReq
                0x00000000000a3277                zps_vNwkHandleCmeEdScanReq
                0x00000000000a348c                zps_vNwkHandleCmeNwkJoinReq
                0x00000000000a3749                zps_vNwkHandleCmeNwkActvJoinReq
                0x00000000000a37e5                ZPS_vAplHandleApsdeReqRsp
                0x00000000000a3c05                zps_eAplZdpApsdeReqInternal
                0x00000000000a3c80                zps_eAplZdpRequestApsdeReq
                0x00000000000a3d00                vStartAndAnnounce
                0x00000000000a3dae                zps_bAplZdoDefaultServer
                0x00000000000a406a                zps_eZdpEndDeviceBindResponse
                0x00000000000a408b                zps_eAplZdpBindResponse
                0x00000000000a40ac                zps_eZdpUnbindResponse
                0x00000000000a40cd                zps_eZdpMgmtLeaveResponse
                0x00000000000a40ee                zps_eZdpMgmtPermitJoiningResponse
                0x00000000000a410f                zps_eAplZdoGroupEndpointAdd
 .text          0x00000000000a4218     0x13fc C:\Users\nxf09282\AppData\Local\Temp\ccJZhFnf.ltrans21.ltrans.o
                0x00000000000a4261                APP_ZCL_cbEndpointCallback.7156
                0x00000000000a5030                eCLD_GroupsCommandHandler
                0x00000000000a5597                eCLD_IdentifyCommandTriggerEffectSend
                0x00000000000a55d8                eCLD_GroupsCommandAddGroupRequestSend
 .text          0x00000000000a5614      0xde4 C:\Users\nxf09282\AppData\Local\Temp\ccJZhFnf.ltrans22.ltrans.o
                0x00000000000a5786                eCLD_ApplianceStatisticsCommandHandler
                0x00000000000a5a1d                eOTA_ServerUpgradeEndResponse
                0x00000000000a5ab0                eOTA_ServerImageBlockResponse
                0x00000000000a5f42                eOtaCommandHandler
                0x00000000000a6268                eCLD_IASZoneEnrollRespSend
                0x00000000000a62a3                eCLD_IASZoneCommandHandler
 .text.unlikely
                0x00000000000a63f8      0x48c C:\Users\nxf09282\AppData\Local\Temp\ccJZhFnf.ltrans22.ltrans.o
                0x00000000000a63f8                eZnc_SendWriteAttributesRequest.constprop.135
 .text          0x00000000000a6884     0x11f4 C:\Users\nxf09282\AppData\Local\Temp\ccJZhFnf.ltrans23.ltrans.o
                0x00000000000a6884                PDM_eSaveRecordData
                0x00000000000a6cb9                zps_vAplSaveRecord
                0x00000000000a6d61                ZPS_vNwkSaveRecord
                0x00000000000a6d8d                ZPS_vRemoveEntryFromAddressMap
                0x00000000000a6dd6                ZPS_vNwkSaveAllRecords
                0x00000000000a6ded                ZPS_vNwkNibSetNwkAddr
                0x00000000000a6e0a                zps_eNwkHandleSceRejnResponse
                0x00000000000a6e67                ZPS_vNwkNibSetExtPanId
                0x00000000000a6e8c                ZPS_vNwkNibSetKeySeqNum
                0x00000000000a6e9f                ZPS_vNwkNibSetDepth
                0x00000000000a6ec8                ZPS_vNwkNibSetUpdateId
                0x00000000000a6ed6                vSendNetworkUpdate.189554
                0x00000000000a7005                ZPS_vNwkNibSetPanId
                0x00000000000a7023                ZPS_vNwkNibSetCapabilityInfo
                0x00000000000a7050                ZPS_vNwkNibSetChannel
                0x00000000000a7068                zps_u8NwkHandleRejoinReq
                0x00000000000a7131                zps_vProcessLocalAddrConflict
                0x00000000000a71dc                vEndCommissioning.9352
                0x00000000000a7231                ZPS_vNwkSaveNt
                0x00000000000a7245                ZPS_vNwkPurgeMacAddressAndRelatedEntries
                0x00000000000a734b                ZPS_vNtSetUsedStatus
                0x00000000000a73f2                zps_vBuildSortedActvNTList
                0x00000000000a74b0                vFinish.202385
                0x00000000000a7506                zps_eNwkHandleSceLeave
                0x00000000000a76c8                zps_vCleanUnAuthenHandleExpiry
                0x00000000000a77ca                eUnsolicitedRejoinRspDataDcfm.189562
                0x00000000000a77f5                eRejoinRspDataDcfm.201182
                0x00000000000a78c4                zps_eNwkHandleSmeCommStatusInd
                0x00000000000a7978                ZPS_vNwkSaveSecMat
                0x00000000000a798c                vPDM_MoveAllDataWithBufferIdAndStateFromListToList
                0x00000000000a7a17                vPDM_ImageBitmapRepair.183189
 .text.unlikely
                0x00000000000a7a78      0x223 C:\Users\nxf09282\AppData\Local\Temp\ccJZhFnf.ltrans23.ltrans.o
                0x00000000000a7a78                vSendRouterJoinRequest.9336.constprop.65
 *fill*         0x00000000000a7c9b        0x1 00
 .text          0x00000000000a7c9c     0x1318 C:\Users\nxf09282\AppData\Local\Temp\ccJZhFnf.ltrans24.ltrans.o
                0x00000000000a8273                eCLD_ZllCommissionCommandHandler
                0x00000000000a8670                eSimpleMeteringCommandHandler
                0x00000000000a869c                vZCL_HandleAttributesWriteRequest
                0x00000000000a8b2f                eZCL_CustomCommandReceive
                0x00000000000a8c9d                eCLD_DoorLockCommandHandler
                0x00000000000a8d39                eCLD_IdentifyCommandHandler
                0x00000000000a8dd2                eCLD_ScenesCommandHandler
 .text          0x00000000000a8fb4     0x12c4 C:\Users\nxf09282\AppData\Local\Temp\ccJZhFnf.ltrans25.ltrans.o
                0x00000000000a90eb                vZdoBdrmSendNextTimedRequest
                0x00000000000a9374                zps_bAplZdoBindUnbindServer
                0x00000000000a9480                zps_eZdpMatchDescResponse
                0x00000000000a9516                zps_eZdpSystemServerDiscoveryResponse
                0x00000000000a9585                zps_eAplZdpMgmtLqiResponse
                0x00000000000a966d                zps_eAplZdpMgmtRtgResponse
                0x00000000000a9734                zps_eZdpMgmtNwkUpdateNotifyResponse
                0x00000000000a97e6                eAplAfCommonDataReq.101693.constprop.179
                0x00000000000a98a1                eZCL_TransmitDataRequest
                0x00000000000a9c21                eZCL_SendDefaultResponse
                0x00000000000a9d20                vZCL_HandleCommandsDiscoverRequest.85253
                0x00000000000a9f63                vZCL_HandleDiscoverCommandsResponse.86347
                0x00000000000aa06d                vZCL_HandleAttributesReadResponse
 .text.unlikely
                0x00000000000aa278       0xe8 C:\Users\nxf09282\AppData\Local\Temp\ccJZhFnf.ltrans25.ltrans.o
                0x00000000000aa278                eZCL_SendDiscoverCommandGenericRequest.85315
 .text          0x00000000000aa360     0x1532 C:\Users\nxf09282\AppData\Local\Temp\ccJZhFnf.ltrans26.ltrans.o
                0x00000000000aa473                os_bDummyMemberCheck.99950
                0x00000000000aa478                os_vDefaultErrorHook.99946
                0x00000000000aa47b                eCLD_LevelControlCommandHandler
                0x00000000000aa480                vOSError.9818
                0x00000000000aa483                bCLD_GroupsSearchForGroup.19914
                0x00000000000aa4a8                pdum_u16ReadNBO
                0x00000000000aa609                PDUM_u16SizeNBO
                0x00000000000aa667                PDUM_u16APduInstanceWriteNBO
                0x00000000000aa6d1                PDUM_thAPduInstanceGetApdu
                0x00000000000aa6ec                PDUM_eAPduInstanceSetPayloadSize
                0x00000000000aa714                PDUM_eNPduWriteDataFromBuffer
                0x00000000000aa76e                PDUM_eNPduWriteDataToBuffer
                0x00000000000aa7cc                PDUM_eNPduWriteFromBuffer
                0x00000000000aa7f5                PDUM_eNPduDescend
                0x00000000000aa81b                PDUM_eNPduAscend
                0x00000000000aa841                PDUM_eNPduClaimData
                0x00000000000aa8ae                PDUM_eNPduAppendDataNBO
                0x00000000000aa90b                PDUM_eNPduClaimHeader
                0x00000000000aa92e                PDUM_eNPduPrependHeaderNBO
                0x00000000000aa989                PDUM_eNPduInitDescending
                0x00000000000aa9a4                eExpireSWTimer.99959
                0x00000000000aaa0f                vEnterErrorHook.99942
                0x00000000000aaa36                OS_eCollectMessage
                0x00000000000aaaf7                vMiniMac_ReturnTxBufferCallback
                0x00000000000aab09                vOtaFlashLockRead
                0x00000000000aab4f                eZCL_DoesAttributeHaveReportableChange
                0x00000000000aab78                eZCL_GetAttributeReportableEntry.part.1.93553
                0x00000000000aac37                eZCL_BuildClientTransmitAddressStructure
                0x00000000000aac6f                bValidateCommandWithCommandsFlags.85239
                0x00000000000aacb8                bZCL_CheckManufacturerSpecificCommandFlagMatch
                0x00000000000aacd6                bZCL_CheckManufacturerSpecificAttributeFlagMatch
                0x00000000000aacf4                eZCL_GetAttributeTypeSize
                0x00000000000aad13                vZCL_MarkAttributeInvalid
                0x00000000000aade2                eZCL_CheckEPstructureIntegrity.74798
                0x00000000000aafca                u8ZCL_GetAttributeAllignToFourBytesBoundary
                0x00000000000aafdf                pvZCL_GetAttributePointer
                0x00000000000ab055                vReverseMemcpy.part.2.74810
                0x00000000000ab08a                vReverseMemcpy
                0x00000000000ab0a2                sOtaGetHeader
                0x00000000000ab1b0                u16ZCL_GetStringStructureSize
                0x00000000000ab1ed                u16ZCL_GetStringAttributeTypeSizeFromBuffer
                0x00000000000ab25e                u16ZCL_GetStringSizeAndBufferFromStructure
                0x00000000000ab2ed                vZCL_GetInternalMutex
                0x00000000000ab316                eZCL_GetMutex
                0x00000000000ab34e                vZCL_InitializeClusterInstance
                0x00000000000ab363                vZCL_ReleaseInternalMutex
                0x00000000000ab37d                u32ZCL_GetUTCTime
                0x00000000000ab398                eZCL_SearchForAttributeEntry
                0x00000000000ab453                eZCL_SearchForEPentry
                0x00000000000ab4ae                eZCL_SearchForEPentryAndCheckManufacturerId
                0x00000000000ab4ec                vZCL_PassEventToUser
                0x00000000000ab519                u8GetTransactionSequenceNumber
                0x00000000000ab53a                eZCL_ReleaseMutex
                0x00000000000ab569                eZCL_Register.part.1.74807
                0x00000000000ab597                boDLISTisEmpty
                0x00000000000ab5af                vDLISTaddToTail
                0x00000000000ab5dd                psDLISTremove
                0x00000000000ab640                vWriteU64ToPayLoad.32238
                0x00000000000ab66d                vWriteU32ToPayLoad.32234
                0x00000000000ab685                InvShiftRows
                0x00000000000ab718                InvSubBytes
                0x00000000000ab75e                AddRoundKey
                0x00000000000ab79f                getSBoxValue.10169
                0x00000000000ab7c1                u16GetAttributeActualSize
 .text          0x00000000000ab892      0xd83 C:\Users\nxf09282\AppData\Local\Temp\ccJZhFnf.ltrans27.ltrans.o
                0x00000000000ab892                zps_eZdpNodeDescResponse
                0x00000000000ab93a                zps_eZdpSimpleDescResponse
                0x00000000000aba47                zps_bAplZdoMgmtNWKUpdateServer
                0x00000000000abdb9                zps_eZdpNwkAddrResponse
                0x00000000000abe9c                zps_eZdpIeeeAddrResponse
                0x00000000000abf7f                zps_eZdpPowerDescResponse
                0x00000000000ac01c                zps_eZdpActiveEpResponse
                0x00000000000ac1bb                vZdoEndDeviceBindStateWaitSendWithAck
                0x00000000000ac505                zps_bAplZdoZdoClient
 .text.unlikely
                0x00000000000ac615       0xb3 C:\Users\nxf09282\AppData\Local\Temp\ccJZhFnf.ltrans27.ltrans.o
                0x00000000000ac615                zps_eAplZdpBindUnbindRequest.constprop.158
 .text          0x00000000000ac6c8      0x819 C:\Users\nxf09282\AppData\Local\Temp\ccJZhFnf.ltrans28.ltrans.o
                0x00000000000ac6c8                vAppMain
 .text          0x00000000000acee1      0x489 C:\Users\nxf09282\AppData\Local\Temp\ccJZhFnf.ltrans29.ltrans.o
                0x00000000000ad0d2                eCLD_ZllUtilityCommandHandler
                0x00000000000ad311                eCLD_ASCLogNotificationORLogResponseSend
 .text          0x00000000000ad36a      0x4ea C:\Users\nxf09282\AppData\Local\Temp\ccJZhFnf.ltrans30.ltrans.o
                0x00000000000ad36a                os_vZCL_Task
                0x00000000000ad5d3                eZCL_CustomCommandSend.constprop.130
 .text          0x00000000000ad854      0x2b2 C:\Users\nxf09282\AppData\Local\Temp\ccJZhFnf.ltrans31.ltrans.o
                0x00000000000ad888                os_vzps_isrMAC
                0x00000000000ad8c7                AppWarmStart
                0x00000000000ad8e3                AppColdStart
                0x00000000000ad916                os_vUnclaimedInterrupt
                0x00000000000ad928                os_vControlledInterrupt
                0x00000000000ad961                os_vAPP_isrTickTimer
                0x00000000000ada52                os_vAPP_isrUart
                0x00000000000adaca                os_vAPP_isrIllegalInstruction
                0x00000000000adad6                os_vAPP_isrBusErrorException
                0x00000000000adae2                os_vAPP_isrAlignmentException
                0x00000000000adaee                os_vAPP_isrUnimplementedModuleException
                0x00000000000adafa                os_vAPP_isrStackOverflowException
 .text          0x00000000000adb06       0x25 c:/nxp/bstudio_nxp/sdk/tools/ba-elf-ba2-r36379/bin/../lib/gcc/ba-elf/4.7.4/../../../../ba-elf/lib/mcpu_jn51xx_sizeopt\libc.a(lib_a-memcmp.o)
                0x00000000000adb06                memcmp
 .text          0x00000000000adb2b       0x19 c:/nxp/bstudio_nxp/sdk/tools/ba-elf-ba2-r36379/bin/../lib/gcc/ba-elf/4.7.4/../../../../ba-elf/lib/mcpu_jn51xx_sizeopt\libc.a(lib_a-memcpy.o)
 .text          0x00000000000adb44       0x12 c:/nxp/bstudio_nxp/sdk/tools/ba-elf-ba2-r36379/bin/../lib/gcc/ba-elf/4.7.4/../../../../ba-elf/lib/mcpu_jn51xx_sizeopt\libc.a(lib_a-memset.o)
                0x00000000000adb44                memset
 .text          0x00000000000adb56       0x12 c:/nxp/bstudio_nxp/sdk/tools/ba-elf-ba2-r36379/bin/../lib/gcc/ba-elf/4.7.4/../../../../ba-elf/lib/mcpu_jn51xx_sizeopt\libc.a(lib_a-strlen.o)
                0x00000000000adb56                strlen
 .text          0x00000000000adb68       0x2b c:/nxp/bstudio_nxp/sdk/tools/ba-elf-ba2-r36379/bin/../lib/gcc/ba-elf/4.7.4/../../../../ba-elf/lib/mcpu_jn51xx_sizeopt\libc.a(lib_a-strncpy.o)
                0x00000000000adb68                strncpy
 *fill*         0x00000000000adb93        0x1 00
 .text          0x00000000000adb94      0x204 c:/nxp/bstudio_nxp/sdk/tools/ba-elf-ba2-r36379/bin/../lib/gcc/ba-elf/4.7.4/mcpu_jn51xx_sizeopt\libgcc.a(__udivsi3.o)
                0x00000000000adb94                __udivsi3
 .text          0x00000000000add98       0x30 c:/nxp/bstudio_nxp/sdk/tools/ba-elf-ba2-r36379/bin/../lib/gcc/ba-elf/4.7.4/mcpu_jn51xx_sizeopt\libgcc.a(__divsi3.o)
                0x00000000000add98                __divsi3
 .text          0x00000000000addc8      0x1b0 c:/nxp/bstudio_nxp/sdk/tools/ba-elf-ba2-r36379/bin/../lib/gcc/ba-elf/4.7.4/mcpu_jn51xx_sizeopt\libgcc.a(__umodsi3.o)
                0x00000000000addc8                __umodsi3
 .text          0x00000000000adf78       0x24 c:/nxp/bstudio_nxp/sdk/tools/ba-elf-ba2-r36379/bin/../lib/gcc/ba-elf/4.7.4/mcpu_jn51xx_sizeopt\libgcc.a(__modsi3.o)
                0x00000000000adf78                __modsi3
 .text          0x00000000000adf9c      0x350 c:/nxp/bstudio_nxp/sdk/tools/ba-elf-ba2-r36379/bin/../lib/gcc/ba-elf/4.7.4/mcpu_jn51xx_sizeopt\libgcc.a(_udivdi3.o)
                0x00000000000adf9c                __udivdi3
 *fill*         0x00000000000ae2ec        0x4 00
 .text          0x00000000000ae2f0      0x148 os_irq.o
                0x00000000000ae2f0                os_ExternalException_W
                0x00000000000ae334                os_PIC_ChannelPriorities
                0x00000000000ae344                os_OSMIUM_HwVectTable
                0x00000000000ae380                os_PIC_SwVectTable
 .text          0x00000000000ae438       0x29 os_irq_alignment.o
                0x00000000000ae438                IRQ_Alignment
 .text          0x00000000000ae461       0x29 os_irq_buserror.o
                0x00000000000ae461                IRQ_BusError
 .text          0x00000000000ae48a       0x29 os_irq_illegalinstruction.o
                0x00000000000ae48a                IRQ_IllegalInstruction
 .text          0x00000000000ae4b3       0x29 os_irq_stackoverflowexception.o
                0x00000000000ae4b3                IRQ_StackOverflowException
 .text          0x00000000000ae4dc       0x29 os_irq_unimplementedmodule.o
                0x00000000000ae4dc                IRQ_UnimplementedModule
 *fill*         0x00000000000ae505        0x3 00
 .text          0x00000000000ae508       0xc0 c:/NXP/bstudio_nxp/workspace/JN-AN-1223-ZigBee-IoT-Gateway-Control-Bridge/Admin/JN-AN-1223-ZigBee-IoT-Gateway-Control-Bridge-v1011/../../../../sdk/JN-SW-4168/Components/Library\libOS_JN516x.a(os_contirq_JN516x.o)
                0x00000000000ae508                os_ExternalException_R
                0x00000000000ae538                os_CFunc_W
                0x00000000000ae588                os_UnclaimedException_W
                0x00000000000ae5a8                os_UnclaimedInterrupt_W
 .text          0x00000000000ae5c8       0x48 c:/NXP/bstudio_nxp/workspace/JN-AN-1223-ZigBee-IoT-Gateway-Control-Bridge/Admin/JN-AN-1223-ZigBee-IoT-Gateway-Control-Bridge-v1011/../../../../sdk/JN-SW-4168/Components/Library\libPWRM_JN516x.a(pwrm_setjmp_JN516x.o)
                0x00000000000ae5c8                setjmp
                0x00000000000ae5ec                PWRM_longjmp
 .text          0x00000000000ae610       0x27 c:/NXP/bstudio_nxp/workspace/JN-AN-1223-ZigBee-IoT-Gateway-Control-Bridge/Admin/JN-AN-1223-ZigBee-IoT-Gateway-Control-Bridge-v1011/../../../../sdk/JN-SW-4168/Components/Library\libHardwareApi_JN5169.a(AHI_Interrupt.o)
                0x00000000000ae610                vAHI_InterruptSetPriority
                0x00000000000ae62e                vAHI_InterruptSetActivePriorityLevel
 .text.vMicroSyscall
                0x00000000000ae637       0x17 c:/NXP/bstudio_nxp/workspace/JN-AN-1223-ZigBee-IoT-Gateway-Control-Bridge/Admin/JN-AN-1223-ZigBee-IoT-Gateway-Control-Bridge-v1011/../../../../sdk/JN-SW-4168/Components/Library\libMicroSpecific_JN516x.a(MicroSyscall_ba.o)
                0x00000000000ae637                vMicroSyscall
 .text          0x00000000000ae64e        0x0 c:/NXP/bstudio_nxp/workspace/JN-AN-1223-ZigBee-IoT-Gateway-Control-Bridge/Admin/JN-AN-1223-ZigBee-IoT-Gateway-Control-Bridge-v1011/../../../../sdk/JN-SW-4168/Components/Library\libOS_JN516x.a(os_version_lc.o)
                0x00000000000ae64e                OS_Version_1v2
 .text          0x00000000000ae64e        0x0 c:/NXP/bstudio_nxp/workspace/JN-AN-1223-ZigBee-IoT-Gateway-Control-Bridge/Admin/JN-AN-1223-ZigBee-IoT-Gateway-Control-Bridge-v1011/../../../../sdk/JN-SW-4168/Components/Library\libZPSAPL_JN516x.a(zps_apl_version_lc.o)
                0x00000000000ae64e                ZPS_APL_Version_2v0
 .text          0x00000000000ae64e        0x0 c:/NXP/bstudio_nxp/workspace/JN-AN-1223-ZigBee-IoT-Gateway-Control-Bridge/Admin/JN-AN-1223-ZigBee-IoT-Gateway-Control-Bridge-v1011/../../../../sdk/JN-SW-4168/Components/Library\libZPSNWK_JN516x.a(zps_nwk_version_lc.o)
                0x00000000000ae64e                ZPS_NWK_Version_2v0
                0x00000000000ae64e                _flash_end = ABSOLUTE (.)

.rela.dyn       0x00000000000ae650        0x0
 .rela.text     0x0000000000000000        0x0 os_irq.o
 .rela.data     0x0000000000000000        0x0 os_irq.o
 .rela.text.unlikely
                0x0000000000000000        0x0 os_irq.o
 .rela.rodata   0x0000000000000000        0x0 os_irq.o
                0x000000000400004c                . = ORIGIN (ram)

.data           0x000000000400004c      0x94c load address 0x00000000000ae650
                0x000000000400004c                _ram_data_start = ABSOLUTE (.)
 *(.data*)
 .data          0x000000000400004c       0x10 C:\Users\nxf09282\AppData\Local\Temp\ccJZhFnf.ltrans0.ltrans.o
                0x000000000400004c                sZllState
 .data          0x000000000400005c      0x1d0 C:\Users\nxf09282\AppData\Local\Temp\ccJZhFnf.ltrans1.ltrans.o
                0x000000000400005c                sCLD_Groups
 *fill*         0x000000000400022c        0x4 00
 .data          0x0000000004000230       0x28 C:\Users\nxf09282\AppData\Local\Temp\ccJZhFnf.ltrans2.ltrans.o
                0x0000000004000230                sDeviceTable
                0x0000000004000248                s_sLedState
 .data          0x0000000004000258        0x1 C:\Users\nxf09282\AppData\Local\Temp\ccJZhFnf.ltrans3.ltrans.o
 *fill*         0x0000000004000259        0x3 00
 .data          0x000000000400025c        0x4 C:\Users\nxf09282\AppData\Local\Temp\ccJZhFnf.ltrans4.ltrans.o
                0x000000000400025c                u32HeapStart
 .data          0x0000000004000260        0xc C:\Users\nxf09282\AppData\Local\Temp\ccJZhFnf.ltrans6.ltrans.o
                0x0000000004000260                bCanLoopback.106043
 .data          0x000000000400026c       0x24 C:\Users\nxf09282\AppData\Local\Temp\ccJZhFnf.ltrans10.ltrans.o
                0x000000000400026c                sCertKey.9571
                0x000000000400027c                sMasterKey.9572
 .data          0x0000000004000290        0x1 C:\Users\nxf09282\AppData\Local\Temp\ccJZhFnf.ltrans14.ltrans.o
 *fill*         0x0000000004000291        0x3 00
 .data          0x0000000004000294        0x8 C:\Users\nxf09282\AppData\Local\Temp\ccJZhFnf.ltrans16.ltrans.o
                0x0000000004000294                u8MiniMacConfig_MaxConcurrentAssocResponses
                0x0000000004000298                psShadowRxBuffer
 .data          0x000000000400029c        0x6 C:\Users\nxf09282\AppData\Local\Temp\ccJZhFnf.ltrans18.ltrans.o
 *fill*         0x00000000040002a2        0x2 00
 .data          0x00000000040002a4       0x60 C:\Users\nxf09282\AppData\Local\Temp\ccJZhFnf.ltrans26.ltrans.o
                0x00000000040002a4                s_asapdujumboInstances
                0x00000000040002bc                s_asapduZDPInstances
 .data          0x0000000004000304        0xc C:\Users\nxf09282\AppData\Local\Temp\ccJZhFnf.ltrans28.ltrans.o
                0x0000000004000304                u8AhiBaudRate.184729
                0x0000000004000308                s_prbMemberCheck.100066
                0x000000000400030c                g_u8ZpsExpiryMaxCount
 .data          0x0000000004000310      0x670 C:\Users\nxf09282\AppData\Local\Temp\ccJZhFnf.ltrans31.ltrans.o
                0x0000000004000310                s_keyPairTableStorage.3141
                0x0000000004000370                os_Mutex_mutexMAC
                0x0000000004000378                os_Mutex_mutexZPS
                0x0000000004000380                s_sApl.3093
                0x00000000040004d0                os_Message_APP_msgZpsEvents
                0x00000000040004f4                os_Message_APP_msgEvents
                0x0000000004000518                os_Message_APP_CommissionEvents
                0x000000000400053c                os_Message_APP_msgZpsEvents_ZCL
                0x0000000004000560                os_Task_zps_taskZPS
                0x000000000400056c                os_Task_APP_taskAtParser
                0x0000000004000578                s_asTasks.1365
                0x0000000004000594                os_SWTimer_APP_cntrTickTimer_APP_tmrToggleLED
                0x00000000040005b0                os_SWTimer_APP_cntrTickTimer_APP_CommissionTimer
                0x00000000040005cc                os_SWTimer_APP_cntrTickTimer_APP_TickTimer
                0x00000000040005e8                os_SWTimer_APP_cntrTickTimer_APP_IdTimer
                0x0000000004000604                os_SWTimer_APP_cntrTickTimer_App_HAModeTimer
                0x0000000004000620                os_Message_APP_msgSerialTx
                0x0000000004000644                s_prvErrorHook.100064
 .data.s_asAPduPool
                0x0000000004000980       0x18 pdum_apdu.o
                0x0000000004000980                pdum_apduZDP
                0x0000000004000980                s_asAPduPool
                0x000000000400098c                pdum_apdujumbo
 *(.data.*)
                0x0000000004000998                . = ALIGN (0x4)
                0x0000000004000998                _ram_data_end = ABSOLUTE (.)

.bss            0x0000000004000998     0x5448 load address 0x00000000000aef9c
                0x0000000004000998                _bss_start = ABSOLUTE (.)
 *(.bss*)
 .bss           0x0000000004000998      0xd80 C:\Users\nxf09282\AppData\Local\Temp\ccJZhFnf.ltrans0.ltrans.o
                0x0000000004000998                sMiniMacPib
                0x0000000004000a34                pfTKDfunc
                0x0000000004000a38                psZCL_Common
                0x0000000004000a3c                bBlackListEnable
                0x0000000004000a3d                bSendFactoryResetOverAir
                0x0000000004000a40                u32OldFrameCtr
                0x0000000004000a44                bResetIssued
                0x0000000004000a48                sDeviceDesc
                0x0000000004000a4c                u32ChannelMask
                0x0000000004000a50                sControlBridge
                0x00000000040015f0                sCommission
                0x0000000004001608                au8LinkRxBuffer
 .bss           0x0000000004001718      0xf88 C:\Users\nxf09282\AppData\Local\Temp\ccJZhFnf.ltrans1.ltrans.o
                0x0000000004001718                gu16NumberOfSegments.210231
                0x000000000400171c                psPDM_Common
                0x0000000004001720                s_psNPduPoolEnd.100381
                0x0000000004001724                s_psNPduPoolStart.100380
                0x0000000004001728                s_psFreeListHead.100377
                0x000000000400172c                s_hMutex.100376
                0x0000000004001730                s_hMutex.100496
                0x0000000004001734                s_asAPduPool.100495
                0x0000000004001738                sScenesCustomData.12324
                0x0000000004001748                psAplDefaultZLLAPSLinkKey
                0x000000000400174c                pfExtendedStatusCallBack.189077
                0x0000000004001750                sReversedMacAddr.208515
                0x0000000004001758                sThisDeviceMacAddr
 .bss           0x00000000040026a0       0x10 C:\Users\nxf09282\AppData\Local\Temp\ccJZhFnf.ltrans2.ltrans.o
                0x00000000040026a0                u8Count.100378
                0x00000000040026a1                u8MaxNpdu.100379
                0x00000000040026a2                u8ApduCount.100497
                0x00000000040026a3                u8MaxApdu.100498
                0x00000000040026a4                u8JoinedDevice
                0x00000000040026a8                bSecondDisc.14277.8553
 .bss           0x00000000040026b0       0x10 C:\Users\nxf09282\AppData\Local\Temp\ccJZhFnf.ltrans3.ltrans.o
                0x00000000040026b0                prIntHandler.208888
                0x00000000040026b4                psTimerServerList
 .bss.initinboot
                0x00000000040026c0        0x1 C:\Users\nxf09282\AppData\Local\Temp\ccJZhFnf.ltrans3.ltrans.o
 *fill*         0x00000000040026c1        0x3 00
 .bss           0x00000000040026c4       0x18 C:\Users\nxf09282\AppData\Local\Temp\ccJZhFnf.ltrans4.ltrans.o
 .bss           0x00000000040026dc       0x18 C:\Users\nxf09282\AppData\Local\Temp\ccJZhFnf.ltrans5.ltrans.o
                0x00000000040026dc                bAHI_ExtendedTemperatureOperation
                0x00000000040026e0                g_tSpiConfiguration
                0x00000000040026e4                s_psCurrentTask.100060