Archive member included because of file (symbol)

c:/NXP/bstudio_nxp/workspace/JN-AN-1223-ZigBee-IoT-Gateway-Control-Bridge/Admin/JN-AN-1223-ZigBee-IoT-Gateway-Control-Bridge-v1011/../../../../sdk/JN-SW-4168/Components/Library\libZPSMAC_Mini_JN516x.a(zps_miniMac.o)
                              Diagnostics.o (symbol from plugin) (u16AvApsMessageTxRetry)
c:/NXP/bstudio_nxp/workspace/JN-AN-1223-ZigBee-IoT-Gateway-Control-Bridge/Admin/JN-AN-1223-ZigBee-IoT-Gateway-Control-Bridge-v1011/../../../../sdk/JN-SW-4168/Components/Library\libOS_JN516x.a(os.o)
                              os_gen.o (symbol from plugin) (os_vStart)
c:/NXP/bstudio_nxp/workspace/JN-AN-1223-ZigBee-IoT-Gateway-Control-Bridge/Admin/JN-AN-1223-ZigBee-IoT-Gateway-Control-Bridge-v1011/../../../../sdk/JN-SW-4168/Components/Library\libOS_JN516x.a(os_contirq_JN516x.o)
                              os_irq.o (os_UnclaimedException_W)
c:/NXP/bstudio_nxp/workspace/JN-AN-1223-ZigBee-IoT-Gateway-Control-Bridge/Admin/JN-AN-1223-ZigBee-IoT-Gateway-Control-Bridge-v1011/../../../../sdk/JN-SW-4168/Components/Library\libPWRM_JN516x.a(pwrm.o)
                              app_start.o (symbol from plugin) (PWRM_vManagePower)
c:/NXP/bstudio_nxp/workspace/JN-AN-1223-ZigBee-IoT-Gateway-Control-Bridge/Admin/JN-AN-1223-ZigBee-IoT-Gateway-Control-Bridge-v1011/../../../../sdk/JN-SW-4168/Components/Library\libPWRM_JN516x.a(pwrm_setjmp_JN516x.o)
                              pwrm.o (symbol from plugin) (setjmp)
c:/NXP/bstudio_nxp/workspace/JN-AN-1223-ZigBee-IoT-Gateway-Control-Bridge/Admin/JN-AN-1223-ZigBee-IoT-Gateway-Control-Bridge-v1011/../../../../sdk/JN-SW-4168/Components/Library\libPWRM_JN516x.a(pwrm_cold_start.o)
                              (AppColdStart)
c:/NXP/bstudio_nxp/workspace/JN-AN-1223-ZigBee-IoT-Gateway-Control-Bridge/Admin/JN-AN-1223-ZigBee-IoT-Gateway-Control-Bridge-v1011/../../../../sdk/JN-SW-4168/Components/Library\libPWRM_JN516x.a(pwrm_warm_start.o)
                              (AppWarmStart)
c:/NXP/bstudio_nxp/workspace/JN-AN-1223-ZigBee-IoT-Gateway-Control-Bridge/Admin/JN-AN-1223-ZigBee-IoT-Gateway-Control-Bridge-v1011/../../../../sdk/JN-SW-4168/Components/Library\libAES_SW_JN516x.a(aes_sw_mmo.o)
                              OTA.o (symbol from plugin) (AESSW_vMMOBlockUpdate)
c:/NXP/bstudio_nxp/workspace/JN-AN-1223-ZigBee-IoT-Gateway-Control-Bridge/Admin/JN-AN-1223-ZigBee-IoT-Gateway-Control-Bridge-v1011/../../../../sdk/JN-SW-4168/Components/Library\libPDUM_JN516x.a(pdum_nwk.o)
                              zps_miniMac.o (symbol from plugin) (PDUM_eNPduAllocate)
c:/NXP/bstudio_nxp/workspace/JN-AN-1223-ZigBee-IoT-Gateway-Control-Bridge/Admin/JN-AN-1223-ZigBee-IoT-Gateway-Control-Bridge-v1011/../../../../sdk/JN-SW-4168/Components/Library\libPDUM_JN516x.a(pdum_apl.o)
                              appZdpExtraction.o (symbol from plugin) (PDUM_u16APduInstanceReadNBO)
c:/NXP/bstudio_nxp/workspace/JN-AN-1223-ZigBee-IoT-Gateway-Control-Bridge/Admin/JN-AN-1223-ZigBee-IoT-Gateway-Control-Bridge-v1011/../../../../sdk/JN-SW-4168/Components/Library\libPDUM_JN516x.a(pdum.o)
                              pdum_nwk.o (symbol from plugin) (PDUM_u16SizeNBO)
c:/NXP/bstudio_nxp/workspace/JN-AN-1223-ZigBee-IoT-Gateway-Control-Bridge/Admin/JN-AN-1223-ZigBee-IoT-Gateway-Control-Bridge-v1011/../../../../sdk/JN-SW-4168/Components/Library\libZPSAPL_JN516x.a(zps_apl_af.o)
                              app_start.o (symbol from plugin) (ZPS_eAplAfInit)
c:/NXP/bstudio_nxp/workspace/JN-AN-1223-ZigBee-IoT-Gateway-Control-Bridge/Admin/JN-AN-1223-ZigBee-IoT-Gateway-Control-Bridge-v1011/../../../../sdk/JN-SW-4168/Components/Library\libZPSAPL_JN516x.a(zps_apl_af_apsde.o)
                              zps_gen.o (symbol from plugin) (zps_vHandleApsdeDataFragInd)
c:/NXP/bstudio_nxp/workspace/JN-AN-1223-ZigBee-IoT-Gateway-Control-Bridge/Admin/JN-AN-1223-ZigBee-IoT-Gateway-Control-Bridge-v1011/../../../../sdk/JN-SW-4168/Components/Library\libZPSAPL_JN516x.a(zps_apl_task.o)
                              zps_apl_af_apsde.o (symbol from plugin) (zps_vAplAfPostEvent)
c:/NXP/bstudio_nxp/workspace/JN-AN-1223-ZigBee-IoT-Gateway-Control-Bridge/Admin/JN-AN-1223-ZigBee-IoT-Gateway-Control-Bridge-v1011/../../../../sdk/JN-SW-4168/Components/Library\libZPSAPL_JN516x.a(zps_apl_apsde.o)
                              zps_apl_task.o (symbol from plugin) (ZPS_vAplRegisterApsdeDcfmIndCallbacks)
c:/NXP/bstudio_nxp/workspace/JN-AN-1223-ZigBee-IoT-Gateway-Control-Bridge/Admin/JN-AN-1223-ZigBee-IoT-Gateway-Control-Bridge-v1011/../../../../sdk/JN-SW-4168/Components/Library\libZPSAPL_JN516x.a(zps_apl_apsme.o)
                              zps_apl_task.o (symbol from plugin) (ZPS_vAplRegisterApsmeDcfmIndCallbacks)
c:/NXP/bstudio_nxp/workspace/JN-AN-1223-ZigBee-IoT-Gateway-Control-Bridge/Admin/JN-AN-1223-ZigBee-IoT-Gateway-Control-Bridge-v1011/../../../../sdk/JN-SW-4168/Components/Library\libZPSAPL_JN516x.a(zps_apl_aps_nlde.o)
[...]
Memory Configuration

Name             Origin             Length             Attributes
flash            0x0000000000080000 0x0000000000040000
ram              0x000000000400004c 0x0000000000007fb4
*default*        0x0000000000000000 0xffffffffffffffff

Linker script and memory map

                0x0000000000001964                __stack_size = 0x1964
                0x00000000000007d0                __minimum_heap_size = 0x7d0
START GROUP
LOAD os_gen.o
LOAD C:\Users\nxf09282\AppData\Local\Temp\cch6qjxd.ltrans0.ltrans.o
LOAD C:\Users\nxf09282\AppData\Local\Temp\cch6qjxd.ltrans1.ltrans.o
LOAD C:\Users\nxf09282\AppData\Local\Temp\cch6qjxd.ltrans2.ltrans.o
LOAD C:\Users\nxf09282\AppData\Local\Temp\cch6qjxd.ltrans3.ltrans.o
LOAD C:\Users\nxf09282\AppData\Local\Temp\cch6qjxd.ltrans4.ltrans.o
LOAD C:\Users\nxf09282\AppData\Local\Temp\cch6qjxd.ltrans5.ltrans.o
LOAD C:\Users\nxf09282\AppData\Local\Temp\cch6qjxd.ltrans6.ltrans.o
LOAD C:\Users\nxf09282\AppData\Local\Temp\cch6qjxd.ltrans7.ltrans.o
LOAD C:\Users\nxf09282\AppData\Local\Temp\cch6qjxd.ltrans8.ltrans.o
LOAD C:\Users\nxf09282\AppData\Local\Temp\cch6qjxd.ltrans9.ltrans.o
LOAD C:\Users\nxf09282\AppData\Local\Temp\cch6qjxd.ltrans10.ltrans.o
LOAD C:\Users\nxf09282\AppData\Local\Temp\cch6qjxd.ltrans11.ltrans.o
LOAD C:\Users\nxf09282\AppData\Local\Temp\cch6qjxd.ltrans12.ltrans.o
LOAD C:\Users\nxf09282\AppData\Local\Temp\cch6qjxd.ltrans13.ltrans.o
LOAD C:\Users\nxf09282\AppData\Local\Temp\cch6qjxd.ltrans14.ltrans.o
LOAD C:\Users\nxf09282\AppData\Local\Temp\cch6qjxd.ltrans15.ltrans.o
LOAD C:\Users\nxf09282\AppData\Local\Temp\cch6qjxd.ltrans16.ltrans.o
LOAD C:\Users\nxf09282\AppData\Local\Temp\cch6qjxd.ltrans17.ltrans.o
LOAD C:\Users\nxf09282\AppData\Local\Temp\cch6qjxd.ltrans18.ltrans.o
LOAD C:\Users\nxf09282\AppData\Local\Temp\cch6qjxd.ltrans19.ltrans.o
LOAD C:\Users\nxf09282\AppData\Local\Temp\cch6qjxd.ltrans20.ltrans.o
LOAD C:\Users\nxf09282\AppData\Local\Temp\cch6qjxd.ltrans21.ltrans.o
LOAD C:\Users\nxf09282\AppData\Local\Temp\cch6qjxd.ltrans22.ltrans.o
LOAD C:\Users\nxf09282\AppData\Local\Temp\cch6qjxd.ltrans23.ltrans.o
LOAD C:\Users\nxf09282\AppData\Local\Temp\cch6qjxd.ltrans24.ltrans.o
LOAD C:\Users\nxf09282\AppData\Local\Temp\cch6qjxd.ltrans25.ltrans.o
LOAD C:\Users\nxf09282\AppData\Local\Temp\cch6qjxd.ltrans26.ltrans.o
LOAD C:\Users\nxf09282\AppData\Local\Temp\cch6qjxd.ltrans27.ltrans.o
LOAD C:\Users\nxf09282\AppData\Local\Temp\cch6qjxd.ltrans28.ltrans.o
LOAD C:\Users\nxf09282\AppData\Local\Temp\cch6qjxd.ltrans29.ltrans.o
LOAD C:\Users\nxf09282\AppData\Local\Temp\cch6qjxd.ltrans30.ltrans.o
LOAD C:\Users\nxf09282\AppData\Local\Temp\cch6qjxd.ltrans31.ltrans.o
LOAD c:/nxp/bstudio_nxp/sdk/tools/ba-elf-ba2-r36379/bin/../lib/gcc/ba-elf/4.7.4/../../../../ba-elf/lib/mcpu_jn51xx_sizeopt\libc.a
LOAD c:/nxp/bstudio_nxp/sdk/tools/ba-elf-ba2-r36379/bin/../lib/gcc/ba-elf/4.7.4/mcpu_jn51xx_sizeopt\libgcc.a
LOAD c:/nxp/bstudio_nxp/sdk/tools/ba-elf-ba2-r36379/bin/../lib/gcc/ba-elf/4.7.4/../../../../ba-elf/lib/mcpu_jn51xx_sizeopt\libc.a
LOAD os_irq.o
LOAD os_irq_alignment.o
LOAD os_irq_buserror.o
LOAD os_irq_illegalinstruction.o
LOAD os_irq_stackoverflowexception.o
LOAD os_irq_unimplementedmodule.o
LOAD pdum_gen.o
LOAD zps_gen.o
LOAD app_Znc_cmds.o
LOAD app_Znc_zcltask.o
LOAD app_ZncParser_task.o
LOAD app_ZncCommission_task.o
LOAD app_start.o
LOAD SerialLink.o
LOAD uart.o
LOAD NumToString.o
LOAD app_timer_driver.o
LOAD ecb_decrypt.o
LOAD appZpsBeaconHandler.o
LOAD appZdpExtraction.o
LOAD pdum_apdu.o
LOAD app_scenes.o
LOAD app_ota_server.o
LOAD app_poll_control_commands_handler.o
LOAD Alarms.o
LOAD AlarmsClientCommands.o
LOAD AlarmsCommandHandler.o
LOAD AlarmsServerCommands.o
LOAD AlarmsTableManager.o
LOAD AnalogInputBasic.o
LOAD AnalogOutputBasic.o
LOAD Basic.o
LOAD BasicClientCommands.o
LOAD BasicCommandHandler.o
LOAD BinaryInputBasic.o
LOAD BinaryOutputBasic.o
LOAD Commissioning.o
LOAD DeviceTemperatureConfiguration.o
LOAD Diagnostics.o
LOAD DoorLock.o
LOAD DoorLockCommandHandler.o
LOAD DoorLockCommands.o
LOAD ElectricalMeasurement.o
LOAD Groups.o
LOAD GroupsClientCommands.o
LOAD GroupsCommandHandler.o
LOAD GroupsServerCommands.o
LOAD GroupsTableManager.o
LOAD Identify.o
LOAD IdentifyClientCommands.o
LOAD IdentifyCommandHandler.o
LOAD IdentifyServerCommands.o
LOAD LevelControl.o
LOAD LevelControlClientCommands.o
LOAD LevelControlCommandHandler.o
LOAD MultistateInputBasic.o
LOAD MultistateOutputBasic.o
LOAD OOSC.o
LOAD OnOff.o
LOAD OnOffCommandHandler.o
LOAD OnOffCommands.o
LOAD PollControl.o
LOAD PollControlClientCommands.o
LOAD PollControlCommandHandler.o
LOAD PollControlServerCommands.o
LOAD PowerConfiguration.o
LOAD Scenes.o
LOAD ScenesClientCommands.o
LOAD ScenesClusterManagement.o
LOAD ScenesCommandHandler.o
LOAD ScenesServerCommands.o
LOAD ScenesTableManager.o
LOAD TC.o
LOAD Time.o
LOAD FlowMeasurement.o
LOAD IlluminanceLevelSensing.o
LOAD IlluminanceMeasurement.o
LOAD OccupancySensing.o
LOAD PressureMeasurement.o
LOAD RelativeHumidityMeasurement.o
LOAD TemperatureMeasurement.o
LOAD zll_CommissionCmdHandler.o
LOAD zll_UtilityCmdHandler.o
LOAD zll_commission.o
LOAD zll_utility.o
LOAD colour_light.o
LOAD colour_remote.o
LOAD colour_scene_remote.o
LOAD colour_temperature_light.o
LOAD commission_endpoint.o
LOAD control_bridge.o
LOAD dimmable_light.o
LOAD dimmable_plug.o
LOAD extended_colour_light.o
LOAD non_colour_remote.o
LOAD non_colour_scene_remote.o
LOAD on_off_light.o
LOAD on_off_plug.o
LOAD on_off_sensor.o
LOAD zll.o
LOAD BallastConfiguration.o
LOAD ColourControl.o
LOAD ColourControlClientCommands.o
LOAD ColourControlCommandHandler.o
LOAD ColourControlConversions.o
LOAD ApplianceControl.o
LOAD ApplianceControlClientCommands.o
LOAD ApplianceControlCommandHandler.o
LOAD ApplianceControlServerCommands.o
LOAD ApplianceEventsAndAlerts.o
LOAD ApplianceEventsAndAlertsClientCommands.o
LOAD ApplianceEventsAndAlertsCommandHandler.o
LOAD ApplianceEventsAndAlertsServerCommands.o
LOAD ApplianceIdentification.o
LOAD ApplianceStatistics.o
LOAD ApplianceStatisticsClientCommands.o
LOAD ApplianceStatisticsCommandHandler.o
LOAD ApplianceStatisticsServerCommands.o
LOAD PowerProfile.o
LOAD PowerProfileClientCommands.o
LOAD PowerProfileCommandHandler.o
LOAD PowerProfileServerCommands.o
LOAD home_gateway.o
LOAD white_goods.o
LOAD FanControl.o
LOAD Thermostat.o
LOAD ThermostatCommandHandler.o
LOAD ThermostatCommands.o
LOAD ThermostatUIConfig.o
LOAD temperature_sensor.o
LOAD thermostat_device.o
LOAD DRLC.o
LOAD DRLCCommandCanceAlllLoadControlEvents.o
LOAD DRLCCommandCancelLoadControlEvent.o
LOAD DRLCCommandGetScheduledEvents.o
LOAD DRLCCommandHandler.o
LOAD DRLCCommandLoadControlEvent.o
LOAD DRLCCommandReportEventStatus.o
LOAD DRLCCustomCommandResponsesClient.o
LOAD DRLCCustomCommandResponsesServer.o
LOAD DRLCEffectiveTime.o
LOAD DRLCScheduler.o
LOAD DRLCTableManagerNoMutex.o
LOAD DRLCTableManagerServer.o
LOAD DRLCUserEventOptInOut.o
LOAD Price.o
LOAD PriceBlockPeriodTableManager.o
LOAD PriceCalorificValueTableManager.o
LOAD PriceCommandGetBlockPeriod.o
LOAD PriceCommandGetCalorificValue.o
LOAD PriceCommandGetConversionFactor.o
LOAD PriceCommandGetCurrentPrice.o
LOAD PriceCommandGetScheduledPrices.o
LOAD PriceCommandPriceAck.o
LOAD PriceCommandPublishBlockPeriod.o
LOAD PriceCommandPublishBlockPeriodReceive.o
LOAD PriceCommandPublishCalorificValue.o
LOAD PriceCommandPublishCalorificValueReceive.o
LOAD PriceCommandPublishConversionFactor.o
LOAD PriceCommandPublishConversionFactorReceive.o
LOAD PriceCommandPublishPrice.o
LOAD PriceCommandPublishPriceReceive.o
LOAD PriceConversionFactorTableManager.o
LOAD PriceCustomCommandHandler.o
LOAD PriceCustomCommandResponses.o
LOAD PriceScheduler.o
LOAD PriceServerAttributeManager.o
LOAD PriceTableManager.o
LOAD SimpleMetering.o
LOAD SimpleMeteringCommandHandler.o
LOAD SimpleMetering_SendRequest.o
LOAD IASACE.o
LOAD IASACEClientCommands.o
LOAD IASACECommandHandler.o
LOAD IASACEServerCommands.o
LOAD IASWD.o
LOAD IASWDCommandHandler.o
LOAD IASWDCommands.o
LOAD IASZone.o
LOAD IASZoneCommandHandler.o
LOAD IASZoneCommands.o
LOAD ancillary_control_equipment.o
LOAD control_and_indicating_equipment.o
LOAD warning_device.o
LOAD zone.o
LOAD dlist.o
LOAD zcl.o
LOAD zcl_CustomCommandReceive.o
LOAD zcl_CustomCommandSend.o
LOAD zcl_PDUbufferReadWrite.o
LOAD zcl_PDUbufferReadWriteString.o
LOAD zcl_WriteAttributesRequestHandle.o
LOAD zcl_WriteAttributesRequestSend.o
LOAD zcl_WriteAttributesResponseHandle.o
LOAD zcl_attribute.o
LOAD zcl_buffer.o
LOAD zcl_clusterCommand.o
LOAD zcl_command.o
LOAD zcl_configureReportingCommandHandle.o
LOAD zcl_configureReportingCommandSend.o
LOAD zcl_configureReportingResponseHandle.o
LOAD zcl_defaultResponse.o
LOAD zcl_discoverAttributesExtendedRequestHandle.o
LOAD zcl_discoverAttributesExtendedRequestSend.o
LOAD zcl_discoverAttributesExtendedResponseHandle.o
LOAD zcl_discoverAttributesRequestHandle.o
LOAD zcl_discoverAttributesRequestSend.o
LOAD zcl_discoverAttributesResponseHandle.o
LOAD zcl_discoverCommandsRequestHandle.o
LOAD zcl_discoverCommandsRequestSend.o
LOAD zcl_discoverCommandsResponseHandle.o
LOAD zcl_event.o
LOAD zcl_heap.o
LOAD zcl_library_options.o
LOAD zcl_readAttributesRequestHandle.o
LOAD zcl_readAttributesRequestSend.o
LOAD zcl_readAttributesResponseHandle.o
LOAD zcl_readReportingConfigurationCommandHandle.o
LOAD zcl_readReportingConfigurationCommandSend.o
LOAD zcl_readReportingConfigurationResponseHandle.o
LOAD zcl_reportManager.o
LOAD zcl_reportMaths.o
LOAD zcl_reportScheduler.o
LOAD zcl_reportStringHandling.o
LOAD zcl_reportStructure.o
LOAD zcl_search.o
LOAD zcl_timer.o
LOAD zcl_transmit.o
LOAD OTA.o
LOAD OTA_ClientUpgradeManager.o
LOAD OTA_CustomCommandHandler.o
LOAD OTA_CustomReceiveCommands.o
LOAD OTA_ServerUpgradeManager.o
LOAD OTA_client.o
LOAD OTA_common.o
LOAD OTA_server.o
LOAD c:/NXP/bstudio_nxp/workspace/JN-AN-1223-ZigBee-IoT-Gateway-Control-Bridge/Admin/JN-AN-1223-ZigBee-IoT-Gateway-Control-Bridge-v1011/../../../../sdk/JN-SW-4168/Components/Library\libZPSMAC_Mini_JN516x.a
LOAD c:/NXP/bstudio_nxp/workspace/JN-AN-1223-ZigBee-IoT-Gateway-Control-Bridge/Admin/JN-AN-1223-ZigBee-IoT-Gateway-Control-Bridge-v1011/../../../../sdk/JN-SW-4168/Components/Library\libOS_JN516x.a
LOAD c:/NXP/bstudio_nxp/workspace/JN-AN-1223-ZigBee-IoT-Gateway-Control-Bridge/Admin/JN-AN-1223-ZigBee-IoT-Gateway-Control-Bridge-v1011/../../../../sdk/JN-SW-4168/Components/Library\libPWRM_JN516x.a
LOAD c:/NXP/bstudio_nxp/workspace/JN-AN-1223-ZigBee-IoT-Gateway-Control-Bridge/Admin/JN-AN-1223-ZigBee-IoT-Gateway-Control-Bridge-v1011/../../../../sdk/JN-SW-4168/Components/Library\libZPSTSV_JN516x.a
LOAD c:/NXP/bstudio_nxp/workspace/JN-AN-1223-ZigBee-IoT-Gateway-Control-Bridge/Admin/JN-AN-1223-ZigBee-IoT-Gateway-Control-Bridge-v1011/../../../../sdk/JN-SW-4168/Components/Library\libAES_SW_JN516x.a
LOAD c:/NXP/bstudio_nxp/workspace/JN-AN-1223-ZigBee-IoT-Gateway-Control-Bridge/Admin/JN-AN-1223-ZigBee-IoT-Gateway-Control-Bridge-v1011/../../../../sdk/JN-SW-4168/Components/Library\libPDUM_JN516x.a
LOAD c:/NXP/bstudio_nxp/workspace/JN-AN-1223-ZigBee-IoT-Gateway-Control-Bridge/Admin/JN-AN-1223-ZigBee-IoT-Gateway-Control-Bridge-v1011/../../../../sdk/JN-SW-4168/Components/Library\libZPSAPL_JN516x.a
LOAD c:/NXP/bstudio_nxp/workspace/JN-AN-1223-ZigBee-IoT-Gateway-Control-Bridge/Admin/JN-AN-1223-ZigBee-IoT-Gateway-Control-Bridge-v1011/../../../../sdk/JN-SW-4168/Components/Library\libRandom_JN516x.a
LOAD c:/NXP/bstudio_nxp/workspace/JN-AN-1223-ZigBee-IoT-Gateway-Control-Bridge/Admin/JN-AN-1223-ZigBee-IoT-Gateway-Control-Bridge-v1011/../../../../sdk/JN-SW-4168/Components/Library\libPDM_EEPROM_JN516x.a
LOAD c:/NXP/bstudio_nxp/workspace/JN-AN-1223-ZigBee-IoT-Gateway-Control-Bridge/Admin/JN-AN-1223-ZigBee-IoT-Gateway-Control-Bridge-v1011/../../../../sdk/JN-SW-4168/Components/Library\libDBG_JN516x.a
LOAD c:/NXP/bstudio_nxp/workspace/JN-AN-1223-ZigBee-IoT-Gateway-Control-Bridge/Admin/JN-AN-1223-ZigBee-IoT-Gateway-Control-Bridge-v1011/../../../../sdk/JN-SW-4168/Components/Library\libZPSZLL_JN516x.a
LOAD c:/NXP/bstudio_nxp/workspace/JN-AN-1223-ZigBee-IoT-Gateway-Control-Bridge/Admin/JN-AN-1223-ZigBee-IoT-Gateway-Control-Bridge-v1011/../../../../sdk/JN-SW-4168/Components/Library\libZPSNWK_JN516x.a
LOAD c:/NXP/bstudio_nxp/workspace/JN-AN-1223-ZigBee-IoT-Gateway-Control-Bridge/Admin/JN-AN-1223-ZigBee-IoT-Gateway-Control-Bridge-v1011/../../../../sdk/JN-SW-4168/Components/Library\libMiniMac_JN516x.a
LOAD c:/NXP/bstudio_nxp/workspace/JN-AN-1223-ZigBee-IoT-Gateway-Control-Bridge/Admin/JN-AN-1223-ZigBee-IoT-Gateway-Control-Bridge-v1011/../../../../sdk/JN-SW-4168/Components/Library\libMiniMacShim_JN516x.a
LOAD c:/NXP/bstudio_nxp/workspace/JN-AN-1223-ZigBee-IoT-Gateway-Control-Bridge/Admin/JN-AN-1223-ZigBee-IoT-Gateway-Control-Bridge-v1011/../../../../sdk/JN-SW-4168/Components/Library\libMMAC_JN516x.a
LOAD c:/NXP/bstudio_nxp/workspace/JN-AN-1223-ZigBee-IoT-Gateway-Control-Bridge/Admin/JN-AN-1223-ZigBee-IoT-Gateway-Control-Bridge-v1011/../../../../sdk/JN-SW-4168/Components/Library\libAes_JN516x.a
LOAD c:/NXP/bstudio_nxp/workspace/JN-AN-1223-ZigBee-IoT-Gateway-Control-Bridge/Admin/JN-AN-1223-ZigBee-IoT-Gateway-Control-Bridge-v1011/../../../../sdk/JN-SW-4168/Components/Library\libHardwareApi_JN516x.a
LOAD c:/NXP/bstudio_nxp/workspace/JN-AN-1223-ZigBee-IoT-Gateway-Control-Bridge/Admin/JN-AN-1223-ZigBee-IoT-Gateway-Control-Bridge-v1011/../../../../sdk/JN-SW-4168/Components/Library\libMicroSpecific_JN516x.a
LOAD c:/NXP/bstudio_nxp/workspace/JN-AN-1223-ZigBee-IoT-Gateway-Control-Bridge/Admin/JN-AN-1223-ZigBee-IoT-Gateway-Control-Bridge-v1011/../../../../sdk/JN-SW-4168/Components/Library\libBoot_JN516x.a
LOAD c:/NXP/bstudio_nxp/workspace/JN-AN-1223-ZigBee-IoT-Gateway-Control-Bridge/Admin/JN-AN-1223-ZigBee-IoT-Gateway-Control-Bridge-v1011/../../../../sdk/JN-SW-4168/Platform/DK2/Library\libBoardLib_JN516x.a
LOAD c:/nxp/bstudio_nxp/sdk/tools/ba-elf-ba2-r36379/bin/../lib/gcc/ba-elf/4.7.4/../../../../ba-elf/lib/mcpu_jn51xx_sizeopt\libm.a
END GROUP
LOAD c:/nxp/bstudio_nxp/sdk/tools/ba-elf-ba2-r36379/bin/../lib/gcc/ba-elf/4.7.4/../../../../ba-elf/lib/mcpu_jn51xx_sizeopt\libc.a
LOAD c:/nxp/bstudio_nxp/sdk/tools/ba-elf-ba2-r36379/bin/../lib/gcc/ba-elf/4.7.4/mcpu_jn51xx_sizeopt\libgcc.a
LOAD c:/nxp/bstudio_nxp/sdk/tools/ba-elf-ba2-r36379/bin/../lib/gcc/ba-elf/4.7.4/../../../../ba-elf/lib/mcpu_jn51xx_sizeopt\libc.a
                0x0000000000080038                _exception_vsr_table = 0x80038
                0x0000000004000000                pSPIflashFncTable = 0x4000000
                0x0000000000000044                restore_state = 0x44
                0x000000000000004a                bZSPIWaitWIPClear = 0x4a
                0x0000000000000050                u16ZSPIflashRDID = 0x50
                0x0000000000000056                u8SelectFlashChipType = 0x56
                0x000000000000005c                memcpy = 0x5c
                0x0000000000000066                vBootFlashProg = 0x66
                [0x00000000000007d0]                __minimum_heap_size = DEFINED (__minimum_heap_size)?__minimum_heap_size:0xd16
                [0x0000000000001964]                __stack_size = DEFINED (__stack_size)?__stack_size:0x800
                0x0000000000000000                _SwConfig = (DEFINED (g_bSWConf_Debug) | (DEFINED (g_bSWConf_AltDebugPort) << 0x1))

.version        0x000000000007fffc        0x4
                0x000000000007fffc        0x4 LONG 0x7030008

.bir            0x0000000000080000       0x10
                0x0000000000080000                _flash_start = ABSOLUTE (.)
                0x0000000000080000                _flash_beg = ABSOLUTE (.)
                0x0000000000080000        0x4 LONG 0x12345678
                0x0000000000080004        0x4 LONG 0x11223344
                0x0000000000080008        0x4 LONG 0x55667788
                0x000000000008000c        0x1 BYTE 0x8
                0x000000000008000d        0x1 BYTE 0x1
                0x000000000008000e        0x2 SHORT 0x0

.flashheader    0x0000000000080010       0x28
                0x0000000000080010        0x4 LONG 0x0
                0x0000000000080014        0x4 LONG 0x0
                0x0000000000080018        0x4 LONG 0x0
                0x000000000008001c        0x2 SHORT 0x0
                0x000000000008001e        0x2 SHORT 0x0 ABSOLUTE (_SwConfig)
                0x0000000000080020                _enc_start = ABSOLUTE (.)
                0x0000000000080020        0x4 LONG 0x2edcc ABSOLUTE (_image_len)
                0x0000000000080024        0x4 LONG 0xae480 ABSOLUTE (_flash_data_start)
                0x0000000000080028        0x2 SHORT 0x13 ((ABSOLUTE (_ram_data_start) / 0x4) & 0xffff)
                0x000000000008002a        0x2 SHORT 0x253 ((ABSOLUTE (_ram_data_len) / 0x4) & 0xffff)
                0x000000000008002c        0x2 SHORT 0x266 ((ABSOLUTE (_bss_start) / 0x4) & 0xffff)
                0x000000000008002e        0x2 SHORT 0x1512 ((ABSOLUTE (_bss_len) / 0x4) & 0xffff)
                0x0000000000080030        0x4 LONG 0xad6ef ABSOLUTE (AppWarmStart)
                0x0000000000080034        0x4 LONG 0xad70b ABSOLUTE (AppColdStart)
                0x0000000000000000                _enc_offset = (_enc_start & 0xf)

.ro_mac_address
                0x0000000000080040       0x10
                0x0000000000080040                _FlsMACAddress = ABSOLUTE (.)
 *(.ro_mac_address)
 .ro_mac_address
                0x0000000000080040        0x8 C:\Users\nxf09282\AppData\Local\Temp\cch6qjxd.ltrans15.ltrans.o
                0x0000000000080050                . = ALIGN (0x10)
 *fill*         0x0000000000080048        0x8 00

.ro_ota_header  0x0000000000080050       0x50
                0x0000000000080050                _FlsOtaHeader = ABSOLUTE (.)
 *(.ro_ota_header)
 .ro_ota_header
                0x0000000000080050       0x45 C:\Users\nxf09282\AppData\Local\Temp\cch6qjxd.ltrans15.ltrans.o
                0x00000000000800a0                . = ALIGN (0x10)
 *fill*         0x0000000000080095        0xb 00

.ro_se_lnkKey   0x00000000000800a0        0x0
                0x00000000000800a0                _FlsLinkKey = ABSOLUTE (.)
 *(.ro_se_lnkKey)
                0x00000000000800a0                . = ALIGN (0x10)

.rodata         0x00000000000800a0     0x2398
 *(.rodata*)
 .rodata.str1.1
                0x00000000000800a0      0x30d C:\Users\nxf09282\AppData\Local\Temp\cch6qjxd.ltrans0.ltrans.o
                                        0x321 (size before relaxing)
 .rodata.str1.1
                0x00000000000803ad       0xad C:\Users\nxf09282\AppData\Local\Temp\cch6qjxd.ltrans1.ltrans.o
 *fill*         0x000000000008045a        0x2 00
 .rodata        0x000000000008045c      0x18c C:\Users\nxf09282\AppData\Local\Temp\cch6qjxd.ltrans1.ltrans.o
 .rodata.str1.1
                0x00000000000805e8      0x1dd C:\Users\nxf09282\AppData\Local\Temp\cch6qjxd.ltrans2.ltrans.o
                                        0x1f3 (size before relaxing)
 *fill*         0x00000000000807c5        0x3 00
 .rodata        0x00000000000807c8       0x40 C:\Users\nxf09282\AppData\Local\Temp\cch6qjxd.ltrans3.ltrans.o
 .rodata.str1.1
                0x0000000000000000      0x1dd C:\Users\nxf09282\AppData\Local\Temp\cch6qjxd.ltrans3.ltrans.o
                                          0x8 (size before relaxing)
 .rodata.str1.1
                0x0000000000080808        0x6 C:\Users\nxf09282\AppData\Local\Temp\cch6qjxd.ltrans4.ltrans.o
                                          0xe (size before relaxing)
 *fill*         0x000000000008080e        0x2 00
 .rodata        0x0000000000080810       0x10 C:\Users\nxf09282\AppData\Local\Temp\cch6qjxd.ltrans4.ltrans.o
 .rodata.str1.1
                0x0000000000080820       0x25 C:\Users\nxf09282\AppData\Local\Temp\cch6qjxd.ltrans5.ltrans.o
                                         0x30 (size before relaxing)
 .rodata        0x0000000000080845        0x7 C:\Users\nxf09282\AppData\Local\Temp\cch6qjxd.ltrans5.ltrans.o
                0x0000000000080845                u8MacNwkTriesTimeout
 .rodata.str1.1
                0x0000000000000000       0x25 C:\Users\nxf09282\AppData\Local\Temp\cch6qjxd.ltrans6.ltrans.o
                                          0x7 (size before relaxing)
 .rodata.str1.1
                0x000000000008084c       0x15 C:\Users\nxf09282\AppData\Local\Temp\cch6qjxd.ltrans7.ltrans.o
                                         0x18 (size before relaxing)
 .rodata.str1.1
                0x0000000000080861       0x1f C:\Users\nxf09282\AppData\Local\Temp\cch6qjxd.ltrans8.ltrans.o
 .rodata.str1.1
                0x0000000000000000        0x8 C:\Users\nxf09282\AppData\Local\Temp\cch6qjxd.ltrans9.ltrans.o
 .rodata.str1.1
                0x0000000000000000       0x1f C:\Users\nxf09282\AppData\Local\Temp\cch6qjxd.ltrans10.ltrans.o
                                          0xa (size before relaxing)
 .rodata        0x0000000000080880       0x4c C:\Users\nxf09282\AppData\Local\Temp\cch6qjxd.ltrans10.ltrans.o
                0x0000000000080880                g_u32NwkFcSaveCountBitShift
 .rodata.str1.1
                0x00000000000808cc       0x11 C:\Users\nxf09282\AppData\Local\Temp\cch6qjxd.ltrans11.ltrans.o
                                         0x20 (size before relaxing)
 .rodata.str1.1
                0x00000000000808dd       0x21 C:\Users\nxf09282\AppData\Local\Temp\cch6qjxd.ltrans12.ltrans.o
                                         0x45 (size before relaxing)
 .rodata.str1.1
                0x00000000000808fe        0x5 C:\Users\nxf09282\AppData\Local\Temp\cch6qjxd.ltrans13.ltrans.o
                                         0x13 (size before relaxing)
 *fill*         0x0000000000080903        0x1 00
 .rodata        0x0000000000080904       0xcc C:\Users\nxf09282\AppData\Local\Temp\cch6qjxd.ltrans13.ltrans.o
                0x0000000000080904                s_aprIdleStHandleCme.200706
                0x0000000000080918                s_aprActvStHandleCme.196838
                0x000000000008093c                zps_pacNwkFrmStdByteFmt
                0x0000000000080940                zps_pacNwkFrmStdLongFmt
                0x0000000000080944                zps_pacNwkFrmStdHalfFmt
 .rodata.str1.1
                0x00000000000809d0       0x64 C:\Users\nxf09282\AppData\Local\Temp\cch6qjxd.ltrans14.ltrans.o
 .rodata        0x0000000000080a34       0x18 C:\Users\nxf09282\AppData\Local\Temp\cch6qjxd.ltrans14.ltrans.o
                0x0000000000080a34                au32NwkPdmRecordOffsets
 .rodata.str1.1
                0x0000000000080a4c       0xe6 C:\Users\nxf09282\AppData\Local\Temp\cch6qjxd.ltrans15.ltrans.o
                                         0xfd (size before relaxing)
 .rodata        0x0000000000080b32      0x105 C:\Users\nxf09282\AppData\Local\Temp\cch6qjxd.ltrans15.ltrans.o
 .rodata.str1.1
                0x0000000000080c37      0x67f C:\Users\nxf09282\AppData\Local\Temp\cch6qjxd.ltrans16.ltrans.o
                                        0x6a4 (size before relaxing)
 .rodata        0x00000000000812b6        0x8 C:\Users\nxf09282\AppData\Local\Temp\cch6qjxd.ltrans16.ltrans.o
 .rodata.str1.1
                0x0000000000000000        0x3 C:\Users\nxf09282\AppData\Local\Temp\cch6qjxd.ltrans17.ltrans.o
 .rodata.str1.1
                0x00000000000812be       0x12 C:\Users\nxf09282\AppData\Local\Temp\cch6qjxd.ltrans19.ltrans.o
 .rodata        0x00000000000812d0       0x14 C:\Users\nxf09282\AppData\Local\Temp\cch6qjxd.ltrans19.ltrans.o
                0x00000000000812d0                gMAC_u8MaxBuffers
                0x00000000000812d4                g_u32ApsFcSaveCountBitShift
                0x00000000000812d8                u8MaxZpsConfigEp
                0x00000000000812d9                au8EpMapPresent
                0x00000000000812dc                s_groupPdmTable
 .rodata.str1.1
                0x00000000000812e4        0xc C:\Users\nxf09282\AppData\Local\Temp\cch6qjxd.ltrans20.ltrans.o
                                         0x1d (size before relaxing)
 .rodata.str1.1
                0x00000000000812f0      0x4c9 C:\Users\nxf09282\AppData\Local\Temp\cch6qjxd.ltrans21.ltrans.o
 .rodata.str1.1
                0x00000000000817b9       0x4b C:\Users\nxf09282\AppData\Local\Temp\cch6qjxd.ltrans22.ltrans.o
                                         0x58 (size before relaxing)
 .rodata.str1.1
                0x0000000000081804       0x85 C:\Users\nxf09282\AppData\Local\Temp\cch6qjxd.ltrans23.ltrans.o
                                         0xc4 (size before relaxing)
 *fill*         0x0000000000081889        0x1 00
 .rodata        0x000000000008188a      0x116 C:\Users\nxf09282\AppData\Local\Temp\cch6qjxd.ltrans23.ltrans.o
 .rodata.str1.1
                0x00000000000819a0       0xa0 C:\Users\nxf09282\AppData\Local\Temp\cch6qjxd.ltrans24.ltrans.o
                                         0xa8 (size before relaxing)
 .rodata.str1.1
                0x0000000000000000        0x8 C:\Users\nxf09282\AppData\Local\Temp\cch6qjxd.ltrans25.ltrans.o
 .rodata        0x0000000000081a40      0x318 C:\Users\nxf09282\AppData\Local\Temp\cch6qjxd.ltrans26.ltrans.o
                0x0000000000081c40                gu32ZCLVersion
                0x0000000000081c44                ZPS_g_u32MacVersion
                0x0000000000081c48                OS_g_u32Version
                0x0000000000081c4c                PDUM_g_u32Version
                0x0000000000081c50                ZPS_g_u32TsvVersion
 .rodata.str1.1
                0x0000000000081d58       0x32 C:\Users\nxf09282\AppData\Local\Temp\cch6qjxd.ltrans27.ltrans.o
                                         0x56 (size before relaxing)
 *fill*         0x0000000000081d8a        0x2 00
 .rodata        0x0000000000081d8c      0x120 C:\Users\nxf09282\AppData\Local\Temp\cch6qjxd.ltrans27.ltrans.o
 .rodata.str1.1
                0x0000000000081eac       0xa8 C:\Users\nxf09282\AppData\Local\Temp\cch6qjxd.ltrans29.ltrans.o
 .rodata.str1.1
                0x0000000000081f54       0x14 C:\Users\nxf09282\AppData\Local\Temp\cch6qjxd.ltrans30.ltrans.o
 .rodata        0x0000000000081f68      0x4d0 C:\Users\nxf09282\AppData\Local\Temp\cch6qjxd.ltrans30.ltrans.o
                0x0000000000081f68                zps_g_pvApl
                0x0000000000081f6c                au32UartAddrOffset
                0x0000000000081f74                pwrm_psWakeupCallbacks

.text           0x0000000000082438    0x2c046
 *(.text*)
 .text          0x0000000000082438     0x3e7c C:\Users\nxf09282\AppData\Local\Temp\cch6qjxd.ltrans0.ltrans.o
                0x0000000000082438                APP_TIMER_Version_1v0
                0x0000000000082438                vProcessIncomingSerialCommands
 .text          0x00000000000862b4     0x17c0 C:\Users\nxf09282\AppData\Local\Temp\cch6qjxd.ltrans1.ltrans.o
                0x00000000000862b4                vInitialiseApp.9814
 .text          0x0000000000087a74     0x1cd4 C:\Users\nxf09282\AppData\Local\Temp\cch6qjxd.ltrans2.ltrans.o
                0x0000000000087a74                os_vAPP_taskZncb
 .text          0x0000000000089748     0x1910 C:\Users\nxf09282\AppData\Local\Temp\cch6qjxd.ltrans3.ltrans.o
                0x0000000000089748                os_bAPP_cbSetTickTimerCompare
                0x00000000000897bf                os_u32APP_cbGetTickTimer
                0x00000000000898c2                vMMAC_IntHandlerBbc
                0x00000000000898dc                eBasicTxCompleteHandler
                0x00000000000898e1                vTxRxTimeout.207753
                0x000000000008993e                eSmeAcScBeaconInd.198801
                0x000000000008999a                zps_eNwkHandleSmePollDcfm
                0x00000000000899c4                eLeaveDataDcfmRemoteLeave.203383
                0x0000000000089a79                PWRM_vWakeInterruptCallback
                0x0000000000089afe                u16ZCL_GetTxPayloadSize
                0x0000000000089b36                eCLD_GroupsCreateGroups.constprop.102
                0x0000000000089c65                ZPS_bIsMacAddressUsedInApsTable
                0x0000000000089d1b                APP_vConfigureDevice
                0x0000000000089d86                iPDM_FilterDuplicateAppendedSegmentsOnList.184448
                0x0000000000089dca                eCLD_GroupsCheckGroupExists
                0x0000000000089e37                ZPS_eTsvOpen
                0x0000000000089e51                zps_vNwkBttMgrInit
                0x0000000000089e7f                ZPS_vNwkNibClearTables
                0x0000000000089fa4                vMicroIntEnableOnly.constprop.193
                0x0000000000089fd0                vACI_OptimisedCcmStar.constprop.187
                0x000000000008a1bc                zps_eNwkRtDiscMatch.constprop.184
                0x000000000008a20f                vMiniMac_MLME_SetReq_PanId
                0x000000000008a24c                vMiniMac_MLME_SetReq_ShortAddr
                0x000000000008a25a                pvZCL_HeapAlloc.part.0.87039.constprop.90
                0x000000000008a294                bAHI_FlashInit.constprop.75
                0x000000000008a40c                vOtaFlashInitHw
                0x000000000008a40e                psSearchList.74154.constprop.21
                0x000000000008a431                vAHI_SpiRestoreConfiguration.constprop.12
                0x000000000008a472                vAHI_SpiReadConfiguration.constprop.9
                0x000000000008a4a3                vConfigureSpi
                0x000000000008a4e3                vOtaFlashRead
                0x000000000008a524                pvHeap_Alloc
                0x000000000008a527                vMicroIntRestoreState
                0x000000000008a533                vSetChannelAndPower
                0x000000000008a5d2                vMiniMac_PLME_SetReq_Power
                0x000000000008a5e6                vMiniMac_PLME_SetReq_Channel
                0x000000000008a5ee                TSV_eStart
                0x000000000008a63e                bAHI_WriteEEPROMfixSegmentData
                0x000000000008a69c                bAHI_InitialiseEEPROM
                0x000000000008a6e4                vAHI_ReadDataFromEEPROMregister
                0x000000000008a711                vAHI_WriteDataIntoEEPROMregister
                0x000000000008a741                iAHI_WriteDataIntoEEPROMsegment.constprop.189
                0x000000000008a78f                iPDM_WriteSegmentHeaderDataIntoEEPROMsegment
                0x000000000008a7be                u32RaiseDigitalVoltage
                0x000000000008a7de                vAHI_UartReset.part.4.209530
                0x000000000008a816                vAHI_UartSetBaudDivisor.part.1.209510
                0x000000000008a855                vAHI_OptimiseWaitStates
                0x000000000008a8a1                bAHI_GetClkSource
                0x000000000008a8ae                vAHI_CpuDoze
                0x000000000008a8c1                vAHI_SwReset
                0x000000000008a8f2                vAHI_DioSetOutput
                0x000000000008a906                bACI_WriteKey
                0x000000000008a914                bACI_ECBencodeStripe.constprop.179
                0x000000000008ab20                vTransformKey.isra.0.108755
                0x000000000008ab50                MAC_u64GetExtAddr
                0x000000000008ab6b                ZPS_u64NwkNibFindExtAddr
                0x000000000008ac16                ZPS_u16NwkNibFindNwkAddr
                0x000000000008acbc                eAppApiDefPlmeGet.part.0.208015
                0x000000000008accb                zps_vSendJoinDcfm
                0x000000000008ad12                vGiveUp.201948
                0x000000000008ad4a                psSearchForFrameToSend
                0x000000000008ada2                eMiniMac_FrameInProgress
                0x000000000008adcd                vRemoveFromTxQueue
                0x000000000008ae09                vAddToTxQueue
                0x000000000008ae3f                vEnableReceive.207757
                0x000000000008ae79                u8GetHeaderSize
                0x000000000008aea1                vMiniMac_PLME_SetReq_CcaMode
                0x000000000008aeb5                vMiniMac_MLME_SetReq_MaxCsmaBackoffs
                0x000000000008aed5                vMiniMac_MLME_SetReq_MaxBe
                0x000000000008aef8                vMiniMac_MLME_SetReq_MinBe
                0x000000000008af1b                zps_vSendJoinInd
                0x000000000008af8d                zps_psFormatCmdFrameGeneral
                0x000000000008b01c                zps_eNwkFormStInit
                0x000000000008b031                vSendDcfm.199322
 .text.unlikely
                0x000000000008b058      0x150 C:\Users\nxf09282\AppData\Local\Temp\cch6qjxd.ltrans3.ltrans.o
                0x000000000008b06d                vAHI_MemoryHold.209210
                0x000000000008b120                eEncryptKey.9206
 .text          0x000000000008b1a8     0x1806 C:\Users\nxf09282\AppData\Local\Temp\cch6qjxd.ltrans4.ltrans.o
                0x000000000008b1a8                DBG_vUartFlush
                0x000000000008b278                boIdValueSearchMatch.183274
                0x000000000008b2d2                vRadioToOff
                0x000000000008b2ef                vStartReceive
                0x000000000008b30b                vMiniMac_NextTransaction
                0x000000000008b375                eTransmit
                0x000000000008b48f                vMiniMac_TxComplete
                0x000000000008b6c8                vTimerFired
                0x000000000008b780                vMiniMac_Init
                0x000000000008badc                vDispatch.99940
                0x000000000008bbae                OS_eStopSWTimer
                0x000000000008bcd1                os_vAPP_ID_Task
                0x000000000008bcf2                OS_eStartSWTimer
                0x000000000008be13                os_vAPP_cbToggleLED
                0x000000000008beaf                OS_ePostMessage
                0x000000000008c011                os_vApp_TransportKeyCallback
                0x000000000008c031                os_vAPP_CommissionTimerTask
                0x000000000008c047                OS_eExitCriticalSection
                0x000000000008c128                OS_eActivateTask
                0x000000000008c1c3                vPostMlmeDcfmInd.120256
                0x000000000008c266                u16ZCL_APduInstanceWriteNBO
                0x000000000008c2f2                u16ZCL_WriteCommandHeader
                0x000000000008c36a                u16ZCL_APduInstanceReadNBO
                0x000000000008c44f                u16ZCL_ReadCommandHeader.part.0.79087
                0x000000000008c4c6                u16ZCL_ReadCommandHeader
                0x000000000008c4d4                eCLD_BasicCommandHandler
                0x000000000008c500                eCLD_OnOffCommandHandler
                0x000000000008c51d                u16ZCL_APduInstanceWriteStringNBO
                0x000000000008c5e4                u16ZCL_APduInstanceReadStringNBO
                0x000000000008c6b9                eZCL_GetAttributeTypeSizeFromBuffer
                0x000000000008c730                u8ZdoEndDeviceBindServerUnpackApdu
                0x000000000008c7c0                u8ZdoBindUnbindServerUnpackApdu
                0x000000000008c80f                iPDM_ReadUserDataFromEEPROMsegment
                0x000000000008c889                iPDM_ReCalculateWearCountAndChecksumAndWriteFileSystemHeader
                0x000000000008c8d3                vPDM_SetEEPROMandFileSystemValidState
                0x000000000008c8fa                iPDM_ReadUserDataFromFileSystemRecord
                0x000000000008c91a                vPDM_WriteFileSystemRecordAndSegmentDataIntoEEPROMsegment
                0x000000000008c955                iPDM_ReadSegmentHeaderDataFromEEPROMsegment
 .text          0x000000000008c9ae     0x1620 C:\Users\nxf09282\AppData\Local\Temp\cch6qjxd.ltrans5.ltrans.o
                0x000000000008c9ae                bSendHATransportKey
                0x000000000008ca36                vZdoEndDeviceBindStateWaitSecondRequest
                0x000000000008cbc9                UART_vSetTxInterrupt
                0x000000000008ccdc                vSL_TxByte.9969
                0x000000000008cd11                PDUM_eNPduAllocate
                0x000000000008cd80                vMiniMac_McpsCallback
                0x000000000008cfad                eMcpsTxCompleteHandler.206727
                0x000000000008cfdb                PDUM_eNPduClone
                0x000000000008d027                PDUM_eNPduFree
                0x000000000008d094                MAC_vHandleMcpsVsReqRsp
                0x000000000008d3a5                zps_vHandleExtendedDataAckFrame
                0x000000000008d48a                vPostVsMcpsDcfmInd.120263
                0x000000000008d574                ZPS_vInterceptMcpsDataCallback
                0x000000000008d5d6                zps_vNwkMcpsMgrFreeReqDescr
                0x000000000008d608                vFreePendingReqDescr
                0x000000000008d673                vHandleRouteDiscoveryExpiry.194369
                0x000000000008d6d1                zps_psAllocateAndFormatMacHdr
                0x000000000008d9ba                zps_psNwkInitCmdFrame
                0x000000000008da39                eSendLinkStatusDataDcfm.part.1.188515
                0x000000000008db6b                zps_vNwkRemoveConflictedBroadcast
                0x000000000008dbbd                zps_vNwkMcpsMgrTidyBtrReqDescr
                0x000000000008dc01                vNwkBttTimerExpiry.196886
                0x000000000008dd1e                hZCL_AllocateAPduInstance
                0x000000000008dd5a                eZCL_TransmitInterPanRequest.constprop.72
                0x000000000008de15                eCLD_ZllCommissionCommandNetworkStartRspCommandSend
                0x000000000008de6c                vSendScanResponse.9196.constprop.69
 .text.unlikely
                0x000000000008dfce      0x19e C:\Users\nxf09282\AppData\Local\Temp\cch6qjxd.ltrans5.ltrans.o
                0x000000000008dfce                vHandleIdentiftRequest.9389
                0x000000000008e054                vHandleDeviceInfoRequest.9219
 .text          0x000000000008e16c     0x1c47 C:\Users\nxf09282\AppData\Local\Temp\cch6qjxd.ltrans6.ltrans.o
                0x000000000008e16c                vOtaFlashWrite
                0x000000000008e21b                OS_eEnterCriticalSection
                0x000000000008e2df                PDUM_hAPduAllocateAPduInstance
                0x000000000008e353                zps_eAplZdoSendZdpResponse
                0x000000000008e39c                bSendResponse.138371
                0x000000000008e3df                PDUM_eAPduFreeAPduInstance
                0x000000000008e71e                zps_bAplZdoMatchDescServer
                0x000000000008e732                zps_bAplZdoNodeDescServer
                0x000000000008e89e                zps_bAplZdoSimpleDescServer
                0x000000000008eaff                zps_bAplZdoPowerDescServer
                0x000000000008ec1c                zps_bAplZdoActiveEpServer
                0x000000000008ed05                zps_bAplZdoSystemServerDiscoveryServer
                0x000000000008ed8e                zps_bAplZdoMgmtLqiServer
                0x000000000008efba                zps_bAplZdoMgmtRtgServer
                0x000000000008f100                vReset_StateMachine.122948
                0x000000000008f144                vZdoServersInit.3031
                0x000000000008f2b2                zps_bAplZdoEndDeviceBindServer
                0x000000000008f36a                zps_bAplZdoTrustCenterGetDevicePermissions
                0x000000000008f3d5                PDM_eReadDataFromRecord
                0x000000000008f457                vLoadAplRecord.112296
                0x000000000008f485                vLoadNwkRecord.191422
                0x000000000008f4bd                ZPS_eTsvStart
                0x000000000008f518                zps_vAplApsCheckAndStartPollTimer
                0x000000000008f577                zps_eAplZdoBdrmRequestSend
                0x000000000008f5f2                zps_eNwkHandleSceNwkUpdate
                0x000000000008f616                vProcessTimedList.190478
                0x000000000008f65c                zps_vNwkMcpsMgrPostTimed
                0x000000000008f66f                vNwkMcpsSendTimedDfcm
                0x000000000008f6b3                zps_vAplAfPostTimerEvent
                0x000000000008f72f                zps_vExpireOldRoutes
                0x000000000008f7b8                zps_vNwkJoinStStartResponseTimer
                0x000000000008f7f2                ZPS_eTsvStop
                0x000000000008f846                vZdoEndDeviceBindStateIdle
                0x000000000008f942                eCopyFragmentToApdu.isra.0.103099
                0x000000000008fa64                zps_vNwkHandleCmePermitJoinReq
                0x000000000008facc                zps_eNwkBtrMatch
                0x000000000008fbc9                zps_vAplApsStopPollTimer
                0x000000000008fc58                zps_vFragmentWindowTimeout.103054
                0x000000000008fcbe                zps_vAplApsFragTransmitNotifyApp.105770
                0x000000000008fd59                eHandleRemoveBroadcastEndpointsFromGroup.107223
 .text          0x000000000008fdb3     0x1aa8 C:\Users\nxf09282\AppData\Local\Temp\cch6qjxd.ltrans7.ltrans.o
                0x000000000008fdb3                zps_eNwkHandleSceLinkStatus
                0x000000000008fee7                zps_psFindKeyDescr
                0x000000000009001b                zps_eAplSecEncryptPacket
                0x000000000009010d                zps_vSendNextFragment.105783
                0x00000000000902e8                eUnfragmentedUnicastTransmission.105797
                0x00000000000905e0                zps_eAplSendApsmeCmdFrame
                0x0000000000090751                vApsmeResendTimeOutHandler
                0x0000000000090780                zps_eAplApsmeRemoveDeviceReqRsp
                0x00000000000907ee                zps_eAplAibSetApsUseExtendedPanId
                0x0000000000090804                zps_eAplAibSetApsTrustCenterAddress
                0x000000000009081a                ZPS_bNwkNibAddrMapAddEntry
                0x00000000000909e1                zps_vAgeRouter
                0x0000000000090a20                zps_eNwkHandleSdeActvDcfmData
                0x0000000000090baa                vMcpsMgrTimeoutExpiry
                0x0000000000090c19                zps_eDefaultDataDcfm
                0x0000000000090dee                zps_vLinkStatusHandleExpiry
                0x0000000000090e8f                zps_eNwkHandleSceRouteRequest
                0x00000000000912be                zps_sNwkNibNtCheckJoin
                0x0000000000091567                zps_vNwkHandleCmeDirectJoinReq
                0x00000000000915e6                zps_vJoinInitNtParent
                0x000000000009173c                eSmeOrphScanDcfm.202395
                0x00000000000917b4                vContinueRejoin.201178
 .text.unlikely
                0x000000000009185b       0x5f C:\Users\nxf09282\AppData\Local\Temp\cch6qjxd.ltrans7.ltrans.o
                0x000000000009185b                vInitUnknownNeighbor.190462
 *fill*         0x00000000000918ba        0x2 00
 .text          0x00000000000918bc     0x182c C:\Users\nxf09282\AppData\Local\Temp\cch6qjxd.ltrans8.ltrans.o
                0x0000000000091a25                zps_vAplTrustCenterInit
                0x0000000000091aed                vMiniMac_MlmeCallback
                0x0000000000091dd7                vSendMlmeCommStatusFromTxFrame
                0x0000000000091e2d                MAC_vHandleMlmeVsReqRsp.constprop.168
                0x00000000000923c1                zps_vNwkHandleCmeActvStartRouterReq
                0x0000000000092828                vScanBeaconReceived
                0x0000000000092867                vRunningRxCallback
                0x0000000000092b67                vPostDcfm.207422
                0x0000000000092bd0                vScanNextChannel.207428
                0x0000000000092d69                PDM_vDeleteAllDataRecords
                0x0000000000092de6                iPDM_VerifyDataSequenceWithBufferId
                0x0000000000092e88                vSetGroupAddress.constprop.118
                0x0000000000092ecd                vSendJoinedFormEventToHost
                0x0000000000092f51                vFactoryResetRecords
                0x000000000009308e                vPickChannel.7579
 .text.unlikely
                0x00000000000930e8       0x9d C:\Users\nxf09282\AppData\Local\Temp\cch6qjxd.ltrans8.ltrans.o
                0x00000000000930e8                zps_eAplZdoBind
 *fill*         0x0000000000093185        0x3 00
 .text          0x0000000000093188     0x17f8 C:\Users\nxf09282\AppData\Local\Temp\cch6qjxd.ltrans9.ltrans.o
                0x0000000000093237                zps_eNwkHandleSmeOrphanInd
                0x0000000000093247                vStartScanTimerExpiry.139556
                0x0000000000093283                zps_vAplApsPollTimer
                0x000000000009355f                zps_eNwkHandleSceNwkStatus
                0x00000000000938c0                zps_eNwkHandleSmeAssocInd
                0x00000000000938e2                zps_eNwkHandleSceRejnRequest
                0x0000000000093962                eTryNextParent
                0x0000000000093a9e                eSceRjRsRejoinRsp.202519
                0x0000000000093b5f                vCheckSleepingSendPoll.part.1.202497
                0x0000000000093bc9                zps_eProcessAddrConflict
                0x0000000000093d76                ZPS_vNwkNibCheckAndUpdateAddresses
                0x0000000000093e0d                zps_bAplZdoDeviceAnnceServer
                0x0000000000094099                eRejoinNetwork.112283.constprop.157
                0x0000000000094135                vPostNlmeDcfmInd.103206
                0x0000000000094846                zps_eAplZdoStartStack
 .text          0x0000000000094980     0x18f1 C:\Users\nxf09282\AppData\Local\Temp\cch6qjxd.ltrans10.ltrans.o
                0x0000000000094a1f                vHandleNwkLocalUpdateAfterBcast.189567
                0x0000000000094a73                vHandleNwkRemoteUpdateAfterBcast.189558
                0x0000000000094ac6                eSmeAcScScanDcfm.199326
                0x0000000000094d94                ZPS_pvNwkCtor.constprop.164
                0x0000000000095334                ZPS_vNwkHandleNlmeReqRsp
                0x00000000000953b1                zps_vAplAfPostEvent
                0x0000000000095520                zps_vHandleApsdeDataFragInd
                0x00000000000959c0                vHandleApsInterPanDcfmData
                0x0000000000095c71                vApsInterPanMcpsDataInd
                0x0000000000095e18                zps_eAplZdoNlmeleaveWrapper
                0x0000000000095e96                zps_bAplZdoMgmtLeaveServer
                0x0000000000096016                zps_eAplZdoNlmePermitJoiningWrapper
                0x000000000009603e                zps_bAplZdoPermitJoiningServer
                0x00000000000960d8                vChangeChannelTimerExpiry.139552
                0x000000000009613b                eLeaveReset.203378
                0x00000000000961a6                eLeaveDataDcfmLocalLeave.203388
                0x0000000000096220                zps_eAplZdoZllStartRouter
 .text          0x0000000000096271     0x17fb C:\Users\nxf09282\AppData\Local\Temp\cch6qjxd.ltrans11.ltrans.o
                0x0000000000096271                vMcpsMgrExpiry.190450
                0x00000000000964c1                zps_vNwkHandleCmeRouteDiscoveryReq
                0x000000000009668f                zps_eNwkHandleSceRouteRecord
                0x00000000000967c0                vSendNetworkReport.189550
                0x000000000009689a                vPDM_MoveAllDataFromListToList
                0x00000000000968d8                vPDM_MoveAllDataWithBufferIdAndStateFromListToList
                0x0000000000096963                vPDM_MoveAllDataToDeAllocList
                0x000000000009698b                iPDM_ReconstructReplacedDataTable
                0x0000000000096b18                iPDM_ReplaceChangedSegmentInSequence
                0x0000000000096c0a                vPDM_ImageBitmapRepair.183189
                0x0000000000096c6b                vPDM_MoveAllDataWithBufferIdFromListToList
                0x0000000000096cf0                vPDM_DeleteAppendedSequence
                0x0000000000096dd7                ZPS_vNwkResetOutgoingFrameCounter
                0x0000000000096e2b                zps_psSendFrm
                0x0000000000097132                zps_psSendBroadcastFrm
                0x00000000000971c8                ZPS_vNwkHandleNldeReqRsp
                0x00000000000973a8                zps_eAplApsmeCmdMgrSendCommand
                0x0000000000097485                zps_vAplApsmeCmdMgrRetryTimeout.107196
                0x00000000000974af                zps_psNwkSendRejoinReqCmd.constprop.5
                0x000000000009751f                zps_psSendNetworkStatusCmd
                0x000000000009758c                psSendRouteReplyCmd.194791
                0x000000000009769e                zps_eNwkHandleSceRouteReply
                0x0000000000097975                zps_psNwkPropagateLocalLeave
                0x000000000009799e                zps_vNwkHandleCmeLeaveReq
 .text          0x0000000000097a6c     0x17b4 C:\Users\nxf09282\AppData\Local\Temp\cch6qjxd.ltrans12.ltrans.o
                0x0000000000097cb1                vPostNldeDcfmInd.103227
                0x00000000000987ca                zps_eStartFragmentedTransmission
                0x00000000000988df                zps_eAplApsmeBindReqRsp
                0x00000000000989b9                bAplZdoBindUnbindServerProcessApdu
                0x0000000000098b7b                zps_eAplZdoGroupEndpointRemove
                0x0000000000098c13                zps_eAplZdoGroupAllEndpointRemove
                0x0000000000098c74                zps_eAplApsmeTransportKeyReqRsp.constprop.80
                0x0000000000098df7                vHandleZllDeviceJoin
                0x0000000000098e56                zps_vAplTrustCenterRequestKey
                0x0000000000098fc7                zps_eAplApsmeUpdateDeviceReqRsp.part.4.107361
                0x000000000009910a                zps_vSendExtendedAckDataFrame.103093
 .text.unlikely
                0x0000000000099220       0x86 C:\Users\nxf09282\AppData\Local\Temp\cch6qjxd.ltrans12.ltrans.o
                0x0000000000099220                zps_eAplZdoUnbind
 *fill*         0x00000000000992a6        0x2 00
 .text          0x00000000000992a8     0x17d4 C:\Users\nxf09282\AppData\Local\Temp\cch6qjxd.ltrans13.ltrans.o
                0x00000000000992a8                vBbcIntHandler.206280
                0x0000000000099560                eAssocRespSent.206615
                0x000000000009957f                zps_vNwkHandleCmeSyncReq
                0x0000000000099601                zps_vNwkHandleCmeIdleNwkFormReq
                0x00000000000996a9                zps_vNwkHandleCmeNwkDiscReq
                0x0000000000099723                zps_vNwkHandleCmeEdScanReq
                0x0000000000099858                zps_eNwkHandleSmeBeaconNotifyInd
                0x0000000000099938                zps_vNwkHandleCmeNwkJoinReq
                0x0000000000099bf5                zps_vNwkHandleCmeNwkActvJoinReq
                0x0000000000099c01                eSmeEdScScanDcfm.199331
                0x0000000000099c91                vHandleRejoinExpiry.201944
                0x0000000000099cf0                zps_eRejoinDataDcfm
                0x0000000000099d34                eSmeRjPCPollDcfm.202551
                0x0000000000099d75                eSmeAsocAssocDcfm.202555
                0x0000000000099df9                vSdeHandleMcpsDataInd.190546
 .text          0x000000000009aa7c     0x15df C:\Users\nxf09282\AppData\Local\Temp\cch6qjxd.ltrans14.ltrans.o
                0x000000000009aa7c                PDM_eSaveRecordData
                0x000000000009aeb1                zps_vAplSaveRecord
                0x000000000009af59                ZPS_vSwapApsTableEntries
                0x000000000009afe1                vAplSecRemoveLinkKey.112362
                0x000000000009b05d                ZPS_vNwkSaveRecord
                0x000000000009b089                zps_bNwkFindAddIeeeAddr
                0x000000000009b207                eCheckAddrConflict.isra.4.189787
                0x000000000009b29d                ZPS_vRemoveEntryFromAddressMap
                0x000000000009b2e6                ZPS_vNwkSaveAllRecords
                0x000000000009b2fd                zps_vSaveAllZpsRecords
                0x000000000009b31c                ZPS_vNwkNibSetNwkAddr
                0x000000000009b33a                zps_eNwkHandleSceRejnResponse
                0x000000000009b397                ZPS_vNwkNibSetExtPanId
                0x000000000009b3bb                ZPS_vNwkNibSetKeySeqNum
                0x000000000009b3cf                ZPS_vNwkNibSetDepth
                0x000000000009b3f8                ZPS_vNwkNibSetUpdateId
                0x000000000009b407                vSendNetworkUpdate.189554
                0x000000000009b537                ZPS_vNwkNibSetPanId
                0x000000000009b555                ZPS_vNwkNibSetCapabilityInfo
                0x000000000009b582                ZPS_vNwkNibSetChannel
                0x000000000009b59a                zps_u8NwkHandleRejoinReq
                0x000000000009b663                zps_vProcessLocalAddrConflict
                0x000000000009b70e                vEndCommissioning.9352
                0x000000000009b763                ZPS_vNwkSaveNt
                0x000000000009b777                ZPS_vNwkPurgeMacAddressAndRelatedEntries
                0x000000000009b87d                ZPS_vNtSetUsedStatus
                0x000000000009b923                zps_vBuildSortedActvNTList
                0x000000000009b9e1                zps_vCheckActvNtForDuplicate
                0x000000000009ba7d                vFinish.202385
                0x000000000009bad3                zps_eNwkHandleSceLeave
                0x000000000009bc95                zps_vCleanUnAuthenHandleExpiry
                0x000000000009bd97                eUnsolicitedRejoinRspDataDcfm.189562
                0x000000000009bdc2                eRejoinRspDataDcfm.201182
                0x000000000009be91                zps_eNwkHandleSmeCommStatusInd
                0x000000000009bf45                ZPS_vNwkSaveSecMat
                0x000000000009bf59                zps_vAplSecSetInitialSecurityState
 .text.unlikely
                0x000000000009c05b      0x223 C:\Users\nxf09282\AppData\Local\Temp\cch6qjxd.ltrans14.ltrans.o
                0x000000000009c05b                vSendRouterJoinRequest.9336.constprop.65
 *fill*         0x000000000009c27e        0x2 00
 .text          0x000000000009c280     0x162c C:\Users\nxf09282\AppData\Local\Temp\cch6qjxd.ltrans15.ltrans.o
                0x000000000009c2b6                os_vAPP_cbDisableTickTimer
                0x000000000009c2fa                DBG_iUartGetChar
                0x000000000009c34a                os_vAPP_cbEnableTickTimer
                0x000000000009c3ca                DBG_vUartPutch
                0x000000000009c485                vRetryCcaFailure
                0x000000000009c4da                eOrphanNotificationSent.207403
                0x000000000009c523                eZCL_SetReceiveEventAddressStructure
                0x000000000009c5a2                eCLD_ColourControlCommandHandler
                0x000000000009c600                eCLD_ThermostatCommandHandler
                0x000000000009c65a                dbg_vPrintfImplNoneVerbose
                0x000000000009cae1                APP_ZCL_cbGeneralCallback.7159
                0x000000000009cb7c                eDecryptKey.9342
                0x000000000009cf87                vfExtendedStatusCallBack
                0x000000000009cf92                ZPS_bSecEncrypt
                0x000000000009d13e                eZCL_SearchForClusterEntry
                0x000000000009d1dc                eOtaFindCluster.constprop.123
                0x000000000009d215                eOTA_GetOtaHeader.part.9.96285
                0x000000000009d2a4                eOTA_NewImageLoaded.part.4.96272.constprop.122
                0x000000000009d30b                vAppInitOTA
                0x000000000009d3e5                eZCL_BuildTransmitAddressStructure
                0x000000000009d457                boPDM_IsBitmapSaturated.184071
                0x000000000009d4a0                vAHI_UartConfigureFIFOs.part.5.209629.constprop.28
                0x000000000009d50d                DBG_vUartInitHardware
                0x000000000009d5dd                ZPS_bSecDecrypt
                0x000000000009d6e5                iPDM_SearchForBufferIdInList
                0x000000000009d71a                iPDM_SearchForBufferIdInFileSystem
                0x000000000009d72d                iPDM_ReadUserDataFromSegmentWithId
                0x000000000009d762                iPDM_SearchForSpecificSegmentInList
                0x000000000009d794                psGetTxFrameBuffer
                0x000000000009d7d3                psGetAndBuildCoordRealignment
                0x000000000009d82b                eBuildAndSend.207411
                0x000000000009d8a0                MAC_vPibSetRxOnWhenIdle.constprop.166
 .text          0x000000000009d8ac     0x1a34 C:\Users\nxf09282\AppData\Local\Temp\cch6qjxd.ltrans16.ltrans.o
                0x000000000009d8ac                vCommissionTask.9427
 .text          0x000000000009f2e0     0x1b91 C:\Users\nxf09282\AppData\Local\Temp\cch6qjxd.ltrans17.ltrans.o
                0x000000000009f2e0                eSmeASFlBeaconInd.198636
                0x000000000009f302                eSmeUDNTScanDcfm.198086
                0x000000000009f31e                vPermitJoinHandleExpiry.193637
                0x000000000009f327                vNwkMcpsTimerCallback
                0x000000000009f341                zps_eSceGenlIllegal
                0x000000000009f348                zps_eSmeGenlIllegal
                0x000000000009f34f                DBG_vUartFailedAssert
                0x000000000009f353                zps_bAplZdoBindRequestServer
                0x000000000009f48e                vZdoEndDeviceBindTimeoutSecondMessage
                0x000000000009f4a2                psGetVsMcpsBuf.120260
                0x000000000009f4ab                psGetMlmeBuf.120253
                0x000000000009f4b4                zps_vExpireRequestKeyReq.115285
                0x000000000009f4ff                psGetNlmeBuf.103203
                0x000000000009f509                psGetNldeBuf.103224
                0x000000000009f513                psGetApsmeBuf.103210
                0x000000000009f51c                psGetApsdeBuf.103217
                0x000000000009f522                vLoopbackTimerCallback
                0x000000000009f551                bCheckMatchingEntry.198796
                0x000000000009f577                zps_psNwkSlistRemoveFromHead
                0x000000000009f58e                zps_psNwkSlistRemove
                0x000000000009f5c6                zps_bNwkMcpsMgrRemoveDescrFromLists
                0x000000000009f604                zps_vNwkSlistAddToTail
                0x000000000009f61e                ZPS_bNwkSecHaveNetworkKey
                0x000000000009f652                ZPS_bNwkSecFindMatSet
                0x000000000009f68e                zps_eNwkRctMatchNwkAddr
                0x000000000009f6f8                ZPS_u8NwkCalcNldeReqOverhead
                0x000000000009f733                zps_vRemoveNextHop
                0x000000000009f7e8                zps_vRemoveRoute
                0x000000000009f87f                zps_psNwkRtMatchNwkAddr
                0x000000000009f8f5                zps_vNwkFreeMcpsHandle
                0x000000000009f91f                zps_psNwkMcpsMgrFindPendingByNwkDstAddr
                0x000000000009f935                ZPS_u64NwkNibGetMappedIeeeAddr
                0x000000000009f957                ZPS_vNwkSecResetDevice
                0x000000000009f99c                ZPS_bNwkNibNtActvMatch
                0x000000000009fa54                bCheckNwkAddr
                0x000000000009faa2                zps_eAplTrustCenterFindDevice
                0x000000000009fae6                ZPS_vSetExtendedStatus
                0x000000000009faf8                zps_eNwkRtMatch
                0x000000000009fc11                zps_psApsApsAllocateDcfmRecord
                0x000000000009fc7f                zps_u8CalcLinkCost
                0x000000000009fcbb                ZPS_u8NwkNibNtDiscMatch
                0x000000000009fd9f                zps_u64NwkLibFromPayload
                0x000000000009ff3c                eSmeAcScBeaconInd.198644
                0x00000000000a0044                eSmeUDNTBeaconInd.198620
                0x00000000000a0067                zps_vNwkLibU64ToPayload
                0x00000000000a0094                zps_vInitBeaconPayload
                0x00000000000a0110                zps_eNwkDcfmIndPost
                0x00000000000a0133                zps_psNwkDcfmIndGetBuf
                0x00000000000a0155                eSmeEdScScanDcfm.198624
                0x00000000000a019e                eSmeGenlScanDcfm.198628
                0x00000000000a01fc                eRouteRequestDataDcfm.194809
                0x00000000000a0250                eNldeDataDcfm.192644
                0x00000000000a0280                zps_vSendNwkStatusInd
                0x00000000000a02b0                vPDM_ReadBitmapHeader.184036
                0x00000000000a02cf                psSLISTsearch
                0x00000000000a030f                psSLISTremove
                0x00000000000a038d                vSLISTaddToTail
                0x00000000000a03ac                psSLISTgetNext
                0x00000000000a03d0                u8PDM_CalculateLargestDataRecordStored
                0x00000000000a0401                bPDM_ImageBitmapRepairCheck
                0x00000000000a0429                u8PDM_ReadSequenceNumber
                0x00000000000a044c                boSegmentNumberDeleteSearchMatch.183701
                0x00000000000a0467                u8PDM_ReadSegmentDataSize
                0x00000000000a047b                u32PDM_ReadFileSystemHeaderWearCount
                0x00000000000a0491                boSearchForWearCountSubstitute.184503
                0x00000000000a04b7                boSearchForWearCountInsertPoint.183270
                0x00000000000a04d5                vPDM_WriteFileSystemHeaderWearCount
                0x00000000000a04e7                RND_u32GetRand256
                0x00000000000a0504                RND_u32GetRand
                0x00000000000a052b                u16CalculateFailedTxCount.139560
                0x00000000000a0555                vZdoIeeeAddrServerSendExtendResponse.part.0.125357
                0x00000000000a05b6                vZdoNwkAddrServerSendExtendResponse.part.0.124177
                0x00000000000a0617                bFindMatch.122905
                0x00000000000a0675                zps_bAplZdoServerHandleConfirmAcks
                0x00000000000a06d2                zps_bPerformLeaveActionDecider
                0x00000000000a06d7                vHandleUpdateDeviceIndication.112269
                0x00000000000a0701                u32GetScanChannels.112256
                0x00000000000a072c                bDuplicateCheck.108636
                0x00000000000a0839                zps_vInitAPSMECmdHdr
                0x00000000000a0872                eHandleRemoveNonBroadcastEndpointsFromGroup.107264
                0x00000000000a08ea                eHandleAddEntryToGroupTable.107227
                0x00000000000a0946                bIsBindTableMatch.107204
                0x00000000000a0997                eRemoveEntryInBindingTable.107232
                0x00000000000a0a16                zps_vAplApsFillAndPostApsAck
                0x00000000000a0a80                zps_u8AplApsFreeMsgHandle
                0x00000000000a0aea                u8BlocksToSendInWindow.104700
                0x00000000000a0b3c                vFillDataIndStruct.103070
                0x00000000000a0b9a                vFillApduErrorEvent.103063
                0x00000000000a0bdd                bCheckProfile.103058
                0x00000000000a0c1b                ZPS_bIsGroupPresent
                0x00000000000a0c53                PDUM_u16APduInstanceWriteStrNBO
                0x00000000000a0dd2                PDUM_eNPduReadHeaderNBO
                0x00000000000a0e25                PDUM_u16APduInstanceReadNBO
 *fill*         0x00000000000a0e71        0x3 00
 .text          0x00000000000a0e74     0x13d8 C:\Users\nxf09282\AppData\Local\Temp\cch6qjxd.ltrans18.ltrans.o
                0x00000000000a0e74                vZCL_EventHandler
 .text          0x00000000000a224c     0x141c C:\Users\nxf09282\AppData\Local\Temp\cch6qjxd.ltrans19.ltrans.o
                0x00000000000a26fa                eJoinNetwork.112309
                0x00000000000a27ab                eDiscoverNetworks.112316
                0x00000000000a2807                zps_eAplZdoDiscoverNetworks
                0x00000000000a2830                vSecondScan.7586.constprop.86
                0x00000000000a287d                eStartNetworkDiscovery.112323
                0x00000000000a28e7                eStartRouter.112333
                0x00000000000a29b6                vHandleTransportKeyIndication.isra.10.112482
                0x00000000000a2c14                vHandleRemoveDeviceIndication
                0x00000000000a2e1f                zps_vAplTrustCenterUpdateDevice
                0x00000000000a2fae                ZPS_eAplAfInit
 .text          0x00000000000a3668     0x13b0 C:\Users\nxf09282\AppData\Local\Temp\cch6qjxd.ltrans20.ltrans.o
                0x00000000000a379f                vZdoBdrmSendNextTimedRequest
                0x00000000000a3a28                zps_bAplZdoBindUnbindServer
                0x00000000000a3b34                zps_bAplZdoMgmtNWKUpdateServer
                0x00000000000a3ea4                zps_eZdpNwkAddrResponse
                0x00000000000a3f87                eAplAfCommonDataReq.101693.constprop.177
                0x00000000000a4042                eZCL_TransmitDataRequest
                0x00000000000a43c1                eZCL_SendDefaultResponse
                0x00000000000a44c0                vZCL_HandleCommandsDiscoverRequest.85253
                0x00000000000a4703                vZCL_HandleDiscoverCommandsResponse.86347
                0x00000000000a480d                vZCL_HandleAttributesReadResponse
 .text.unlikely
                0x00000000000a4a18       0xe8 C:\Users\nxf09282\AppData\Local\Temp\cch6qjxd.ltrans20.ltrans.o
                0x00000000000a4a18                eZCL_SendDiscoverCommandGenericRequest.85315
 .text          0x00000000000a4b00     0x13fc C:\Users\nxf09282\AppData\Local\Temp\cch6qjxd.ltrans21.ltrans.o
                0x00000000000a4b49                APP_ZCL_cbEndpointCallback.7156
                0x00000000000a5918                eCLD_GroupsCommandHandler
                0x00000000000a5e7f                eCLD_IdentifyCommandTriggerEffectSend
                0x00000000000a5ec0                eCLD_GroupsCommandAddGroupRequestSend
 .text          0x00000000000a5efc      0xde4 C:\Users\nxf09282\AppData\Local\Temp\cch6qjxd.ltrans22.ltrans.o
                0x00000000000a606e                eCLD_ApplianceStatisticsCommandHandler
                0x00000000000a6305                eOTA_ServerUpgradeEndResponse
                0x00000000000a6398                eOTA_ServerImageBlockResponse
                0x00000000000a682a                eOtaCommandHandler
                0x00000000000a6b50                eCLD_IASZoneEnrollRespSend
                0x00000000000a6b8b                eCLD_IASZoneCommandHandler
 .text.unlikely
                0x00000000000a6ce0      0x48c C:\Users\nxf09282\AppData\Local\Temp\cch6qjxd.ltrans22.ltrans.o
                0x00000000000a6ce0                eZnc_SendWriteAttributesRequest.constprop.135
 .text          0x00000000000a716c     0x149d C:\Users\nxf09282\AppData\Local\Temp\cch6qjxd.ltrans23.ltrans.o
                0x00000000000a716c                zps_eZdpIeeeAddrResponse
                0x00000000000a724f                zps_eAplZdpMgmtRtgResponse
                0x00000000000a7316                zps_eZdpMgmtNwkUpdateNotifyResponse
                0x00000000000a73c8                zps_eZdpNodeDescResponse
                0x00000000000a7470                zps_eZdpPowerDescResponse
                0x00000000000a750d                zps_eZdpSimpleDescResponse
                0x00000000000a761a                zps_eZdpActiveEpResponse
                0x00000000000a76b0                zps_eZdpMatchDescResponse
                0x00000000000a7746                zps_eZdpSystemServerDiscoveryResponse
                0x00000000000a77b5                zps_eAplZdpMgmtLqiResponse
                0x00000000000a79a6                vZdoEndDeviceBindStateWaitSendWithAck
                0x00000000000a7ce9                zps_bAplZdoZdoClient
                0x00000000000a7df9                vAppMain
 .text.unlikely
                0x00000000000a8609       0xb2 C:\Users\nxf09282\AppData\Local\Temp\cch6qjxd.ltrans23.ltrans.o
                0x00000000000a8609                zps_eAplZdpBindUnbindRequest.constprop.158
 .text          0x00000000000a86bb     0x119f C:\Users\nxf09282\AppData\Local\Temp\cch6qjxd.ltrans24.ltrans.o
                0x00000000000a8773                eBeaconReqSent.207407
                0x00000000000a879a                zps_bAplZdoIeeeAddrServer
                0x00000000000a88f0                zps_bAplZdoNwkAddrServer
                0x00000000000a8a71                vPDM_AddFileSystemElementToListInAscendingWearCountOrder
                0x00000000000a8b7f                vPDM_MoveFileRecordFromListToList
                0x00000000000a8ba1                vPDM_MoveRecordToDeAllocList
                0x00000000000a8bc1                iPDM_WriteSegmentHeaderAndData
                0x00000000000a8dbd                vIncrementFrameCounterInPdm.isra.0.191856
                0x00000000000a8f9c                vProcessListsForSubmission.190566
                0x00000000000a9256                zps_vNwkMcpsMgrPost
                0x00000000000a927a                iPDM_SegmentCopyAndAppendData.constprop.183
                0x00000000000a92d7                eMakeEntryInBindingTable.107250
                0x00000000000a9381                zps_u8AplApsConstructAndPostLoopBackDataInd.105814
                0x00000000000a94ba                u8PostUnicastMsgToNHLE.105822
                0x00000000000a94f3                PWRM_vManagePower
                0x00000000000a961b                vSL_WriteMessage
                0x00000000000a9698                vSL_LogSend
                0x00000000000a96ea                vSL_LogFlush
                0x00000000000a9706                vReportException.9822
                0x00000000000a9814                vUnclaimedInterrupt.9816
 *fill*         0x00000000000a985a        0x2 00
 .text          0x00000000000a985c     0x1318 C:\Users\nxf09282\AppData\Local\Temp\cch6qjxd.ltrans25.ltrans.o
                0x00000000000a9e33                eCLD_ZllCommissionCommandHandler
                0x00000000000aa230                eSimpleMeteringCommandHandler
                0x00000000000aa25c                vZCL_HandleAttributesWriteRequest
                0x00000000000aa6ef                eZCL_CustomCommandReceive
                0x00000000000aa85d                eCLD_DoorLockCommandHandler
                0x00000000000aa8f9                eCLD_IdentifyCommandHandler
                0x00000000000aa992                eCLD_ScenesCommandHandler
 .text          0x00000000000aab74     0x1532 C:\Users\nxf09282\AppData\Local\Temp\cch6qjxd.ltrans26.ltrans.o
                0x00000000000aac87                os_bDummyMemberCheck.99950
                0x00000000000aac8c                os_vDefaultErrorHook.99946
                0x00000000000aac8f                eCLD_LevelControlCommandHandler
                0x00000000000aac94                vOSError.9818
                0x00000000000aac97                bCLD_GroupsSearchForGroup.19914
                0x00000000000aacbc                pdum_u16ReadNBO
                0x00000000000aae1d                PDUM_u16SizeNBO
                0x00000000000aae7b                PDUM_u16APduInstanceWriteNBO
                0x00000000000aaee5                PDUM_thAPduInstanceGetApdu
                0x00000000000aaf00                PDUM_eAPduInstanceSetPayloadSize
                0x00000000000aaf28                PDUM_eNPduWriteDataFromBuffer
                0x00000000000aaf82                PDUM_eNPduWriteDataToBuffer
                0x00000000000aafe0                PDUM_eNPduWriteFromBuffer
                0x00000000000ab009                PDUM_eNPduDescend
                0x00000000000ab02f                PDUM_eNPduAscend
                0x00000000000ab055                PDUM_eNPduClaimData
                0x00000000000ab0c2                PDUM_eNPduAppendDataNBO
                0x00000000000ab11f                PDUM_eNPduClaimHeader
                0x00000000000ab142                PDUM_eNPduPrependHeaderNBO
                0x00000000000ab19d                PDUM_eNPduInitDescending
                0x00000000000ab1b8                eExpireSWTimer.99959
                0x00000000000ab223                vEnterErrorHook.99942
                0x00000000000ab24a                OS_eCollectMessage
                0x00000000000ab30b                vMiniMac_ReturnTxBufferCallback
                0x00000000000ab31d                vOtaFlashLockRead
                0x00000000000ab363                eZCL_DoesAttributeHaveReportableChange
                0x00000000000ab38c                eZCL_GetAttributeReportableEntry.part.1.93553
                0x00000000000ab44b                eZCL_BuildClientTransmitAddressStructure
                0x00000000000ab483                bValidateCommandWithCommandsFlags.85239
                0x00000000000ab4cc                bZCL_CheckManufacturerSpecificCommandFlagMatch
                0x00000000000ab4ea                bZCL_CheckManufacturerSpecificAttributeFlagMatch
                0x00000000000ab508                eZCL_GetAttributeTypeSize
                0x00000000000ab527                vZCL_MarkAttributeInvalid
                0x00000000000ab5f6                eZCL_CheckEPstructureIntegrity.74798
                0x00000000000ab7de                u8ZCL_GetAttributeAllignToFourBytesBoundary
                0x00000000000ab7f3                pvZCL_GetAttributePointer
                0x00000000000ab869                vReverseMemcpy.part.2.74810
                0x00000000000ab89e                vReverseMemcpy
                0x00000000000ab8b6                sOtaGetHeader
                0x00000000000ab9c4                u16ZCL_GetStringStructureSize
                0x00000000000aba01                u16ZCL_GetStringAttributeTypeSizeFromBuffer
                0x00000000000aba72                u16ZCL_GetStringSizeAndBufferFromStructure
                0x00000000000abb01                vZCL_GetInternalMutex
                0x00000000000abb2a                eZCL_GetMutex
                0x00000000000abb62                vZCL_InitializeClusterInstance
                0x00000000000abb77                vZCL_ReleaseInternalMutex
                0x00000000000abb91                u32ZCL_GetUTCTime
                0x00000000000abbac                eZCL_SearchForAttributeEntry
                0x00000000000abc67                eZCL_SearchForEPentry
                0x00000000000abcc2                eZCL_SearchForEPentryAndCheckManufacturerId
                0x00000000000abd00                vZCL_PassEventToUser
                0x00000000000abd2d                u8GetTransactionSequenceNumber
                0x00000000000abd4e                eZCL_ReleaseMutex
                0x00000000000abd7d                eZCL_Register.part.1.74807
                0x00000000000abdab                boDLISTisEmpty
                0x00000000000abdc3                vDLISTaddToTail
                0x00000000000abdf1                psDLISTremove
                0x00000000000abe54                vWriteU64ToPayLoad.32238
                0x00000000000abe81                vWriteU32ToPayLoad.32234
                0x00000000000abe99                InvShiftRows
                0x00000000000abf2c                InvSubBytes
                0x00000000000abf72                AddRoundKey
                0x00000000000abfb3                getSBoxValue.10169
                0x00000000000abfd5                u16GetAttributeActualSize
 .text          0x00000000000ac0a6      0xc64 C:\Users\nxf09282\AppData\Local\Temp\cch6qjxd.ltrans27.ltrans.o
                0x00000000000ac0a6                os_vzps_taskZPS
                0x00000000000ac2d2                ZPS_vAplHandleApsdeReqRsp
                0x00000000000ac6f4                zps_eAplZdpApsdeReqInternal
                0x00000000000ac76f                zps_eAplZdpRequestApsdeReq
                0x00000000000ac7f0                vStartAndAnnounce
                0x00000000000ac89f                zps_bAplZdoDefaultServer
                0x00000000000acb5b                zps_eZdpEndDeviceBindResponse
                0x00000000000acb7c                zps_eAplZdpBindResponse
                0x00000000000acb9d                zps_eZdpUnbindResponse
                0x00000000000acbbe                zps_eZdpMgmtLeaveResponse
                0x00000000000acbdf                zps_eZdpMgmtPermitJoiningResponse
                0x00000000000acc00                zps_eAplZdoGroupEndpointAdd
 .text          0x00000000000acd0a      0x489 C:\Users\nxf09282\AppData\Local\Temp\cch6qjxd.ltrans28.ltrans.o
                0x00000000000acefb                eCLD_ZllUtilityCommandHandler
                0x00000000000ad13a                eCLD_ASCLogNotificationORLogResponseSend
 .text          0x00000000000ad193      0x4e9 C:\Users\nxf09282\AppData\Local\Temp\cch6qjxd.ltrans29.ltrans.o
                0x00000000000ad193                os_vZCL_Task
                0x00000000000ad3fc                eZCL_CustomCommandSend.constprop.130
 .text          0x00000000000ad67c      0x2b4 C:\Users\nxf09282\AppData\Local\Temp\cch6qjxd.ltrans30.ltrans.o
                0x00000000000ad6b0                os_vzps_isrMAC
                0x00000000000ad6ef                AppWarmStart
                0x00000000000ad70b                AppColdStart
                0x00000000000ad73e                os_vUnclaimedInterrupt
                0x00000000000ad750                os_vControlledInterrupt
                0x00000000000ad789                os_vAPP_isrTickTimer
                0x00000000000ad87a                os_vAPP_isrUart
                0x00000000000ad8f4                os_vAPP_isrIllegalInstruction
                0x00000000000ad900                os_vAPP_isrBusErrorException
                0x00000000000ad90c                os_vAPP_isrAlignmentException
                0x00000000000ad918                os_vAPP_isrUnimplementedModuleException
                0x00000000000ad924                os_vAPP_isrStackOverflowException
 .text          0x00000000000ad930        0x4 C:\Users\nxf09282\AppData\Local\Temp\cch6qjxd.ltrans31.ltrans.o
                0x00000000000ad930                os_vAPP_Commission_Task
 .text          0x00000000000ad934       0x25 c:/nxp/bstudio_nxp/sdk/tools/ba-elf-ba2-r36379/bin/../lib/gcc/ba-elf/4.7.4/../../../../ba-elf/lib/mcpu_jn51xx_sizeopt\libc.a(lib_a-memcmp.o)
                0x00000000000ad934                memcmp
 .text          0x00000000000ad959       0x19 c:/nxp/bstudio_nxp/sdk/tools/ba-elf-ba2-r36379/bin/../lib/gcc/ba-elf/4.7.4/../../../../ba-elf/lib/mcpu_jn51xx_sizeopt\libc.a(lib_a-memcpy.o)
 .text          0x00000000000ad972       0x12 c:/nxp/bstudio_nxp/sdk/tools/ba-elf-ba2-r36379/bin/../lib/gcc/ba-elf/4.7.4/../../../../ba-elf/lib/mcpu_jn51xx_sizeopt\libc.a(lib_a-memset.o)
                0x00000000000ad972                memset
 .text          0x00000000000ad984       0x12 c:/nxp/bstudio_nxp/sdk/tools/ba-elf-ba2-r36379/bin/../lib/gcc/ba-elf/4.7.4/../../../../ba-elf/lib/mcpu_jn51xx_sizeopt\libc.a(lib_a-strlen.o)
                0x00000000000ad984                strlen
 .text          0x00000000000ad996       0x2b c:/nxp/bstudio_nxp/sdk/tools/ba-elf-ba2-r36379/bin/../lib/gcc/ba-elf/4.7.4/../../../../ba-elf/lib/mcpu_jn51xx_sizeopt\libc.a(lib_a-strncpy.o)
                0x00000000000ad996                strncpy
 *fill*         0x00000000000ad9c1        0x3 00
 .text          0x00000000000ad9c4      0x204 c:/nxp/bstudio_nxp/sdk/tools/ba-elf-ba2-r36379/bin/../lib/gcc/ba-elf/4.7.4/mcpu_jn51xx_sizeopt\libgcc.a(__udivsi3.o)
                0x00000000000ad9c4                __udivsi3
 .text          0x00000000000adbc8       0x30 c:/nxp/bstudio_nxp/sdk/tools/ba-elf-ba2-r36379/bin/../lib/gcc/ba-elf/4.7.4/mcpu_jn51xx_sizeopt\libgcc.a(__divsi3.o)
                0x00000000000adbc8                __divsi3
 .text          0x00000000000adbf8      0x1b0 c:/nxp/bstudio_nxp/sdk/tools/ba-elf-ba2-r36379/bin/../lib/gcc/ba-elf/4.7.4/mcpu_jn51xx_sizeopt\libgcc.a(__umodsi3.o)
                0x00000000000adbf8                __umodsi3
 .text          0x00000000000adda8       0x24 c:/nxp/bstudio_nxp/sdk/tools/ba-elf-ba2-r36379/bin/../lib/gcc/ba-elf/4.7.4/mcpu_jn51xx_sizeopt\libgcc.a(__modsi3.o)
                0x00000000000adda8                __modsi3
 .text          0x00000000000addcc      0x350 c:/nxp/bstudio_nxp/sdk/tools/ba-elf-ba2-r36379/bin/../lib/gcc/ba-elf/4.7.4/mcpu_jn51xx_sizeopt\libgcc.a(_udivdi3.o)
                0x00000000000addcc                __udivdi3
 *fill*         0x00000000000ae11c        0x4 00
 .text          0x00000000000ae120      0x148 os_irq.o
                0x00000000000ae120                os_ExternalException_W
                0x00000000000ae164                os_PIC_ChannelPriorities
                0x00000000000ae174                os_OSMIUM_HwVectTable
                0x00000000000ae1b0                os_PIC_SwVectTable
 .text          0x00000000000ae268       0x29 os_irq_alignment.o
                0x00000000000ae268                IRQ_Alignment
 .text          0x00000000000ae291       0x29 os_irq_buserror.o
                0x00000000000ae291                IRQ_BusError
 .text          0x00000000000ae2ba       0x29 os_irq_illegalinstruction.o
                0x00000000000ae2ba                IRQ_IllegalInstruction
 .text          0x00000000000ae2e3       0x29 os_irq_stackoverflowexception.o
                0x00000000000ae2e3                IRQ_StackOverflowException
 .text          0x00000000000ae30c       0x29 os_irq_unimplementedmodule.o
                0x00000000000ae30c                IRQ_UnimplementedModule
 *fill*         0x00000000000ae335        0x3 00
 .text          0x00000000000ae338       0xc0 c:/NXP/bstudio_nxp/workspace/JN-AN-1223-ZigBee-IoT-Gateway-Control-Bridge/Admin/JN-AN-1223-ZigBee-IoT-Gateway-Control-Bridge-v1011/../../../../sdk/JN-SW-4168/Components/Library\libOS_JN516x.a(os_contirq_JN516x.o)
                0x00000000000ae338                os_ExternalException_R
                0x00000000000ae368                os_CFunc_W
                0x00000000000ae3b8                os_UnclaimedException_W
                0x00000000000ae3d8                os_UnclaimedInterrupt_W
 .text          0x00000000000ae3f8       0x48 c:/NXP/bstudio_nxp/workspace/JN-AN-1223-ZigBee-IoT-Gateway-Control-Bridge/Admin/JN-AN-1223-ZigBee-IoT-Gateway-Control-Bridge-v1011/../../../../sdk/JN-SW-4168/Components/Library\libPWRM_JN516x.a(pwrm_setjmp_JN516x.o)
                0x00000000000ae3f8                setjmp
                0x00000000000ae41c                PWRM_longjmp
 .text          0x00000000000ae440       0x27 c:/NXP/bstudio_nxp/workspace/JN-AN-1223-ZigBee-IoT-Gateway-Control-Bridge/Admin/JN-AN-1223-ZigBee-IoT-Gateway-Control-Bridge-v1011/../../../../sdk/JN-SW-4168/Components/Library\libHardwareApi_JN516x.a(AHI_Interrupt.o)
                0x00000000000ae440                vAHI_InterruptSetPriority
                0x00000000000ae45e                vAHI_InterruptSetActivePriorityLevel
 .text.vMicroSyscall
                0x00000000000ae467       0x17 c:/NXP/bstudio_nxp/workspace/JN-AN-1223-ZigBee-IoT-Gateway-Control-Bridge/Admin/JN-AN-1223-ZigBee-IoT-Gateway-Control-Bridge-v1011/../../../../sdk/JN-SW-4168/Components/Library\libMicroSpecific_JN516x.a(MicroSyscall_ba.o)
                0x00000000000ae467                vMicroSyscall
 .text          0x00000000000ae47e        0x0 c:/NXP/bstudio_nxp/workspace/JN-AN-1223-ZigBee-IoT-Gateway-Control-Bridge/Admin/JN-AN-1223-ZigBee-IoT-Gateway-Control-Bridge-v1011/../../../../sdk/JN-SW-4168/Components/Library\libOS_JN516x.a(os_version_lc.o)
                0x00000000000ae47e                OS_Version_1v2
 .text          0x00000000000ae47e        0x0 c:/NXP/bstudio_nxp/workspace/JN-AN-1223-ZigBee-IoT-Gateway-Control-Bridge/Admin/JN-AN-1223-ZigBee-IoT-Gateway-Control-Bridge-v1011/../../../../sdk/JN-SW-4168/Components/Library\libZPSAPL_JN516x.a(zps_apl_version_lc.o)
                0x00000000000ae47e                ZPS_APL_Version_2v0
 .text          0x00000000000ae47e        0x0 c:/NXP/bstudio_nxp/workspace/JN-AN-1223-ZigBee-IoT-Gateway-Control-Bridge/Admin/JN-AN-1223-ZigBee-IoT-Gateway-Control-Bridge-v1011/../../../../sdk/JN-SW-4168/Components/Library\libZPSNWK_JN516x.a(zps_nwk_version_lc.o)
                0x00000000000ae47e                ZPS_NWK_Version_2v0
                0x00000000000ae47e                _flash_end = ABSOLUTE (.)

.rela.dyn       0x00000000000ae480        0x0
 .rela.text     0x0000000000000000        0x0 os_irq.o
 .rela.data     0x0000000000000000        0x0 os_irq.o
 .rela.text.unlikely
                0x0000000000000000        0x0 os_irq.o
 .rela.rodata   0x0000000000000000        0x0 os_irq.o
                0x000000000400004c                . = ORIGIN (ram)

.data           0x000000000400004c      0x94c load address 0x00000000000ae480
                0x000000000400004c                _ram_data_start = ABSOLUTE (.)
 *(.data*)
 .data          0x000000000400004c       0x10 C:\Users\nxf09282\AppData\Local\Temp\cch6qjxd.ltrans0.ltrans.o
                0x000000000400004c                sZllState
 .data          0x000000000400005c      0x1d0 C:\Users\nxf09282\AppData\Local\Temp\cch6qjxd.ltrans1.ltrans.o
                0x000000000400005c                sCLD_Groups
 *fill*         0x000000000400022c        0x4 00
 .data          0x0000000004000230       0x28 C:\Users\nxf09282\AppData\Local\Temp\cch6qjxd.ltrans2.ltrans.o
                0x0000000004000230                sDeviceTable
                0x0000000004000248                s_sLedState
 .data          0x0000000004000258        0x4 C:\Users\nxf09282\AppData\Local\Temp\cch6qjxd.ltrans3.ltrans.o
                0x0000000004000258                u32HeapStart
 .data          0x000000000400025c       0x10 C:\Users\nxf09282\AppData\Local\Temp\cch6qjxd.ltrans5.ltrans.o
 .data          0x000000000400026c       0x24 C:\Users\nxf09282\AppData\Local\Temp\cch6qjxd.ltrans15.ltrans.o
                0x000000000400026c                sCertKey.9571
                0x000000000400027c                sMasterKey.9572
 .data          0x0000000004000290        0x8 C:\Users\nxf09282\AppData\Local\Temp\cch6qjxd.ltrans19.ltrans.o
                0x0000000004000290                u8MiniMacConfig_MaxConcurrentAssocResponses
                0x0000000004000294                psShadowRxBuffer
 .data          0x0000000004000298        0xc C:\Users\nxf09282\AppData\Local\Temp\cch6qjxd.ltrans23.ltrans.o
                0x0000000004000298                u8AhiBaudRate.184729
                0x000000000400029c                s_prbMemberCheck.100066
                0x00000000040002a0                g_u8ZpsExpiryMaxCount
 .data          0x00000000040002a4        0x4 C:\Users\nxf09282\AppData\Local\Temp\cch6qjxd.ltrans24.ltrans.o
                0x00000000040002a4                bCanLoopback.106043
 .data          0x00000000040002a8       0x60 C:\Users\nxf09282\AppData\Local\Temp\cch6qjxd.ltrans26.ltrans.o
                0x00000000040002a8                s_asapdujumboInstances
                0x00000000040002c0                s_asapduZDPInstances
 .data          0x0000000004000308        0x1 C:\Users\nxf09282\AppData\Local\Temp\cch6qjxd.ltrans27.ltrans.o
 *fill*         0x0000000004000309        0x7 00
 .data          0x0000000004000310      0x670 C:\Users\nxf09282\AppData\Local\Temp\cch6qjxd.ltrans30.ltrans.o
                0x0000000004000310                s_keyPairTableStorage.3141
                0x0000000004000370                os_Mutex_mutexMAC
                0x0000000004000378                os_Mutex_mutexZPS
                0x0000000004000380                s_sApl.3093
                0x00000000040004d0                os_Message_APP_msgZpsEvents
                0x00000000040004f4                os_Message_APP_msgEvents
                0x0000000004000518                os_Message_APP_CommissionEvents
                0x000000000400053c                os_Message_APP_msgZpsEvents_ZCL
                0x0000000004000560                os_Task_zps_taskZPS
                0x000000000400056c                os_Task_APP_taskAtParser
                0x0000000004000578                s_asTasks.1365
                0x0000000004000594                os_SWTimer_APP_cntrTickTimer_APP_tmrToggleLED
                0x00000000040005b0                os_SWTimer_APP_cntrTickTimer_APP_CommissionTimer
                0x00000000040005cc                os_SWTimer_APP_cntrTickTimer_APP_TickTimer
                0x00000000040005e8                os_SWTimer_APP_cntrTickTimer_APP_IdTimer
                0x0000000004000604                os_SWTimer_APP_cntrTickTimer_App_HAModeTimer
                0x0000000004000620                os_Message_APP_msgSerialTx
                0x0000000004000644                s_prvErrorHook.100064
 .data.s_asAPduPool
                0x0000000004000980       0x18 pdum_apdu.o
                0x0000000004000980                pdum_apduZDP
                0x0000000004000980                s_asAPduPool
                0x000000000400098c                pdum_apdujumbo
 *(.data.*)
                0x0000000004000998                . = ALIGN (0x4)
                0x0000000004000998                _ram_data_end = ABSOLUTE (.)

.bss            0x0000000004000998     0x5448 load address 0x00000000000aedcc
                0x0000000004000998                _bss_start = ABSOLUTE (.)
 *(.bss*)
 .bss           0x0000000004000998      0xd80 C:\Users\nxf09282\AppData\Local\Temp\cch6qjxd.ltrans0.ltrans.o
                0x0000000004000998                sMiniMacPib
                0x0000000004000a34                pfTKDfunc
                0x0000000004000a38                psZCL_Common
                0x0000000004000a3c                bBlackListEnable
                0x0000000004000a3d                bSendFactoryResetOverAir
                0x0000000004000a40                u32OldFrameCtr
                0x0000000004000a44                bResetIssued
                0x0000000004000a48                sDeviceDesc
                0x0000000004000a4c                u32ChannelMask
                0x0000000004000a50                sControlBridge
                0x00000000040015f0                sCommission
                0x0000000004001608                au8LinkRxBuffer
 .bss           0x0000000004001718      0xf88 C:\Users\nxf09282\AppData\Local\Temp\cch6qjxd.ltrans1.ltrans.o
                0x0000000004001718                gu16NumberOfSegments.210136
                0x000000000400171c                psPDM_Common
                0x0000000004001720                s_psNPduPoolEnd.100381
                0x0000000004001724                s_psNPduPoolStart.100380
                0x0000000004001728                s_psFreeListHead.100377
                0x000000000400172c                s_hMutex.100376
                0x0000000004001730                s_hMutex.100496
                0x0000000004001734                s_asAPduPool.100495
                0x0000000004001738                sScenesCustomData.12324
                0x0000000004001748                psAplDefaultZLLAPSLinkKey
                0x000000000400174c                pfExtendedStatusCallBack.189077
                0x0000000004001750                sReversedMacAddr.208516
                0x0000000004001758                sThisDeviceMacAddr
 .bss           0x00000000040026a0       0x10 C:\Users\nxf09282\AppData\Local\Temp\cch6qjxd.ltrans2.ltrans.o
                0x00000000040026a0                u8Count.100378
                0x00000000040026a1                u8MaxNpdu.100379
                0x00000000040026a2                u8ApduCount.100497
                0x00000000040026a3                u8MaxApdu.100498
                0x00000000040026a4                u8JoinedDevice
                0x00000000040026a8                bSecondDisc.14247.8553
 .bss           0x00000000040026b0        0x8 C:\Users\nxf09282\AppData\Local\Temp\cch6qjxd.ltrans3.ltrans.o
 .bss           0x00000000040026b8       0x10 C:\Users\nxf09282\AppData\Local\Temp\cch6qjxd.ltrans4.ltrans.o
                0x00000000040026b8                eMMacModuleType
                0x00000000040026bc                prIntHandler.208883
                0x00000000040026c0                psTimerServerList
 .bss.initinboot
                0x00000000040026c8        0x1 C:\Users\nxf09282\AppData\Local\Temp\cch6qjxd.ltrans4.ltrans.o
 *fill*         0x00000000040026c9        0x7 00
 .bss           0x00000000040026d0       0x18 C:\Users\nxf09282\AppData\Local\Temp\cch6qjxd.ltrans5.ltrans.o
 .bss           0x00000000040026e8       0x18 C:\Users\nxf09282\AppData\Local\Temp\cch6qjxd.ltrans6.ltrans.o